device=AMD Radeon RX 9070 XT arch=gfx1201 MPs=32
FEED reg_vs_model slot=0 resident4 Astep=0 Bstep=0 us=15.903 TF=337.594 check=PASS
FEED reg_vs_model slot=1 model4 Astep=1023 Bstep=1023 us=59.706 TF=89.919 check=PASS
FEED reg_vs_model slot=2 model4 Astep=1023 Bstep=1023 us=59.217 TF=90.661 check=PASS
FEED reg_vs_model slot=3 resident4 Astep=0 Bstep=0 us=16.237 TF=330.656 check=PASS
FEED reg_vs_model slot=4 resident4 Astep=0 Bstep=0 us=16.188 TF=331.645 check=PASS
FEED reg_vs_model slot=5 model4 Astep=1023 Bstep=1023 us=60.719 TF=88.420 check=PASS
FEED reg_vs_model slot=6 model4 Astep=1023 Bstep=1023 us=59.966 TF=89.530 check=PASS
FEED reg_vs_model slot=7 resident4 Astep=0 Bstep=0 us=16.248 TF=330.422 check=PASS
FEED mask_control slot=0 model4 Astep=1023 Bstep=1023 us=60.597 TF=88.597 check=PASS
FEED mask_control slot=1 masked4 Astep=1023 Bstep=1023 us=67.690 TF=79.314 check=PASS
FEED mask_control slot=2 masked4 Astep=1023 Bstep=1023 us=67.620 TF=79.395 check=PASS
FEED mask_control slot=3 model4 Astep=1023 Bstep=1023 us=60.226 TF=89.143 check=PASS
FEED mask_control slot=4 model4 Astep=1023 Bstep=1023 us=59.932 TF=89.579 check=PASS
FEED mask_control slot=5 masked4 Astep=1023 Bstep=1023 us=67.645 TF=79.366 check=PASS
FEED mask_control slot=6 masked4 Astep=1023 Bstep=1023 us=67.504 TF=79.532 check=PASS
FEED mask_control slot=7 model4 Astep=1023 Bstep=1023 us=60.579 TF=88.623 check=PASS
FEED both_address slot=0 masked4 Astep=0 Bstep=0 us=21.211 TF=253.106 check=PASS
FEED both_address slot=1 masked4 Astep=1023 Bstep=1023 us=47.304 TF=113.493 check=PASS
FEED both_address slot=2 masked4 Astep=1023 Bstep=1023 us=67.196 TF=79.896 check=PASS
FEED both_address slot=3 masked4 Astep=0 Bstep=0 us=21.250 TF=252.649 check=PASS
FEED both_address slot=4 masked4 Astep=0 Bstep=0 us=21.295 TF=252.110 check=PASS
FEED both_address slot=5 masked4 Astep=1023 Bstep=1023 us=66.550 TF=80.671 check=PASS
FEED both_address slot=6 masked4 Astep=1023 Bstep=1023 us=65.785 TF=81.610 check=PASS
FEED both_address slot=7 masked4 Astep=0 Bstep=0 us=21.281 TF=252.273 check=PASS
FEED A_address slot=0 masked4 Astep=0 Bstep=1023 us=81.189 TF=66.126 check=PASS
FEED A_address slot=1 masked4 Astep=1023 Bstep=1023 us=67.118 TF=79.990 check=PASS
FEED A_address slot=2 masked4 Astep=1023 Bstep=1023 us=66.336 TF=80.932 check=PASS
FEED A_address slot=3 masked4 Astep=0 Bstep=1023 us=81.244 TF=66.081 check=PASS
FEED A_address slot=4 masked4 Astep=0 Bstep=1023 us=81.199 TF=66.118 check=PASS
FEED A_address slot=5 masked4 Astep=1023 Bstep=1023 us=67.861 TF=79.114 check=PASS
FEED A_address slot=6 masked4 Astep=1023 Bstep=1023 us=66.797 TF=80.374 check=PASS
FEED A_address slot=7 masked4 Astep=0 Bstep=1023 us=80.585 TF=66.621 check=PASS
FEED B_address slot=0 masked4 Astep=1023 Bstep=0 us=23.099 TF=232.420 check=PASS
FEED B_address slot=1 masked4 Astep=1023 Bstep=1023 us=65.746 TF=81.659 check=PASS
FEED B_address slot=2 masked4 Astep=1023 Bstep=1023 us=65.711 TF=81.702 check=PASS
FEED B_address slot=3 masked4 Astep=1023 Bstep=0 us=23.056 TF=232.853 check=PASS
FEED B_address slot=4 masked4 Astep=1023 Bstep=0 us=23.053 TF=232.890 check=PASS
FEED B_address slot=5 masked4 Astep=1023 Bstep=1023 us=65.679 TF=81.742 check=PASS
FEED B_address slot=6 masked4 Astep=1023 Bstep=1023 us=66.066 TF=81.263 check=PASS
FEED B_address slot=7 masked4 Astep=1023 Bstep=0 us=23.031 TF=233.109 check=PASS
FEED chains1_4 slot=0 resident1 Astep=0 Bstep=0 us=15.383 TF=349.012 check=PASS
FEED chains1_4 slot=1 resident4 Astep=0 Bstep=0 us=16.181 TF=331.793 check=PASS
FEED chains1_4 slot=2 resident4 Astep=0 Bstep=0 us=16.191 TF=331.596 check=PASS
FEED chains1_4 slot=3 resident1 Astep=0 Bstep=0 us=15.395 TF=348.732 check=PASS
FEED chains1_4 slot=4 resident1 Astep=0 Bstep=0 us=15.406 TF=348.479 check=PASS
FEED chains1_4 slot=5 resident4 Astep=0 Bstep=0 us=16.205 TF=331.293 check=PASS
FEED chains1_4 slot=6 resident4 Astep=0 Bstep=0 us=16.176 TF=331.902 check=PASS
FEED chains1_4 slot=7 resident1 Astep=0 Bstep=0 us=15.418 TF=348.214 check=PASS
FEED chains2_4 slot=0 resident2 Astep=0 Bstep=0 us=16.046 TF=334.573 check=PASS
FEED chains2_4 slot=1 resident4 Astep=0 Bstep=0 us=16.193 TF=331.548 check=PASS
FEED chains2_4 slot=2 resident4 Astep=0 Bstep=0 us=16.171 TF=331.997 check=PASS
FEED chains2_4 slot=3 resident2 Astep=0 Bstep=0 us=16.075 TF=333.978 check=PASS
FEED chains2_4 slot=4 resident2 Astep=0 Bstep=0 us=16.074 TF=333.991 check=PASS
FEED chains2_4 slot=5 resident4 Astep=0 Bstep=0 us=16.196 TF=331.477 check=PASS
FEED chains2_4 slot=6 resident4 Astep=0 Bstep=0 us=16.197 TF=331.462 check=PASS
FEED chains2_4 slot=7 resident2 Astep=0 Bstep=0 us=16.080 TF=333.866 check=PASS
FEED chains4_8 slot=0 resident4 Astep=0 Bstep=0 us=16.217 TF=331.052 check=PASS
FEED chains4_8 slot=1 resident8 Astep=0 Bstep=0 us=16.637 TF=322.705 check=PASS
FEED chains4_8 slot=2 resident8 Astep=0 Bstep=0 us=16.641 TF=322.629 check=PASS
FEED chains4_8 slot=3 resident4 Astep=0 Bstep=0 us=16.220 TF=330.998 check=PASS
FEED chains4_8 slot=4 resident4 Astep=0 Bstep=0 us=16.223 TF=330.935 check=PASS
FEED chains4_8 slot=5 resident8 Astep=0 Bstep=0 us=16.650 TF=322.447 check=PASS
FEED chains4_8 slot=6 resident8 Astep=0 Bstep=0 us=16.642 TF=322.591 check=PASS
FEED chains4_8 slot=7 resident4 Astep=0 Bstep=0 us=16.215 TF=331.100 check=PASS
FEED chains4_16 slot=0 resident4 Astep=0 Bstep=0 us=16.230 TF=330.797 check=PASS
FEED chains4_16 slot=1 resident16 Astep=0 Bstep=0 us=60.656 TF=88.511 check=PASS
FEED chains4_16 slot=2 resident16 Astep=0 Bstep=0 us=59.599 TF=90.080 check=PASS
FEED chains4_16 slot=3 resident4 Astep=0 Bstep=0 us=16.209 TF=331.212 check=PASS
FEED chains4_16 slot=4 resident4 Astep=0 Bstep=0 us=16.226 TF=330.878 check=PASS
FEED chains4_16 slot=5 resident16 Astep=0 Bstep=0 us=59.815 TF=89.755 check=PASS
FEED chains4_16 slot=6 resident16 Astep=0 Bstep=0 us=59.855 TF=89.695 check=PASS
FEED chains4_16 slot=7 resident4 Astep=0 Bstep=0 us=16.243 TF=330.520 check=PASS
