device=AMD Radeon RX 9070 XT arch=gfx1201 MPs=32
conditioned=1 fixed_A_bytes=655360 fixed_B_bytes=4194304 A=0000000300100000 B=0000000304000000
FEED mat_control slot=0 pair128 Astep=0 Bstep=0 us=31.347 TF=171.265 check=PASS
FEED mat_control slot=1 mat_i1 Astep=0 Bstep=0 us=31.732 TF=169.191 check=PASS
FEED mat_control slot=2 mat_i1 Astep=0 Bstep=0 us=31.484 TF=170.522 check=PASS
FEED mat_control slot=3 pair128 Astep=0 Bstep=0 us=29.879 TF=179.683 check=PASS
FEED mat_control slot=4 pair128 Astep=0 Bstep=0 us=29.674 TF=180.923 check=PASS
FEED mat_control slot=5 mat_i1 Astep=0 Bstep=0 us=30.176 TF=177.914 check=PASS
FEED mat_control slot=6 mat_i1 Astep=0 Bstep=0 us=29.831 TF=179.973 check=PASS
FEED mat_control slot=7 pair128 Astep=0 Bstep=0 us=29.692 TF=180.815 check=PASS
FEED mat_group2 slot=0 mat_i1 Astep=0 Bstep=0 us=29.618 TF=181.264 check=PASS
FEED mat_group2 slot=1 mat_i2 Astep=0 Bstep=0 us=42.939 TF=125.031 check=PASS
FEED mat_group2 slot=2 mat_i2 Astep=0 Bstep=0 us=42.942 TF=125.023 check=PASS
FEED mat_group2 slot=3 mat_i1 Astep=0 Bstep=0 us=29.455 TF=182.270 check=PASS
FEED mat_group2 slot=4 mat_i1 Astep=0 Bstep=0 us=29.583 TF=181.479 check=PASS
FEED mat_group2 slot=5 mat_i2 Astep=0 Bstep=0 us=42.987 TF=124.891 check=PASS
FEED mat_group2 slot=6 mat_i2 Astep=0 Bstep=0 us=42.942 TF=125.024 check=PASS
FEED mat_group2 slot=7 mat_i1 Astep=0 Bstep=0 us=29.503 TF=181.974 check=PASS
FEED mat_map2 slot=0 mat_i2 Astep=0 Bstep=0 us=42.822 TF=125.372 check=PASS
FEED mat_map2 slot=1 mat_m2 Astep=0 Bstep=0 us=44.576 TF=120.440 check=PASS
FEED mat_map2 slot=2 mat_m2 Astep=0 Bstep=0 us=44.636 TF=120.277 check=PASS
FEED mat_map2 slot=3 mat_i2 Astep=0 Bstep=0 us=42.904 TF=125.132 check=PASS
FEED mat_map2 slot=4 mat_i2 Astep=0 Bstep=0 us=42.855 TF=125.275 check=PASS
FEED mat_map2 slot=5 mat_m2 Astep=0 Bstep=0 us=44.623 TF=120.313 check=PASS
FEED mat_map2 slot=6 mat_m2 Astep=0 Bstep=0 us=44.340 TF=121.081 check=PASS
FEED mat_map2 slot=7 mat_i2 Astep=0 Bstep=0 us=42.850 TF=125.290 check=PASS
FEED mat_group4 slot=0 mat_i1 Astep=0 Bstep=0 us=29.559 TF=181.627 check=PASS
FEED mat_group4 slot=1 mat_i4 Astep=0 Bstep=0 us=43.592 TF=123.158 check=PASS
FEED mat_group4 slot=2 mat_i4 Astep=0 Bstep=0 us=43.605 TF=123.122 check=PASS
FEED mat_group4 slot=3 mat_i1 Astep=0 Bstep=0 us=29.430 TF=182.422 check=PASS
FEED mat_group4 slot=4 mat_i1 Astep=0 Bstep=0 us=29.471 TF=182.172 check=PASS
FEED mat_group4 slot=5 mat_i4 Astep=0 Bstep=0 us=43.536 TF=123.316 check=PASS
FEED mat_group4 slot=6 mat_i4 Astep=0 Bstep=0 us=43.336 TF=123.884 check=PASS
FEED mat_group4 slot=7 mat_i1 Astep=0 Bstep=0 us=29.445 TF=182.331 check=PASS
FEED mat_map4 slot=0 mat_i4 Astep=0 Bstep=0 us=43.660 TF=122.965 check=PASS
FEED mat_map4 slot=1 mat_m4 Astep=0 Bstep=0 us=45.843 TF=117.111 check=PASS
FEED mat_map4 slot=2 mat_m4 Astep=0 Bstep=0 us=45.830 TF=117.143 check=PASS
FEED mat_map4 slot=3 mat_i4 Astep=0 Bstep=0 us=43.571 TF=123.218 check=PASS
FEED mat_map4 slot=4 mat_i4 Astep=0 Bstep=0 us=43.410 TF=123.676 check=PASS
FEED mat_map4 slot=5 mat_m4 Astep=0 Bstep=0 us=45.650 TF=117.605 check=PASS
FEED mat_map4 slot=6 mat_m4 Astep=0 Bstep=0 us=45.922 TF=116.909 check=PASS
FEED mat_map4 slot=7 mat_i4 Astep=0 Bstep=0 us=43.494 TF=123.434 check=PASS
FEED mat_group8 slot=0 mat_i1 Astep=0 Bstep=0 us=29.355 TF=182.887 check=PASS
FEED mat_group8 slot=1 mat_i8 Astep=0 Bstep=0 us=46.851 TF=114.590 check=PASS
FEED mat_group8 slot=2 mat_i8 Astep=0 Bstep=0 us=46.886 TF=114.506 check=PASS
FEED mat_group8 slot=3 mat_i1 Astep=0 Bstep=0 us=29.434 TF=182.399 check=PASS
FEED mat_group8 slot=4 mat_i1 Astep=0 Bstep=0 us=29.318 TF=183.120 check=PASS
FEED mat_group8 slot=5 mat_i8 Astep=0 Bstep=0 us=46.998 TF=114.232 check=PASS
FEED mat_group8 slot=6 mat_i8 Astep=0 Bstep=0 us=46.870 TF=114.544 check=PASS
FEED mat_group8 slot=7 mat_i1 Astep=0 Bstep=0 us=29.370 TF=182.795 check=PASS
FEED mat_map8 slot=0 mat_i8 Astep=0 Bstep=0 us=46.852 TF=114.590 check=PASS
FEED mat_map8 slot=1 mat_m8 Astep=0 Bstep=0 us=46.701 TF=114.960 check=PASS
FEED mat_map8 slot=2 mat_m8 Astep=0 Bstep=0 us=46.700 TF=114.963 check=PASS
FEED mat_map8 slot=3 mat_i8 Astep=0 Bstep=0 us=46.957 TF=114.334 check=PASS
FEED mat_map8 slot=4 mat_i8 Astep=0 Bstep=0 us=46.977 TF=114.283 check=PASS
FEED mat_map8 slot=5 mat_m8 Astep=0 Bstep=0 us=46.763 TF=114.808 check=PASS
FEED mat_map8 slot=6 mat_m8 Astep=0 Bstep=0 us=46.492 TF=115.477 check=PASS
FEED mat_map8 slot=7 mat_i8 Astep=0 Bstep=0 us=47.011 TF=114.200 check=PASS
FEED load_control slot=0 pair128_loadonly_multi Astep=0 Bstep=0 us=37.653 TF=0.000 check=PASS
FEED load_control slot=1 load_i1 Astep=0 Bstep=0 us=37.451 TF=0.000 check=PASS
FEED load_control slot=2 load_i1 Astep=0 Bstep=0 us=37.349 TF=0.000 check=PASS
FEED load_control slot=3 pair128_loadonly_multi Astep=0 Bstep=0 us=37.822 TF=0.000 check=PASS
FEED load_control slot=4 pair128_loadonly_multi Astep=0 Bstep=0 us=37.580 TF=0.000 check=PASS
FEED load_control slot=5 load_i1 Astep=0 Bstep=0 us=37.550 TF=0.000 check=PASS
FEED load_control slot=6 load_i1 Astep=0 Bstep=0 us=37.494 TF=0.000 check=PASS
FEED load_control slot=7 pair128_loadonly_multi Astep=0 Bstep=0 us=37.732 TF=0.000 check=PASS
FEED load_group2 slot=0 load_i1 Astep=0 Bstep=0 us=37.385 TF=0.000 check=PASS
FEED load_group2 slot=1 load_i2 Astep=0 Bstep=0 us=39.311 TF=0.000 check=PASS
FEED load_group2 slot=2 load_i2 Astep=0 Bstep=0 us=38.278 TF=0.000 check=PASS
FEED load_group2 slot=3 load_i1 Astep=0 Bstep=0 us=37.627 TF=0.000 check=PASS
FEED load_group2 slot=4 load_i1 Astep=0 Bstep=0 us=37.511 TF=0.000 check=PASS
FEED load_group2 slot=5 load_i2 Astep=0 Bstep=0 us=39.178 TF=0.000 check=PASS
FEED load_group2 slot=6 load_i2 Astep=0 Bstep=0 us=39.104 TF=0.000 check=PASS
FEED load_group2 slot=7 load_i1 Astep=0 Bstep=0 us=37.443 TF=0.000 check=PASS
FEED load_map2 slot=0 load_i2 Astep=0 Bstep=0 us=39.256 TF=0.000 check=PASS
FEED load_map2 slot=1 load_m2 Astep=0 Bstep=0 us=40.900 TF=0.000 check=PASS
FEED load_map2 slot=2 load_m2 Astep=0 Bstep=0 us=40.939 TF=0.000 check=PASS
FEED load_map2 slot=3 load_i2 Astep=0 Bstep=0 us=39.097 TF=0.000 check=PASS
FEED load_map2 slot=4 load_i2 Astep=0 Bstep=0 us=39.267 TF=0.000 check=PASS
FEED load_map2 slot=5 load_m2 Astep=0 Bstep=0 us=40.884 TF=0.000 check=PASS
FEED load_map2 slot=6 load_m2 Astep=0 Bstep=0 us=40.899 TF=0.000 check=PASS
FEED load_map2 slot=7 load_i2 Astep=0 Bstep=0 us=39.281 TF=0.000 check=PASS
FEED load_group4 slot=0 load_i1 Astep=0 Bstep=0 us=37.303 TF=0.000 check=PASS
FEED load_group4 slot=1 load_i4 Astep=0 Bstep=0 us=39.253 TF=0.000 check=PASS
FEED load_group4 slot=2 load_i4 Astep=0 Bstep=0 us=39.304 TF=0.000 check=PASS
FEED load_group4 slot=3 load_i1 Astep=0 Bstep=0 us=37.350 TF=0.000 check=PASS
FEED load_group4 slot=4 load_i1 Astep=0 Bstep=0 us=37.395 TF=0.000 check=PASS
FEED load_group4 slot=5 load_i4 Astep=0 Bstep=0 us=39.287 TF=0.000 check=PASS
FEED load_group4 slot=6 load_i4 Astep=0 Bstep=0 us=39.217 TF=0.000 check=PASS
FEED load_group4 slot=7 load_i1 Astep=0 Bstep=0 us=37.360 TF=0.000 check=PASS
FEED load_map4 slot=0 load_i4 Astep=0 Bstep=0 us=39.227 TF=0.000 check=PASS
FEED load_map4 slot=1 load_m4 Astep=0 Bstep=0 us=41.889 TF=0.000 check=PASS
FEED load_map4 slot=2 load_m4 Astep=0 Bstep=0 us=41.862 TF=0.000 check=PASS
FEED load_map4 slot=3 load_i4 Astep=0 Bstep=0 us=39.208 TF=0.000 check=PASS
FEED load_map4 slot=4 load_i4 Astep=0 Bstep=0 us=39.265 TF=0.000 check=PASS
FEED load_map4 slot=5 load_m4 Astep=0 Bstep=0 us=41.919 TF=0.000 check=PASS
FEED load_map4 slot=6 load_m4 Astep=0 Bstep=0 us=41.813 TF=0.000 check=PASS
FEED load_map4 slot=7 load_i4 Astep=0 Bstep=0 us=39.071 TF=0.000 check=PASS
FEED load_group8 slot=0 load_i1 Astep=0 Bstep=0 us=37.468 TF=0.000 check=PASS
FEED load_group8 slot=1 load_i8 Astep=0 Bstep=0 us=44.452 TF=0.000 check=PASS
FEED load_group8 slot=2 load_i8 Astep=0 Bstep=0 us=44.515 TF=0.000 check=PASS
FEED load_group8 slot=3 load_i1 Astep=0 Bstep=0 us=37.319 TF=0.000 check=PASS
FEED load_group8 slot=4 load_i1 Astep=0 Bstep=0 us=37.573 TF=0.000 check=PASS
FEED load_group8 slot=5 load_i8 Astep=0 Bstep=0 us=44.212 TF=0.000 check=PASS
FEED load_group8 slot=6 load_i8 Astep=0 Bstep=0 us=44.334 TF=0.000 check=PASS
FEED load_group8 slot=7 load_i1 Astep=0 Bstep=0 us=37.414 TF=0.000 check=PASS
FEED load_map8 slot=0 load_i8 Astep=0 Bstep=0 us=44.512 TF=0.000 check=PASS
FEED load_map8 slot=1 load_m8 Astep=0 Bstep=0 us=41.995 TF=0.000 check=PASS
FEED load_map8 slot=2 load_m8 Astep=0 Bstep=0 us=41.821 TF=0.000 check=PASS
FEED load_map8 slot=3 load_i8 Astep=0 Bstep=0 us=44.482 TF=0.000 check=PASS
FEED load_map8 slot=4 load_i8 Astep=0 Bstep=0 us=44.498 TF=0.000 check=PASS
FEED load_map8 slot=5 load_m8 Astep=0 Bstep=0 us=41.897 TF=0.000 check=PASS
FEED load_map8 slot=6 load_m8 Astep=0 Bstep=0 us=41.899 TF=0.000 check=PASS
FEED load_map8 slot=7 load_i8 Astep=0 Bstep=0 us=44.526 TF=0.000 check=PASS
