device=AMD Radeon RX 9070 XT arch=gfx1201 MPs=32
conditioned=1
FEED reg_vs_model slot=0 resident4 Astep=0 Bstep=0 us=10.552 TF=317.985 check=PASS
FEED reg_vs_model slot=1 model4 Astep=1023 Bstep=1023 us=32.130 TF=104.433 check=PASS
FEED reg_vs_model slot=2 model4 Astep=1023 Bstep=1023 us=33.167 TF=101.170 check=PASS
FEED reg_vs_model slot=3 resident4 Astep=0 Bstep=0 us=10.609 TF=316.296 check=PASS
FEED reg_vs_model slot=4 resident4 Astep=0 Bstep=0 us=10.626 TF=315.770 check=PASS
FEED reg_vs_model slot=5 model4 Astep=1023 Bstep=1023 us=32.860 TF=102.112 check=PASS
FEED reg_vs_model slot=6 model4 Astep=1023 Bstep=1023 us=32.790 TF=102.332 check=PASS
FEED reg_vs_model slot=7 resident4 Astep=0 Bstep=0 us=10.606 TF=316.366 check=PASS
FEED mask_control slot=0 model4 Astep=1023 Bstep=1023 us=32.695 TF=102.630 check=PASS
FEED mask_control slot=1 masked4 Astep=1023 Bstep=1023 us=38.534 TF=87.077 check=PASS
FEED mask_control slot=2 masked4 Astep=1023 Bstep=1023 us=38.850 TF=86.369 check=PASS
FEED mask_control slot=3 model4 Astep=1023 Bstep=1023 us=32.712 TF=102.574 check=PASS
FEED mask_control slot=4 model4 Astep=1023 Bstep=1023 us=32.640 TF=102.801 check=PASS
FEED mask_control slot=5 masked4 Astep=1023 Bstep=1023 us=38.831 TF=86.411 check=PASS
FEED mask_control slot=6 masked4 Astep=1023 Bstep=1023 us=39.037 TF=85.957 check=PASS
FEED mask_control slot=7 model4 Astep=1023 Bstep=1023 us=32.801 TF=102.298 check=PASS
FEED both_address slot=0 masked4 Astep=0 Bstep=0 us=17.166 TF=195.467 check=PASS
FEED both_address slot=1 masked4 Astep=1023 Bstep=1023 us=38.882 TF=86.298 check=PASS
FEED both_address slot=2 masked4 Astep=1023 Bstep=1023 us=38.929 TF=86.194 check=PASS
FEED both_address slot=3 masked4 Astep=0 Bstep=0 us=17.007 TF=197.301 check=PASS
FEED both_address slot=4 masked4 Astep=0 Bstep=0 us=16.993 TF=197.459 check=PASS
FEED both_address slot=5 masked4 Astep=1023 Bstep=1023 us=39.032 TF=85.967 check=PASS
FEED both_address slot=6 masked4 Astep=1023 Bstep=1023 us=38.932 TF=86.187 check=PASS
FEED both_address slot=7 masked4 Astep=0 Bstep=0 us=17.154 TF=195.603 check=PASS
FEED A_address slot=0 masked4 Astep=0 Bstep=1023 us=39.181 TF=85.639 check=PASS
FEED A_address slot=1 masked4 Astep=1023 Bstep=1023 us=39.010 TF=86.016 check=PASS
FEED A_address slot=2 masked4 Astep=1023 Bstep=1023 us=39.028 TF=85.975 check=PASS
FEED A_address slot=3 masked4 Astep=0 Bstep=1023 us=39.127 TF=85.758 check=PASS
FEED A_address slot=4 masked4 Astep=0 Bstep=1023 us=39.146 TF=85.716 check=PASS
FEED A_address slot=5 masked4 Astep=1023 Bstep=1023 us=38.903 TF=86.252 check=PASS
FEED A_address slot=6 masked4 Astep=1023 Bstep=1023 us=38.547 TF=87.047 check=PASS
FEED A_address slot=7 masked4 Astep=0 Bstep=1023 us=39.201 TF=85.597 check=PASS
FEED B_address slot=0 masked4 Astep=1023 Bstep=0 us=17.522 TF=191.497 check=PASS
FEED B_address slot=1 masked4 Astep=1023 Bstep=1023 us=38.360 TF=87.472 check=PASS
FEED B_address slot=2 masked4 Astep=1023 Bstep=1023 us=38.709 TF=86.683 check=PASS
FEED B_address slot=3 masked4 Astep=1023 Bstep=0 us=17.761 TF=188.923 check=PASS
FEED B_address slot=4 masked4 Astep=1023 Bstep=0 us=17.657 TF=190.036 check=PASS
FEED B_address slot=5 masked4 Astep=1023 Bstep=1023 us=38.895 TF=86.268 check=PASS
FEED B_address slot=6 masked4 Astep=1023 Bstep=1023 us=38.678 TF=86.754 check=PASS
FEED B_address slot=7 masked4 Astep=1023 Bstep=0 us=17.814 TF=188.360 check=PASS
FEED chains1_4 slot=0 resident1 Astep=0 Bstep=0 us=10.056 TF=333.687 check=PASS
FEED chains1_4 slot=1 resident4 Astep=0 Bstep=0 us=10.597 TF=316.634 check=PASS
FEED chains1_4 slot=2 resident4 Astep=0 Bstep=0 us=10.573 TF=317.370 check=PASS
FEED chains1_4 slot=3 resident1 Astep=0 Bstep=0 us=10.066 TF=333.351 check=PASS
FEED chains1_4 slot=4 resident1 Astep=0 Bstep=0 us=10.053 TF=333.779 check=PASS
FEED chains1_4 slot=5 resident4 Astep=0 Bstep=0 us=10.579 TF=317.169 check=PASS
FEED chains1_4 slot=6 resident4 Astep=0 Bstep=0 us=10.592 TF=316.796 check=PASS
FEED chains1_4 slot=7 resident1 Astep=0 Bstep=0 us=10.050 TF=333.886 check=PASS
FEED chains2_4 slot=0 resident2 Astep=0 Bstep=0 us=10.483 TF=320.079 check=PASS
FEED chains2_4 slot=1 resident4 Astep=0 Bstep=0 us=10.588 TF=316.916 check=PASS
FEED chains2_4 slot=2 resident4 Astep=0 Bstep=0 us=10.581 TF=317.124 check=PASS
FEED chains2_4 slot=3 resident2 Astep=0 Bstep=0 us=10.466 TF=320.612 check=PASS
FEED chains2_4 slot=4 resident2 Astep=0 Bstep=0 us=10.476 TF=320.308 check=PASS
FEED chains2_4 slot=5 resident4 Astep=0 Bstep=0 us=10.574 TF=317.336 check=PASS
FEED chains2_4 slot=6 resident4 Astep=0 Bstep=0 us=10.577 TF=317.238 check=PASS
FEED chains2_4 slot=7 resident2 Astep=0 Bstep=0 us=10.476 TF=320.299 check=PASS
FEED chains4_8 slot=0 resident4 Astep=0 Bstep=0 us=10.603 TF=316.474 check=PASS
FEED chains4_8 slot=1 resident8 Astep=0 Bstep=0 us=10.871 TF=308.656 check=PASS
FEED chains4_8 slot=2 resident8 Astep=0 Bstep=0 us=10.883 TF=308.318 check=PASS
FEED chains4_8 slot=3 resident4 Astep=0 Bstep=0 us=10.586 TF=316.963 check=PASS
FEED chains4_8 slot=4 resident4 Astep=0 Bstep=0 us=10.581 TF=317.130 check=PASS
FEED chains4_8 slot=5 resident8 Astep=0 Bstep=0 us=10.846 TF=309.358 check=PASS
FEED chains4_8 slot=6 resident8 Astep=0 Bstep=0 us=10.880 TF=308.407 check=PASS
FEED chains4_8 slot=7 resident4 Astep=0 Bstep=0 us=10.597 TF=316.642 check=PASS
FEED chains4_16 slot=0 resident4 Astep=0 Bstep=0 us=10.590 TF=316.855 check=PASS
FEED chains4_16 slot=1 resident16 Astep=0 Bstep=0 us=13.266 TF=252.945 check=PASS
FEED chains4_16 slot=2 resident16 Astep=0 Bstep=0 us=13.486 TF=248.816 check=PASS
FEED chains4_16 slot=3 resident4 Astep=0 Bstep=0 us=10.580 TF=317.147 check=PASS
FEED chains4_16 slot=4 resident4 Astep=0 Bstep=0 us=10.579 TF=317.166 check=PASS
FEED chains4_16 slot=5 resident16 Astep=0 Bstep=0 us=13.278 TF=252.705 check=PASS
FEED chains4_16 slot=6 resident16 Astep=0 Bstep=0 us=13.461 TF=249.268 check=PASS
FEED chains4_16 slot=7 resident4 Astep=0 Bstep=0 us=10.591 TF=316.826 check=PASS
