RadeonDeveloperPanelCLI - Profiling (RGP) Mode
========================================
[DevDriver] Failed to query AMD driver service name - STATUS_INVALID_PARAMETER (0xc000000d)
[ERROR] [Driver Experiments Manager] (PID:0) Failed to query driver settings blob for Vulkan.
Capture API initialized successfully
Profiling (RGP) feature enabled (auto-capture enabled)
Waiting for GPU application to connect...
Process filter: pitch_counter
Press Ctrl+C to exit.

Auto-capture enabled, waiting for capture to complete...
Connecting to process: D:\DLSSNR-Lab\hip-backend\wmma-pitch-gap\pitch_counter.exe (PID: 21848)
[INFO] [RGP Trace Source] (PID:21848) Client connected [6704 HIP]
[INFO] [RGP Trace Source] (PID:21848) Client reached init state [6704 HIP]
[Status] Disconnected
[INFO] [RGP Trace Source] (PID:21848) Initialized new client [6704 HIP]
[Status] Ready for capture
[INFO] [RGP Trace Source] (PID:21848) Client reached POSTDEVICEINIT state [6704 HIP]
[INFO] [RGP Trace Source] (PID:21848) Successfully updated config [6704 HIP]
[INFO] [RGP Trace Source] (PID:21848) Successfully queried SPM counters [6704 HIP]
[INFO] [RGP Trace Source] (PID:21848) Successfully updated config [6704 HIP]
[INFO] [RGP Trace Source] (PID:21848) Successfully set clocks to peak [6704 HIP]

  [>                                       ]   0%   [INFO] [RGP Trace Source] (PID:21848) Successfully requested trace [6704 HIP]


[Status] Capturing
[Status] Dumping trace data

  [>                                       ]   0%  0.0 / 9.3 MB
  [>                                       ]   0%  0.1 / 9.3 MB
  [>                                       ]   1%  0.1 / 9.3 MB
  [>                                       ]   2%  0.2 / 9.3 MB
  [#>                                      ]   2%  0.2 / 9.3 MB
  [#>                                      ]   3%  0.3 / 9.3 MB
  [#>                                      ]   4%  0.4 / 9.3 MB
  [#>                                      ]   4%  0.4 / 9.3 MB
  [##>                                     ]   5%  0.5 / 9.3 MB
  [##>                                     ]   6%  0.6 / 9.3 MB
  [##>                                     ]   6%  0.6 / 9.3 MB
  [##>                                     ]   7%  0.7 / 9.3 MB
  [###>                                    ]   8%  0.8 / 9.3 MB
  [###>                                    ]   8%  0.8 / 9.3 MB
  [###>                                    ]   9%  0.9 / 9.3 MB
  [####>                                   ]  10%  0.9 / 9.3 MB
  [####>                                   ]  10%  1.0 / 9.3 MB
  [####>                                   ]  11%  1.1 / 9.3 MB
  [####>                                   ]  12%  1.1 / 9.3 MB
  [#####>                                  ]  12%  1.2 / 9.3 MB
  [#####>                                  ]  13%  1.2 / 9.3 MB
  [#####>                                  ]  14%  1.3 / 9.3 MB
  [#####>                                  ]  14%  1.4 / 9.3 MB
  [######>                                 ]  15%  1.4 / 9.3 MB
  [######>                                 ]  16%  1.5 / 9.3 MB
  [######>                                 ]  16%  1.6 / 9.3 MB
  [#######>                                ]  17%  1.6 / 9.3 MB
  [#######>                                ]  18%  1.7 / 9.3 MB
  [#######>                                ]  18%  1.8 / 9.3 MB
  [#######>                                ]  19%  1.8 / 9.3 MB
  [########>                               ]  20%  1.9 / 9.3 MB
  [########>                               ]  20%  1.9 / 9.3 MB
  [########>                               ]  21%  2.0 / 9.3 MB
  [########>                               ]  22%  2.1 / 9.3 MB
  [#########>                              ]  22%  2.1 / 9.3 MB
  [#########>                              ]  23%  2.2 / 9.3 MB
  [#########>                              ]  24%  2.2 / 9.3 MB
  [#########>                              ]  24%  2.3 / 9.3 MB
  [##########>                             ]  25%  2.4 / 9.3 MB
  [##########>                             ]  26%  2.4 / 9.3 MB
  [##########>                             ]  26%  2.5 / 9.3 MB
  [###########>                            ]  27%  2.6 / 9.3 MB
  [###########>                            ]  28%  2.6 / 9.3 MB
  [###########>                            ]  28%  2.7 / 9.3 MB
  [###########>                            ]  29%  2.8 / 9.3 MB
  [############>                           ]  30%  2.8 / 9.3 MB
  [############>                           ]  31%  2.9 / 9.3 MB
  [############>                           ]  31%  2.9 / 9.3 MB
  [############>                           ]  32%  3.0 / 9.3 MB
  [#############>                          ]  33%  3.1 / 9.3 MB
  [#############>                          ]  33%  3.1 / 9.3 MB
  [#############>                          ]  34%  3.2 / 9.3 MB
  [##############>                         ]  35%  3.2 / 9.3 MB
  [##############>                         ]  35%  3.3 / 9.3 MB
  [##############>                         ]  36%  3.4 / 9.3 MB
  [##############>                         ]  37%  3.4 / 9.3 MB
  [###############>                        ]  37%  3.5 / 9.3 MB
  [###############>                        ]  38%  3.6 / 9.3 MB
  [###############>                        ]  39%  3.6 / 9.3 MB
  [###############>                        ]  39%  3.7 / 9.3 MB
  [################>                       ]  40%  3.8 / 9.3 MB
  [################>                       ]  41%  3.8 / 9.3 MB
  [################>                       ]  41%  3.9 / 9.3 MB
  [################>                       ]  42%  3.9 / 9.3 MB
  [#################>                      ]  43%  4.0 / 9.3 MB
  [#################>                      ]  43%  4.1 / 9.3 MB
  [#################>                      ]  44%  4.1 / 9.3 MB
  [##################>                     ]  45%  4.2 / 9.3 MB
  [##################>                     ]  45%  4.2 / 9.3 MB
  [##################>                     ]  46%  4.3 / 9.3 MB
  [##################>                     ]  47%  4.4 / 9.3 MB
  [###################>                    ]  47%  4.4 / 9.3 MB
  [###################>                    ]  48%  4.5 / 9.3 MB
  [###################>                    ]  49%  4.6 / 9.3 MB
  [###################>                    ]  49%  4.6 / 9.3 MB
  [####################>                   ]  50%  4.7 / 9.3 MB
  [####################>                   ]  51%  4.8 / 9.3 MB
  [####################>                   ]  51%  4.8 / 9.3 MB
  [#####################>                  ]  52%  4.9 / 9.3 MB
  [#####################>                  ]  53%  4.9 / 9.3 MB
  [#####################>                  ]  53%  5.0 / 9.3 MB
  [#####################>                  ]  54%  5.1 / 9.3 MB
  [######################>                 ]  55%  5.1 / 9.3 MB
  [######################>                 ]  55%  5.2 / 9.3 MB
  [######################>                 ]  56%  5.2 / 9.3 MB
  [######################>                 ]  57%  5.3 / 9.3 MB
  [#######################>                ]  57%  5.4 / 9.3 MB
  [#######################>                ]  58%  5.4 / 9.3 MB
  [#######################>                ]  59%  5.5 / 9.3 MB
  [#######################>                ]  59%  5.6 / 9.3 MB
  [########################>               ]  60%  5.6 / 9.3 MB
  [########################>               ]  61%  5.7 / 9.3 MB
  [########################>               ]  62%  5.8 / 9.3 MB
  [#########################>              ]  62%  5.8 / 9.3 MB
  [#########################>              ]  63%  5.9 / 9.3 MB
  [#########################>              ]  64%  5.9 / 9.3 MB
  [#########################>              ]  64%  6.0 / 9.3 MB
  [##########################>             ]  65%  6.1 / 9.3 MB
  [##########################>             ]  66%  6.1 / 9.3 MB
  [##########################>             ]  66%  6.2 / 9.3 MB
  [##########################>             ]  67%  6.2 / 9.3 MB
  [###########################>            ]  68%  6.3 / 9.3 MB
  [###########################>            ]  68%  6.4 / 9.3 MB
  [###########################>            ]  69%  6.4 / 9.3 MB
  [############################>           ]  70%  6.5 / 9.3 MB
  [############################>           ]  70%  6.6 / 9.3 MB
  [############################>           ]  71%  6.6 / 9.3 MB
  [############################>           ]  72%  6.7 / 9.3 MB
  [#############################>          ]  72%  6.8 / 9.3 MB
  [#############################>          ]  73%  6.8 / 9.3 MB
  [#############################>          ]  74%  6.9 / 9.3 MB
  [#############################>          ]  74%  6.9 / 9.3 MB
  [##############################>         ]  75%  7.0 / 9.3 MB
  [##############################>         ]  76%  7.1 / 9.3 MB
  [##############################>         ]  76%  7.1 / 9.3 MB
  [###############################>        ]  77%  7.2 / 9.3 MB
  [###############################>        ]  78%  7.2 / 9.3 MB
  [###############################>        ]  78%  7.3 / 9.3 MB
  [###############################>        ]  79%  7.4 / 9.3 MB
  [################################>       ]  80%  7.4 / 9.3 MB
  [################################>       ]  80%  7.5 / 9.3 MB
  [################################>       ]  81%  7.6 / 9.3 MB
  [################################>       ]  82%  7.6 / 9.3 MB
  [#################################>      ]  82%  7.7 / 9.3 MB
  [#################################>      ]  83%  7.8 / 9.3 MB
  [#################################>      ]  84%  7.8 / 9.3 MB
  [#################################>      ]  84%  7.9 / 9.3 MB
  [##################################>     ]  85%  7.9 / 9.3 MB
  [##################################>     ]  86%  8.0 / 9.3 MB
  [##################################>     ]  86%  8.1 / 9.3 MB
  [###################################>    ]  87%  8.1 / 9.3 MB
  [###################################>    ]  88%  8.2 / 9.3 MB
  [###################################>    ]  88%  8.2 / 9.3 MB
  [###################################>    ]  89%  8.3 / 9.3 MB
  [####################################>   ]  90%  8.4 / 9.3 MB
  [####################################>   ]  91%  8.4 / 9.3 MB
  [####################################>   ]  91%  8.5 / 9.3 MB
  [####################################>   ]  92%  8.6 / 9.3 MB
  [#####################################>  ]  93%  8.6 / 9.3 MB
  [#####################################>  ]  93%  8.7 / 9.3 MB
  [#####################################>  ]  94%  8.8 / 9.3 MB
  [######################################> ]  95%  8.8 / 9.3 MB
  [######################################> ]  95%  8.9 / 9.3 MB
  [######################################> ]  96%  8.9 / 9.3 MB
  [######################################> ]  97%  9.0 / 9.3 MB
  [#######################################>]  97%  9.1 / 9.3 MB
  [#######################################>]  98%  9.1 / 9.3 MB
  [#######################################>]  99%  9.2 / 9.3 MB
  [#######################################>]  99%  9.2 / 9.3 MB
  [########################################] 100%  9.3 / 9.3 MB   [INFO] [RGP Trace Source] (PID:21848) Successfully collected and dumped trace [6704 HIP]
[INFO] [RGP Trace Source] (PID:21848) Successfully wrote additional chunks [6704 HIP]


[Status] Done
[Status] Processing trace data

  [>                                       ]   0%  Processing counter data...
  [#>                                      ]   3%  Processing counter data...
  [##>                                     ]   6%  Processing counter data...
  [###>                                    ]   9%  Processing counter data...
  [#####>                                  ]  12%  Processing counter data...
  [######>                                 ]  16%  Processing counter data...
  [#######>                                ]  19%  Processing counter data...
  [#########>                              ]  22%  Processing counter data...
  [##########>                             ]  25%  Processing counter data...
  [###########>                            ]  29%  Processing counter data...
  [############>                           ]  32%  Processing counter data...
  [##############>                         ]  35%  Processing counter data...
  [###############>                        ]  38%  Processing counter data...
  [################>                       ]  41%  Processing counter data...
  [##################>                     ]  45%  Processing counter data...
  [###################>                    ]  48%  Processing counter data...
  [####################>                   ]  51%  Processing counter data...
  [#####################>                  ]  54%  Processing counter data...
  [#######################>                ]  58%  Processing counter data...
  [########################>               ]  61%  Processing counter data...
  [#########################>              ]  64%  Processing counter data...
  [###########################>            ]  67%  Processing counter data...
  [############################>           ]  70%  Processing counter data...
  [#############################>          ]  74%  Processing counter data...
  [##############################>         ]  77%  Processing counter data...
  [################################>       ]  80%  Processing counter data...
  [#################################>      ]  83%  Processing counter data...
  [##################################>     ]  87%  Processing counter data...
  [####################################>   ]  90%  Processing counter data...
  [#####################################>  ]  93%  Processing counter data...
  [######################################> ]  96%  Processing counter data...
  [########################################] 100%  Processing counter data...   [INFO] [RGP Trace Source] (PID:0) Successfully processed derived counters for 3


[Status] Done
Profiling (RGP) trace completed successfully! Size: 10332416 bytes
Trace saved to: D:\DLSSNR-Lab\hip-backend\wmma-pitch-gap\counter-1024-16384\trace.rgp
Size: 10332416 bytes
[INFO] [RGP Trace Source] (PID:21848) Successfully restored clocks [6704 HIP]
[INFO] [RGP Trace Source] (PID:21848) Client disconnected [6704 HIP]
[INFO] [RGP Trace Source] (PID:21848) Finished disconnecting client [6704 HIP]
[Status] Disconnected
Done!
