[INFO] [RGP Trace Source] (PID:6768) Client connected [6915 DirectX 12]
[INFO] [RGP Trace Source] (PID:6768) Client reached init state [6915 DirectX 12]
[INFO] [RGP Trace Source] (PID:6768) Initialized new client [6915 DirectX 12]
[INFO] [RGP Trace Source] (PID:6768) Client reached POSTDEVICEINIT state [6915 DirectX 12]
[INFO] [RGP Trace Source] (PID:6768) Successfully updated config [6915 DirectX 12]
[INFO] [RGP Trace Source] (PID:6768) Successfully queried SPM counters [6915 DirectX 12]
[INFO] [RGP Trace Source] (PID:6768) Successfully updated config [6915 DirectX 12]
[INFO] [RGP Trace Source] (PID:6768) Successfully set clocks to peak [6915 DirectX 12]
  [>                                       ]   0%   [INFO] [RGP Trace Source] (PID:6768) Successfully requested trace [6915 DirectX 12]
[INFO] [RGP Trace Source] (PID:6768) Client connected [8080 HIP]
[INFO] [RGP Trace Source] (PID:6768) Client reached init state [8080 HIP]
[INFO] [RGP Trace Source] (PID:6768) Initialized new client [8080 HIP]
[INFO] [RGP Trace Source] (PID:6768) Client reached POSTDEVICEINIT state [8080 HIP]
[INFO] [RGP Trace Source] (PID:6768) Successfully updated config [8080 HIP]
[INFO] [RGP Trace Source] (PID:6768) Successfully queried SPM counters [8080 HIP]
[INFO] [RGP Trace Source] (PID:6768) Successfully updated config [8080 HIP]
[INFO] [RGP Trace Source] (PID:6768) Successfully set clocks to peak [8080 HIP]
  [>                                       ]   0%   [INFO] [RGP Trace Source] (PID:6768) Successfully requested trace [8080 HIP]
  [########################################] 100%  86.1 / 86.1 MB   [INFO] [RGP Trace Source] (PID:6768) Successfully collected and dumped trace [8080 HIP]
[INFO] [RGP Trace Source] (PID:6768) Successfully wrote additional chunks [8080 HIP]
[INFO] [RGP Trace Source] (PID:6768) Successfully restored clocks [8080 HIP]
Profiling (RGP) trace completed successfully! Size: 94749063 bytes
Trace saved to: D:\DLSSNR-Lab\hip-backend\pipeline-gap-rgp\hip.rgp
Size: 94749063 bytes
[INFO] [RGP Trace Source] (PID:6768) Client disconnected [6915 DirectX 12]
[WARNING] [RGP Trace Source] (PID:6768) Trace was aborted [6915 DirectX 12]
[INFO] [RGP Trace Source] (PID:6768) Successfully restored clocks [6915 DirectX 12]
[INFO] [RGP Trace Source] (PID:6768) Finished disconnecting client [6915 DirectX 12]
[INFO] [RGP Trace Source] (PID:6768) Client disconnected [8080 HIP]
[INFO] [RGP Trace Source] (PID:6768) Finished disconnecting client [8080 HIP]
