device=AMD Radeon RX 9070 XT arch=gfx1201 MPs=32
conditioned=1
FEED reg_vs_model slot=0 resident4 Astep=0 Bstep=0 us=15.769 TF=340.468 check=PASS
FEED reg_vs_model slot=1 model4 Astep=1023 Bstep=1023 us=35.362 TF=151.822 check=PASS
FEED reg_vs_model slot=2 model4 Astep=1023 Bstep=1023 us=35.214 TF=152.461 check=PASS
FEED reg_vs_model slot=3 resident4 Astep=0 Bstep=0 us=15.870 TF=338.289 check=PASS
FEED reg_vs_model slot=4 resident4 Astep=0 Bstep=0 us=15.912 TF=337.408 check=PASS
FEED reg_vs_model slot=5 model4 Astep=1023 Bstep=1023 us=35.461 TF=151.399 check=PASS
FEED reg_vs_model slot=6 model4 Astep=1023 Bstep=1023 us=34.557 TF=155.359 check=PASS
FEED reg_vs_model slot=7 resident4 Astep=0 Bstep=0 us=15.912 TF=337.397 check=PASS
FEED mask_control slot=0 model4 Astep=1023 Bstep=1023 us=34.764 TF=154.434 check=PASS
FEED mask_control slot=1 masked4 Astep=1023 Bstep=1023 us=36.340 TF=147.735 check=PASS
FEED mask_control slot=2 masked4 Astep=1023 Bstep=1023 us=36.319 TF=147.820 check=PASS
FEED mask_control slot=3 model4 Astep=1023 Bstep=1023 us=34.085 TF=157.512 check=PASS
FEED mask_control slot=4 model4 Astep=1023 Bstep=1023 us=34.005 TF=157.879 check=PASS
FEED mask_control slot=5 masked4 Astep=1023 Bstep=1023 us=36.153 TF=148.501 check=PASS
FEED mask_control slot=6 masked4 Astep=1023 Bstep=1023 us=36.217 TF=148.236 check=PASS
FEED mask_control slot=7 model4 Astep=1023 Bstep=1023 us=34.058 TF=157.632 check=PASS
FEED both_address slot=0 masked4 Astep=0 Bstep=0 us=21.040 TF=255.170 check=PASS
FEED both_address slot=1 masked4 Astep=1023 Bstep=1023 us=36.822 TF=145.802 check=PASS
FEED both_address slot=2 masked4 Astep=1023 Bstep=1023 us=35.881 TF=149.626 check=PASS
FEED both_address slot=3 masked4 Astep=0 Bstep=0 us=21.057 TF=254.963 check=PASS
FEED both_address slot=4 masked4 Astep=0 Bstep=0 us=21.058 TF=254.945 check=PASS
FEED both_address slot=5 masked4 Astep=1023 Bstep=1023 us=36.669 TF=146.409 check=PASS
FEED both_address slot=6 masked4 Astep=1023 Bstep=1023 us=36.755 TF=146.066 check=PASS
FEED both_address slot=7 masked4 Astep=0 Bstep=0 us=21.047 TF=255.085 check=PASS
FEED A_address slot=0 masked4 Astep=0 Bstep=1023 us=39.505 TF=135.900 check=PASS
FEED A_address slot=1 masked4 Astep=1023 Bstep=1023 us=35.392 TF=151.691 check=PASS
FEED A_address slot=2 masked4 Astep=1023 Bstep=1023 us=35.561 TF=150.972 check=PASS
FEED A_address slot=3 masked4 Astep=0 Bstep=1023 us=39.655 TF=135.387 check=PASS
FEED A_address slot=4 masked4 Astep=0 Bstep=1023 us=39.609 TF=135.543 check=PASS
FEED A_address slot=5 masked4 Astep=1023 Bstep=1023 us=35.535 TF=151.084 check=PASS
FEED A_address slot=6 masked4 Astep=1023 Bstep=1023 us=35.581 TF=150.887 check=PASS
FEED A_address slot=7 masked4 Astep=0 Bstep=1023 us=39.657 TF=135.378 check=PASS
FEED B_address slot=0 masked4 Astep=1023 Bstep=0 us=22.511 TF=238.495 check=PASS
FEED B_address slot=1 masked4 Astep=1023 Bstep=1023 us=36.677 TF=146.377 check=PASS
FEED B_address slot=2 masked4 Astep=1023 Bstep=1023 us=35.242 TF=152.340 check=PASS
FEED B_address slot=3 masked4 Astep=1023 Bstep=0 us=22.471 TF=238.917 check=PASS
FEED B_address slot=4 masked4 Astep=1023 Bstep=0 us=22.538 TF=238.203 check=PASS
FEED B_address slot=5 masked4 Astep=1023 Bstep=1023 us=36.600 TF=146.685 check=PASS
FEED B_address slot=6 masked4 Astep=1023 Bstep=1023 us=36.465 TF=147.229 check=PASS
FEED B_address slot=7 masked4 Astep=1023 Bstep=0 us=22.564 TF=237.932 check=PASS
FEED chains1_4 slot=0 resident1 Astep=0 Bstep=0 us=15.187 TF=353.500 check=PASS
FEED chains1_4 slot=1 resident4 Astep=0 Bstep=0 us=15.943 TF=336.738 check=PASS
FEED chains1_4 slot=2 resident4 Astep=0 Bstep=0 us=15.942 TF=336.756 check=PASS
FEED chains1_4 slot=3 resident1 Astep=0 Bstep=0 us=15.129 TF=354.863 check=PASS
FEED chains1_4 slot=4 resident1 Astep=0 Bstep=0 us=15.119 TF=355.096 check=PASS
FEED chains1_4 slot=5 resident4 Astep=0 Bstep=0 us=15.913 TF=337.372 check=PASS
FEED chains1_4 slot=6 resident4 Astep=0 Bstep=0 us=15.896 TF=337.730 check=PASS
FEED chains1_4 slot=7 resident1 Astep=0 Bstep=0 us=15.121 TF=355.048 check=PASS
FEED chains2_4 slot=0 resident2 Astep=0 Bstep=0 us=15.779 TF=340.249 check=PASS
FEED chains2_4 slot=1 resident4 Astep=0 Bstep=0 us=15.939 TF=336.818 check=PASS
FEED chains2_4 slot=2 resident4 Astep=0 Bstep=0 us=15.905 TF=337.547 check=PASS
FEED chains2_4 slot=3 resident2 Astep=0 Bstep=0 us=15.771 TF=340.412 check=PASS
FEED chains2_4 slot=4 resident2 Astep=0 Bstep=0 us=15.768 TF=340.477 check=PASS
FEED chains2_4 slot=5 resident4 Astep=0 Bstep=0 us=15.935 TF=336.917 check=PASS
FEED chains2_4 slot=6 resident4 Astep=0 Bstep=0 us=15.919 TF=337.250 check=PASS
FEED chains2_4 slot=7 resident2 Astep=0 Bstep=0 us=15.773 TF=340.363 check=PASS
FEED chains4_8 slot=0 resident4 Astep=0 Bstep=0 us=15.887 TF=337.922 check=PASS
FEED chains4_8 slot=1 resident8 Astep=0 Bstep=0 us=16.236 TF=330.674 check=PASS
FEED chains4_8 slot=2 resident8 Astep=0 Bstep=0 us=16.241 TF=330.570 check=PASS
FEED chains4_8 slot=3 resident4 Astep=0 Bstep=0 us=15.868 TF=338.336 check=PASS
FEED chains4_8 slot=4 resident4 Astep=0 Bstep=0 us=15.878 TF=338.124 check=PASS
FEED chains4_8 slot=5 resident8 Astep=0 Bstep=0 us=16.236 TF=330.667 check=PASS
FEED chains4_8 slot=6 resident8 Astep=0 Bstep=0 us=16.222 TF=330.952 check=PASS
FEED chains4_8 slot=7 resident4 Astep=0 Bstep=0 us=15.880 TF=338.071 check=PASS
FEED chains4_16 slot=0 resident4 Astep=0 Bstep=0 us=15.858 TF=338.558 check=PASS
FEED chains4_16 slot=1 resident16 Astep=0 Bstep=0 us=27.542 TF=194.929 check=PASS
FEED chains4_16 slot=2 resident16 Astep=0 Bstep=0 us=27.395 TF=195.971 check=PASS
FEED chains4_16 slot=3 resident4 Astep=0 Bstep=0 us=15.888 TF=337.904 check=PASS
FEED chains4_16 slot=4 resident4 Astep=0 Bstep=0 us=15.899 TF=337.672 check=PASS
FEED chains4_16 slot=5 resident16 Astep=0 Bstep=0 us=27.303 TF=196.632 check=PASS
FEED chains4_16 slot=6 resident16 Astep=0 Bstep=0 us=27.210 TF=197.307 check=PASS
FEED chains4_16 slot=7 resident4 Astep=0 Bstep=0 us=15.926 TF=337.112 check=PASS
