device=AMD Radeon RX 9070 XT arch=gfx1201 MPs=32
conditioned=1
FEED layout64 slot=0 model4 Astep=1023 Bstep=1023 us=35.174 TF=152.634 check=PASS
FEED layout64 slot=1 pair64 Astep=0 Bstep=0 us=36.631 TF=146.562 check=PASS
FEED layout64 slot=2 pair64 Astep=0 Bstep=0 us=36.789 TF=145.933 check=PASS
FEED layout64 slot=3 model4 Astep=1023 Bstep=1023 us=35.579 TF=150.897 check=PASS
FEED layout64 slot=4 model4 Astep=1023 Bstep=1023 us=35.690 TF=150.426 check=PASS
FEED layout64 slot=5 pair64 Astep=0 Bstep=0 us=37.067 TF=144.838 check=PASS
FEED layout64 slot=6 pair64 Astep=0 Bstep=0 us=37.068 TF=144.834 check=PASS
FEED layout64 slot=7 model4 Astep=1023 Bstep=1023 us=35.041 TF=153.212 check=PASS
FEED width slot=0 pair64 Astep=0 Bstep=0 us=36.909 TF=145.459 check=PASS
FEED width slot=1 pair128 Astep=0 Bstep=0 us=31.808 TF=168.786 check=PASS
FEED width slot=2 pair128 Astep=0 Bstep=0 us=31.649 TF=169.633 check=PASS
FEED width slot=3 pair64 Astep=0 Bstep=0 us=36.926 TF=145.390 check=PASS
FEED width slot=4 pair64 Astep=0 Bstep=0 us=36.891 TF=145.529 check=PASS
FEED width slot=5 pair128 Astep=0 Bstep=0 us=31.484 TF=170.523 check=PASS
FEED width slot=6 pair128 Astep=0 Bstep=0 us=31.393 TF=171.019 check=PASS
FEED width slot=7 pair64 Astep=0 Bstep=0 us=36.980 TF=145.180 check=PASS
FEED schedule slot=0 pair128 Astep=0 Bstep=0 us=31.852 TF=168.554 check=PASS
FEED schedule slot=1 pair128_adjacent Astep=0 Bstep=0 us=32.012 TF=167.711 check=PASS
FEED schedule slot=2 pair128_adjacent Astep=0 Bstep=0 us=32.022 TF=167.658 check=PASS
FEED schedule slot=3 pair128 Astep=0 Bstep=0 us=32.024 TF=167.649 check=PASS
FEED schedule slot=4 pair128 Astep=0 Bstep=0 us=31.837 TF=168.630 check=PASS
FEED schedule slot=5 pair128_adjacent Astep=0 Bstep=0 us=31.913 TF=168.231 check=PASS
FEED schedule slot=6 pair128_adjacent Astep=0 Bstep=0 us=32.057 TF=167.473 check=PASS
FEED schedule slot=7 pair128 Astep=0 Bstep=0 us=31.625 TF=169.763 check=PASS
FEED original_wide slot=0 model4 Astep=1023 Bstep=1023 us=35.349 TF=151.877 check=PASS
FEED original_wide slot=1 pair128 Astep=0 Bstep=0 us=31.592 TF=169.938 check=PASS
FEED original_wide slot=2 pair128 Astep=0 Bstep=0 us=31.435 TF=170.787 check=PASS
FEED original_wide slot=3 model4 Astep=1023 Bstep=1023 us=35.184 TF=152.591 check=PASS
FEED original_wide slot=4 model4 Astep=1023 Bstep=1023 us=35.102 TF=152.944 check=PASS
FEED original_wide slot=5 pair128 Astep=0 Bstep=0 us=31.422 TF=170.856 check=PASS
FEED original_wide slot=6 pair128 Astep=0 Bstep=0 us=31.308 TF=171.480 check=PASS
FEED original_wide slot=7 model4 Astep=1023 Bstep=1023 us=34.992 TF=153.427 check=PASS
