{"tag":"base-900-0","mean_ms":16.417909090909092,"sha":"75AABA5EF94368353F3F17C034B53918151AA2EBC98FF870B2A057D08AE910AB"}
{"tag":"candidate-900-0","mean_ms":14.058090909090907,"sha":"75AABA5EF94368353F3F17C034B53918151AA2EBC98FF870B2A057D08AE910AB"}
{"tag":"base-900-1","mean_ms":15.40609090909091,"sha":"5104F039569FE20C0EDCAB1FB68D56DB041406F3DDB38FC49DD2DD1D1EC636D1"}
{"tag":"candidate-900-1","mean_ms":16.037818181818182,"sha":"5104F039569FE20C0EDCAB1FB68D56DB041406F3DDB38FC49DD2DD1D1EC636D1"}
{"tag":"time-900-0","mean_ms":12.62416249999999,"sha":"75AABA5EF94368353F3F17C034B53918151AA2EBC98FF870B2A057D08AE910AB"}
{"tag":"time-900-1","mean_ms":12.106985000000009,"sha":"75AABA5EF94368353F3F17C034B53918151AA2EBC98FF870B2A057D08AE910AB"}
{"tag":"time-900-2","mean_ms":12.134276249999992,"sha":"75AABA5EF94368353F3F17C034B53918151AA2EBC98FF870B2A057D08AE910AB"}
{"tag":"time-900-3","mean_ms":12.691411250000002,"sha":"75AABA5EF94368353F3F17C034B53918151AA2EBC98FF870B2A057D08AE910AB"}
{"tag":"base-1080-0","mean_ms":21.040909090909086,"sha":"1DE20C219105CC281CBA1364A0A21D0DDC4510A95458EC0CA3B8C893EA54F23A"}
{"tag":"candidate-1080-0","mean_ms":21.527363636363638,"sha":"1DE20C219105CC281CBA1364A0A21D0DDC4510A95458EC0CA3B8C893EA54F23A"}
{"tag":"base-1080-1","mean_ms":21.631818181818179,"sha":"3D1B0382BD68F589EF9E7498380B0C9FE63C7A2F41CEA252BEDD216973A17E21"}
{"tag":"candidate-1080-1","mean_ms":20.71436363636364,"sha":"3D1B0382BD68F589EF9E7498380B0C9FE63C7A2F41CEA252BEDD216973A17E21"}
{"tag":"time-1080-0","mean_ms":17.82192749999999,"sha":"1DE20C219105CC281CBA1364A0A21D0DDC4510A95458EC0CA3B8C893EA54F23A"}
{"tag":"time-1080-1","mean_ms":17.057347500000006,"sha":"1DE20C219105CC281CBA1364A0A21D0DDC4510A95458EC0CA3B8C893EA54F23A"}
{"tag":"time-1080-2","mean_ms":17.071939999999973,"sha":"1DE20C219105CC281CBA1364A0A21D0DDC4510A95458EC0CA3B8C893EA54F23A"}
{"tag":"time-1080-3","mean_ms":17.898253750000041,"sha":"1DE20C219105CC281CBA1364A0A21D0DDC4510A95458EC0CA3B8C893EA54F23A"}
DONE 0
{"tag":"extra-720-motion-False","mean_ms":10.374090909090912,"sha":"9B53BE7A73C0D397DC56BF5810778E69D123BFD81C48FCDBCB642526361A5F53"}
{"tag":"extra-720-motion-True","mean_ms":10.552,"sha":"9B53BE7A73C0D397DC56BF5810778E69D123BFD81C48FCDBCB642526361A5F53"}
{"tag":"extra-900-history-False","mean_ms":15.738181818181818,"sha":"5F2D6F1AD1EA8B295A52A95AC2C9BFC9E056D613E6FD889E2A2060FB36085CED"}
{"tag":"extra-900-history-True","mean_ms":14.526818181818184,"sha":"5F2D6F1AD1EA8B295A52A95AC2C9BFC9E056D613E6FD889E2A2060FB36085CED"}
{"tag":"extra-900-float-in-False","mean_ms":15.830545454545454,"sha":"5104F039569FE20C0EDCAB1FB68D56DB041406F3DDB38FC49DD2DD1D1EC636D1"}
{"tag":"extra-900-float-in-True","mean_ms":14.687818181818185,"sha":"5104F039569FE20C0EDCAB1FB68D56DB041406F3DDB38FC49DD2DD1D1EC636D1"}
{"tag":"extra-900-float-feature-False","mean_ms":16.762,"sha":"5104F039569FE20C0EDCAB1FB68D56DB041406F3DDB38FC49DD2DD1D1EC636D1"}
{"tag":"extra-900-float-feature-True","mean_ms":15.631818181818181,"sha":"5104F039569FE20C0EDCAB1FB68D56DB041406F3DDB38FC49DD2DD1D1EC636D1"}
EXTRA EXIT 0
{"tag":"base-900-0","mean_ms":14.983363636363636,"sha":"75AABA5EF94368353F3F17C034B53918151AA2EBC98FF870B2A057D08AE910AB"}
{"tag":"candidate-900-0","mean_ms":14.479272727272727,"sha":"119C048CFCE757D4C1CFC320BCCDF1A896DDD1BA29BD6190007CFD51201B5AD4"}
DIFF rgb-frame-0.f16
DIFF rgb-frame-1.f16
DIFF rgb-frame-2.f16
DIFF rgb-frame-3.f16
DIFF rgb-frame-4.f16
DIFF rgb-frame-5.f16
DIFF rgb-frame-6.f16
DIFF rgb-frame-7.f16
DIFF rgb-frame-8.f16
DIFF rgb-frame-9.f16
DIFF rgb-frame-10.f16
DIFF rgb-frame-11.f16
{"tag":"base-900-1","mean_ms":14.924000000000001,"sha":"5104F039569FE20C0EDCAB1FB68D56DB041406F3DDB38FC49DD2DD1D1EC636D1"}
{"tag":"candidate-900-1","mean_ms":14.748454545454546,"sha":"8857130C95FF683148BB14E84BCE53239E9AECB36AB8D2E60823EA4954CF6E91"}
DIFF rgb-frame-0.f16
DIFF rgb-frame-1.f16
DIFF rgb-frame-2.f16
DIFF rgb-frame-3.f16
DIFF rgb-frame-4.f16
DIFF rgb-frame-5.f16
DIFF rgb-frame-6.f16
DIFF rgb-frame-7.f16
DIFF rgb-frame-8.f16
DIFF rgb-frame-9.f16
DIFF rgb-frame-10.f16
DIFF rgb-frame-11.f16
{"tag":"time-900-0","mean_ms":12.537046875000003,"sha":"75AABA5EF94368353F3F17C034B53918151AA2EBC98FF870B2A057D08AE910AB"}
{"tag":"time-900-1","mean_ms":11.854156250000003,"sha":"119C048CFCE757D4C1CFC320BCCDF1A896DDD1BA29BD6190007CFD51201B5AD4"}
{"tag":"time-900-2","mean_ms":11.880593750000001,"sha":"119C048CFCE757D4C1CFC320BCCDF1A896DDD1BA29BD6190007CFD51201B5AD4"}
{"tag":"time-900-3","mean_ms":12.556296875000005,"sha":"75AABA5EF94368353F3F17C034B53918151AA2EBC98FF870B2A057D08AE910AB"}
{"tag":"base-1080-0","mean_ms":20.937090909090909,"sha":"1DE20C219105CC281CBA1364A0A21D0DDC4510A95458EC0CA3B8C893EA54F23A"}
{"tag":"candidate-1080-0","mean_ms":20.348090909090914,"sha":"1FB53DF5B849BE5CBA845A8AE63A568546E55BD19539E0A3635855190E574DC2"}
DIFF rgb-frame-0.f16
DIFF rgb-frame-1.f16
DIFF rgb-frame-2.f16
DIFF rgb-frame-3.f16
DIFF rgb-frame-4.f16
DIFF rgb-frame-5.f16
DIFF rgb-frame-6.f16
DIFF rgb-frame-7.f16
DIFF rgb-frame-8.f16
DIFF rgb-frame-9.f16
DIFF rgb-frame-10.f16
DIFF rgb-frame-11.f16
{"tag":"base-1080-1","mean_ms":20.936181818181815,"sha":"3D1B0382BD68F589EF9E7498380B0C9FE63C7A2F41CEA252BEDD216973A17E21"}
{"tag":"candidate-1080-1","mean_ms":20.020545454545452,"sha":"E89A8EFF5FF4F26175360E399E2DEAB301AFA0AC769B9D2AB6D3F0AB290C0318"}
DIFF rgb-frame-0.f16
DIFF rgb-frame-1.f16
DIFF rgb-frame-2.f16
DIFF rgb-frame-3.f16
DIFF rgb-frame-4.f16
DIFF rgb-frame-5.f16
DIFF rgb-frame-6.f16
DIFF rgb-frame-7.f16
DIFF rgb-frame-8.f16
DIFF rgb-frame-9.f16
DIFF rgb-frame-10.f16
DIFF rgb-frame-11.f16
{"tag":"time-1080-0","mean_ms":17.702664062500002,"sha":"1DE20C219105CC281CBA1364A0A21D0DDC4510A95458EC0CA3B8C893EA54F23A"}
{"tag":"time-1080-1","mean_ms":16.7276640625,"sha":"1FB53DF5B849BE5CBA845A8AE63A568546E55BD19539E0A3635855190E574DC2"}
{"tag":"time-1080-2","mean_ms":16.7358515625,"sha":"1FB53DF5B849BE5CBA845A8AE63A568546E55BD19539E0A3635855190E574DC2"}
{"tag":"time-1080-3","mean_ms":17.731906249999998,"sha":"1DE20C219105CC281CBA1364A0A21D0DDC4510A95458EC0CA3B8C893EA54F23A"}
6B DONE 0
exit=0
