device=AMD Radeon RX 9070 XT arch=gfx1201 MPs=32
conditioned=1
FEED calibrate_64 slot=0 pitched4 Amask=1023 Bmask=63 pitch=16384 mix=0 us=48.673 TF=110.301 check=PASS
FEED calibrate_64 slot=1 xor4 Amask=1023 Bmask=63 pitch=16384 mix=0 us=48.132 TF=111.542 check=PASS
FEED calibrate_64 slot=2 xor4 Amask=1023 Bmask=63 pitch=16384 mix=0 us=48.207 TF=111.367 check=PASS
FEED calibrate_64 slot=3 pitched4 Amask=1023 Bmask=63 pitch=16384 mix=0 us=48.317 TF=111.113 check=PASS
FEED calibrate_64 slot=4 pitched4 Amask=1023 Bmask=63 pitch=16384 mix=0 us=48.234 TF=111.305 check=PASS
FEED calibrate_64 slot=5 xor4 Amask=1023 Bmask=63 pitch=16384 mix=0 us=48.293 TF=111.170 check=PASS
FEED calibrate_64 slot=6 xor4 Amask=1023 Bmask=63 pitch=16384 mix=0 us=48.304 TF=111.144 check=PASS
FEED calibrate_64 slot=7 pitched4 Amask=1023 Bmask=63 pitch=16384 mix=0 us=48.231 TF=111.312 check=PASS
FEED span64_xor256 slot=0 xor4 Amask=1023 Bmask=63 pitch=16384 mix=0 us=48.190 TF=111.407 check=PASS
FEED span64_xor256 slot=1 xor4 Amask=1023 Bmask=63 pitch=16384 mix=256 us=48.274 TF=111.214 check=PASS
FEED span64_xor256 slot=2 xor4 Amask=1023 Bmask=63 pitch=16384 mix=256 us=48.279 TF=111.203 check=PASS
FEED span64_xor256 slot=3 xor4 Amask=1023 Bmask=63 pitch=16384 mix=0 us=48.358 TF=111.021 check=PASS
FEED span64_xor256 slot=4 xor4 Amask=1023 Bmask=63 pitch=16384 mix=0 us=48.222 TF=111.334 check=PASS
FEED span64_xor256 slot=5 xor4 Amask=1023 Bmask=63 pitch=16384 mix=256 us=48.129 TF=111.547 check=PASS
FEED span64_xor256 slot=6 xor4 Amask=1023 Bmask=63 pitch=16384 mix=256 us=48.318 TF=111.113 check=PASS
FEED span64_xor256 slot=7 xor4 Amask=1023 Bmask=63 pitch=16384 mix=0 us=48.236 TF=111.302 check=PASS
FEED span64_xor512 slot=0 xor4 Amask=1023 Bmask=63 pitch=16384 mix=0 us=48.147 TF=111.507 check=PASS
FEED span64_xor512 slot=1 xor4 Amask=1023 Bmask=63 pitch=16384 mix=512 us=48.319 TF=111.110 check=PASS
FEED span64_xor512 slot=2 xor4 Amask=1023 Bmask=63 pitch=16384 mix=512 us=48.190 TF=111.406 check=PASS
FEED span64_xor512 slot=3 xor4 Amask=1023 Bmask=63 pitch=16384 mix=0 us=48.179 TF=111.434 check=PASS
FEED span64_xor512 slot=4 xor4 Amask=1023 Bmask=63 pitch=16384 mix=0 us=48.172 TF=111.449 check=PASS
FEED span64_xor512 slot=5 xor4 Amask=1023 Bmask=63 pitch=16384 mix=512 us=48.424 TF=110.870 check=PASS
FEED span64_xor512 slot=6 xor4 Amask=1023 Bmask=63 pitch=16384 mix=512 us=48.251 TF=111.266 check=PASS
FEED span64_xor512 slot=7 xor4 Amask=1023 Bmask=63 pitch=16384 mix=0 us=48.235 TF=111.304 check=PASS
FEED span64_xor768 slot=0 xor4 Amask=1023 Bmask=63 pitch=16384 mix=0 us=48.285 TF=111.189 check=PASS
FEED span64_xor768 slot=1 xor4 Amask=1023 Bmask=63 pitch=16384 mix=768 us=48.408 TF=110.906 check=PASS
FEED span64_xor768 slot=2 xor4 Amask=1023 Bmask=63 pitch=16384 mix=768 us=48.433 TF=110.848 check=PASS
FEED span64_xor768 slot=3 xor4 Amask=1023 Bmask=63 pitch=16384 mix=0 us=48.344 TF=111.053 check=PASS
FEED span64_xor768 slot=4 xor4 Amask=1023 Bmask=63 pitch=16384 mix=0 us=48.316 TF=111.118 check=PASS
FEED span64_xor768 slot=5 xor4 Amask=1023 Bmask=63 pitch=16384 mix=768 us=48.372 TF=110.989 check=PASS
FEED span64_xor768 slot=6 xor4 Amask=1023 Bmask=63 pitch=16384 mix=768 us=48.240 TF=111.291 check=PASS
FEED span64_xor768 slot=7 xor4 Amask=1023 Bmask=63 pitch=16384 mix=0 us=48.180 TF=111.431 check=PASS
FEED span64_xor1024 slot=0 xor4 Amask=1023 Bmask=63 pitch=16384 mix=0 us=48.321 TF=111.105 check=PASS
FEED span64_xor1024 slot=1 xor4 Amask=1023 Bmask=63 pitch=16384 mix=1024 us=25.317 TF=212.055 check=PASS
FEED span64_xor1024 slot=2 xor4 Amask=1023 Bmask=63 pitch=16384 mix=1024 us=25.350 TF=211.781 check=PASS
FEED span64_xor1024 slot=3 xor4 Amask=1023 Bmask=63 pitch=16384 mix=0 us=48.216 TF=111.346 check=PASS
FEED span64_xor1024 slot=4 xor4 Amask=1023 Bmask=63 pitch=16384 mix=0 us=48.263 TF=111.238 check=PASS
FEED span64_xor1024 slot=5 xor4 Amask=1023 Bmask=63 pitch=16384 mix=1024 us=25.356 TF=211.735 check=PASS
FEED span64_xor1024 slot=6 xor4 Amask=1023 Bmask=63 pitch=16384 mix=1024 us=25.345 TF=211.828 check=PASS
FEED span64_xor1024 slot=7 xor4 Amask=1023 Bmask=63 pitch=16384 mix=0 us=48.061 TF=111.707 check=PASS
FEED span64_xor2048 slot=0 xor4 Amask=1023 Bmask=63 pitch=16384 mix=0 us=48.261 TF=111.242 check=PASS
FEED span64_xor2048 slot=1 xor4 Amask=1023 Bmask=63 pitch=16384 mix=2048 us=48.408 TF=110.906 check=PASS
FEED span64_xor2048 slot=2 xor4 Amask=1023 Bmask=63 pitch=16384 mix=2048 us=48.220 TF=111.337 check=PASS
FEED span64_xor2048 slot=3 xor4 Amask=1023 Bmask=63 pitch=16384 mix=0 us=48.356 TF=111.024 check=PASS
FEED span64_xor2048 slot=4 xor4 Amask=1023 Bmask=63 pitch=16384 mix=0 us=48.367 TF=110.999 check=PASS
FEED span64_xor2048 slot=5 xor4 Amask=1023 Bmask=63 pitch=16384 mix=2048 us=48.249 TF=111.270 check=PASS
FEED span64_xor2048 slot=6 xor4 Amask=1023 Bmask=63 pitch=16384 mix=2048 us=48.264 TF=111.236 check=PASS
FEED span64_xor2048 slot=7 xor4 Amask=1023 Bmask=63 pitch=16384 mix=0 us=48.281 TF=111.197 check=PASS
FEED span64_xor3072 slot=0 xor4 Amask=1023 Bmask=63 pitch=16384 mix=0 us=48.269 TF=111.224 check=PASS
FEED span64_xor3072 slot=1 xor4 Amask=1023 Bmask=63 pitch=16384 mix=3072 us=25.429 TF=211.128 check=PASS
FEED span64_xor3072 slot=2 xor4 Amask=1023 Bmask=63 pitch=16384 mix=3072 us=25.423 TF=211.179 check=PASS
FEED span64_xor3072 slot=3 xor4 Amask=1023 Bmask=63 pitch=16384 mix=0 us=48.274 TF=111.213 check=PASS
FEED span64_xor3072 slot=4 xor4 Amask=1023 Bmask=63 pitch=16384 mix=0 us=48.365 TF=111.004 check=PASS
FEED span64_xor3072 slot=5 xor4 Amask=1023 Bmask=63 pitch=16384 mix=3072 us=25.381 TF=211.527 check=PASS
FEED span64_xor3072 slot=6 xor4 Amask=1023 Bmask=63 pitch=16384 mix=3072 us=25.411 TF=211.279 check=PASS
FEED span64_xor3072 slot=7 xor4 Amask=1023 Bmask=63 pitch=16384 mix=0 us=48.336 TF=111.070 check=PASS
FEED span64_xor3840 slot=0 xor4 Amask=1023 Bmask=63 pitch=16384 mix=0 us=48.195 TF=111.396 check=PASS
FEED span64_xor3840 slot=1 xor4 Amask=1023 Bmask=63 pitch=16384 mix=3840 us=25.843 TF=207.741 check=PASS
FEED span64_xor3840 slot=2 xor4 Amask=1023 Bmask=63 pitch=16384 mix=3840 us=25.849 TF=207.693 check=PASS
FEED span64_xor3840 slot=3 xor4 Amask=1023 Bmask=63 pitch=16384 mix=0 us=48.174 TF=111.444 check=PASS
FEED span64_xor3840 slot=4 xor4 Amask=1023 Bmask=63 pitch=16384 mix=0 us=48.248 TF=111.273 check=PASS
FEED span64_xor3840 slot=5 xor4 Amask=1023 Bmask=63 pitch=16384 mix=3840 us=25.916 TF=207.160 check=PASS
FEED span64_xor3840 slot=6 xor4 Amask=1023 Bmask=63 pitch=16384 mix=3840 us=25.880 TF=207.450 check=PASS
FEED span64_xor3840 slot=7 xor4 Amask=1023 Bmask=63 pitch=16384 mix=0 us=48.065 TF=111.698 check=PASS
FEED calibrate_1024 slot=0 pitched4 Amask=1023 Bmask=1023 pitch=16384 mix=0 us=31.988 TF=167.835 check=PASS
FEED calibrate_1024 slot=1 xor4 Amask=1023 Bmask=1023 pitch=16384 mix=0 us=31.949 TF=168.041 check=PASS
FEED calibrate_1024 slot=2 xor4 Amask=1023 Bmask=1023 pitch=16384 mix=0 us=32.063 TF=167.445 check=PASS
FEED calibrate_1024 slot=3 pitched4 Amask=1023 Bmask=1023 pitch=16384 mix=0 us=32.288 TF=166.278 check=PASS
FEED calibrate_1024 slot=4 pitched4 Amask=1023 Bmask=1023 pitch=16384 mix=0 us=32.051 TF=167.507 check=PASS
FEED calibrate_1024 slot=5 xor4 Amask=1023 Bmask=1023 pitch=16384 mix=0 us=31.992 TF=167.813 check=PASS
FEED calibrate_1024 slot=6 xor4 Amask=1023 Bmask=1023 pitch=16384 mix=0 us=31.905 TF=168.270 check=PASS
FEED calibrate_1024 slot=7 pitched4 Amask=1023 Bmask=1023 pitch=16384 mix=0 us=32.067 TF=167.419 check=PASS
FEED span1024_xor256 slot=0 xor4 Amask=1023 Bmask=1023 pitch=16384 mix=0 us=31.920 TF=168.192 check=PASS
FEED span1024_xor256 slot=1 xor4 Amask=1023 Bmask=1023 pitch=16384 mix=256 us=31.515 TF=170.354 check=PASS
FEED span1024_xor256 slot=2 xor4 Amask=1023 Bmask=1023 pitch=16384 mix=256 us=31.467 TF=170.616 check=PASS
FEED span1024_xor256 slot=3 xor4 Amask=1023 Bmask=1023 pitch=16384 mix=0 us=31.969 TF=167.934 check=PASS
FEED span1024_xor256 slot=4 xor4 Amask=1023 Bmask=1023 pitch=16384 mix=0 us=31.825 TF=168.694 check=PASS
FEED span1024_xor256 slot=5 xor4 Amask=1023 Bmask=1023 pitch=16384 mix=256 us=31.494 TF=170.470 check=PASS
FEED span1024_xor256 slot=6 xor4 Amask=1023 Bmask=1023 pitch=16384 mix=256 us=31.556 TF=170.132 check=PASS
FEED span1024_xor256 slot=7 xor4 Amask=1023 Bmask=1023 pitch=16384 mix=0 us=31.845 TF=168.590 check=PASS
FEED span1024_xor512 slot=0 xor4 Amask=1023 Bmask=1023 pitch=16384 mix=0 us=31.884 TF=168.383 check=PASS
FEED span1024_xor512 slot=1 xor4 Amask=1023 Bmask=1023 pitch=16384 mix=512 us=32.398 TF=165.713 check=PASS
FEED span1024_xor512 slot=2 xor4 Amask=1023 Bmask=1023 pitch=16384 mix=512 us=32.236 TF=166.544 check=PASS
FEED span1024_xor512 slot=3 xor4 Amask=1023 Bmask=1023 pitch=16384 mix=0 us=31.824 TF=168.698 check=PASS
FEED span1024_xor512 slot=4 xor4 Amask=1023 Bmask=1023 pitch=16384 mix=0 us=31.793 TF=168.863 check=PASS
FEED span1024_xor512 slot=5 xor4 Amask=1023 Bmask=1023 pitch=16384 mix=512 us=32.241 TF=166.520 check=PASS
FEED span1024_xor512 slot=6 xor4 Amask=1023 Bmask=1023 pitch=16384 mix=512 us=32.426 TF=165.567 check=PASS
FEED span1024_xor512 slot=7 xor4 Amask=1023 Bmask=1023 pitch=16384 mix=0 us=31.861 TF=168.502 check=PASS
FEED span1024_xor768 slot=0 xor4 Amask=1023 Bmask=1023 pitch=16384 mix=0 us=31.745 TF=169.122 check=PASS
FEED span1024_xor768 slot=1 xor4 Amask=1023 Bmask=1023 pitch=16384 mix=768 us=32.283 TF=166.303 check=PASS
FEED span1024_xor768 slot=2 xor4 Amask=1023 Bmask=1023 pitch=16384 mix=768 us=32.305 TF=166.190 check=PASS
FEED span1024_xor768 slot=3 xor4 Amask=1023 Bmask=1023 pitch=16384 mix=0 us=31.758 TF=169.050 check=PASS
FEED span1024_xor768 slot=4 xor4 Amask=1023 Bmask=1023 pitch=16384 mix=0 us=31.820 TF=168.720 check=PASS
FEED span1024_xor768 slot=5 xor4 Amask=1023 Bmask=1023 pitch=16384 mix=768 us=32.251 TF=166.464 check=PASS
FEED span1024_xor768 slot=6 xor4 Amask=1023 Bmask=1023 pitch=16384 mix=768 us=32.387 TF=165.766 check=PASS
FEED span1024_xor768 slot=7 xor4 Amask=1023 Bmask=1023 pitch=16384 mix=0 us=31.828 TF=168.681 check=PASS
FEED span1024_xor1024 slot=0 xor4 Amask=1023 Bmask=1023 pitch=16384 mix=0 us=31.858 TF=168.522 check=PASS
FEED span1024_xor1024 slot=1 xor4 Amask=1023 Bmask=1023 pitch=16384 mix=1024 us=31.934 TF=168.121 check=PASS
FEED span1024_xor1024 slot=2 xor4 Amask=1023 Bmask=1023 pitch=16384 mix=1024 us=31.999 TF=167.778 check=PASS
FEED span1024_xor1024 slot=3 xor4 Amask=1023 Bmask=1023 pitch=16384 mix=0 us=31.786 TF=168.900 check=PASS
FEED span1024_xor1024 slot=4 xor4 Amask=1023 Bmask=1023 pitch=16384 mix=0 us=31.781 TF=168.927 check=PASS
FEED span1024_xor1024 slot=5 xor4 Amask=1023 Bmask=1023 pitch=16384 mix=1024 us=31.922 TF=168.182 check=PASS
FEED span1024_xor1024 slot=6 xor4 Amask=1023 Bmask=1023 pitch=16384 mix=1024 us=31.926 TF=168.159 check=PASS
FEED span1024_xor1024 slot=7 xor4 Amask=1023 Bmask=1023 pitch=16384 mix=0 us=31.670 TF=169.522 check=PASS
FEED span1024_xor2048 slot=0 xor4 Amask=1023 Bmask=1023 pitch=16384 mix=0 us=31.758 TF=169.050 check=PASS
FEED span1024_xor2048 slot=1 xor4 Amask=1023 Bmask=1023 pitch=16384 mix=2048 us=31.794 TF=168.859 check=PASS
FEED span1024_xor2048 slot=2 xor4 Amask=1023 Bmask=1023 pitch=16384 mix=2048 us=31.713 TF=169.292 check=PASS
FEED span1024_xor2048 slot=3 xor4 Amask=1023 Bmask=1023 pitch=16384 mix=0 us=31.781 TF=168.927 check=PASS
FEED span1024_xor2048 slot=4 xor4 Amask=1023 Bmask=1023 pitch=16384 mix=0 us=31.719 TF=169.257 check=PASS
FEED span1024_xor2048 slot=5 xor4 Amask=1023 Bmask=1023 pitch=16384 mix=2048 us=31.713 TF=169.293 check=PASS
FEED span1024_xor2048 slot=6 xor4 Amask=1023 Bmask=1023 pitch=16384 mix=2048 us=31.646 TF=169.648 check=PASS
FEED span1024_xor2048 slot=7 xor4 Amask=1023 Bmask=1023 pitch=16384 mix=0 us=31.692 TF=169.404 check=PASS
FEED span1024_xor3072 slot=0 xor4 Amask=1023 Bmask=1023 pitch=16384 mix=0 us=31.702 TF=169.350 check=PASS
FEED span1024_xor3072 slot=1 xor4 Amask=1023 Bmask=1023 pitch=16384 mix=3072 us=31.745 TF=169.121 check=PASS
FEED span1024_xor3072 slot=2 xor4 Amask=1023 Bmask=1023 pitch=16384 mix=3072 us=31.797 TF=168.844 check=PASS
FEED span1024_xor3072 slot=3 xor4 Amask=1023 Bmask=1023 pitch=16384 mix=0 us=31.786 TF=168.901 check=PASS
FEED span1024_xor3072 slot=4 xor4 Amask=1023 Bmask=1023 pitch=16384 mix=0 us=31.600 TF=169.897 check=PASS
FEED span1024_xor3072 slot=5 xor4 Amask=1023 Bmask=1023 pitch=16384 mix=3072 us=31.741 TF=169.140 check=PASS
FEED span1024_xor3072 slot=6 xor4 Amask=1023 Bmask=1023 pitch=16384 mix=3072 us=31.774 TF=168.967 check=PASS
FEED span1024_xor3072 slot=7 xor4 Amask=1023 Bmask=1023 pitch=16384 mix=0 us=31.702 TF=169.351 check=PASS
FEED span1024_xor3840 slot=0 xor4 Amask=1023 Bmask=1023 pitch=16384 mix=0 us=31.664 TF=169.555 check=PASS
FEED span1024_xor3840 slot=1 xor4 Amask=1023 Bmask=1023 pitch=16384 mix=3840 us=31.126 TF=172.482 check=PASS
FEED span1024_xor3840 slot=2 xor4 Amask=1023 Bmask=1023 pitch=16384 mix=3840 us=31.162 TF=172.283 check=PASS
FEED span1024_xor3840 slot=3 xor4 Amask=1023 Bmask=1023 pitch=16384 mix=0 us=31.676 TF=169.487 check=PASS
FEED span1024_xor3840 slot=4 xor4 Amask=1023 Bmask=1023 pitch=16384 mix=0 us=31.591 TF=169.946 check=PASS
FEED span1024_xor3840 slot=5 xor4 Amask=1023 Bmask=1023 pitch=16384 mix=3840 us=31.012 TF=173.115 check=PASS
FEED span1024_xor3840 slot=6 xor4 Amask=1023 Bmask=1023 pitch=16384 mix=3840 us=31.153 TF=172.333 check=PASS
FEED span1024_xor3840 slot=7 xor4 Amask=1023 Bmask=1023 pitch=16384 mix=0 us=31.774 TF=168.968 check=PASS
