device=AMD Radeon RX 9070 XT arch=gfx1201 MPs=32
conditioned=1 fixed_A_bytes=655360 fixed_B_bytes=4194304 A=0000000300100000 B=0000000304000000
FEED mat_order_control slot=0 mat_i1 Astep=0 Bstep=0 us=31.736 TF=169.168 check=PASS
FEED mat_order_control slot=1 order_mat Astep=1 Bstep=0 us=32.969 TF=162.840 check=PASS
FEED mat_order_control slot=2 order_mat Astep=1 Bstep=0 us=29.608 TF=181.326 check=PASS
FEED mat_order_control slot=3 mat_i1 Astep=0 Bstep=0 us=29.639 TF=181.135 check=PASS
FEED mat_order_control slot=4 mat_i1 Astep=0 Bstep=0 us=29.368 TF=182.810 check=PASS
FEED mat_order_control slot=5 order_mat Astep=1 Bstep=0 us=29.519 TF=181.871 check=PASS
FEED mat_order_control slot=6 order_mat Astep=1 Bstep=0 us=29.594 TF=181.414 check=PASS
FEED mat_order_control slot=7 mat_i1 Astep=0 Bstep=0 us=29.380 TF=182.736 check=PASS
FEED mat_stride17 slot=0 order_mat Astep=1 Bstep=0 us=29.731 TF=180.576 check=PASS
FEED mat_stride17 slot=1 order_mat Astep=17 Bstep=0 us=40.691 TF=131.938 check=PASS
FEED mat_stride17 slot=2 order_mat Astep=17 Bstep=0 us=40.737 TF=131.790 check=PASS
FEED mat_stride17 slot=3 order_mat Astep=1 Bstep=0 us=29.352 TF=182.908 check=PASS
FEED mat_stride17 slot=4 order_mat Astep=1 Bstep=0 us=29.375 TF=182.764 check=PASS
FEED mat_stride17 slot=5 order_mat Astep=17 Bstep=0 us=40.728 TF=131.818 check=PASS
FEED mat_stride17 slot=6 order_mat Astep=17 Bstep=0 us=40.719 TF=131.846 check=PASS
FEED mat_stride17 slot=7 order_mat Astep=1 Bstep=0 us=29.367 TF=182.816 check=PASS
FEED mat_stride63 slot=0 order_mat Astep=1 Bstep=0 us=29.395 TF=182.642 check=PASS
FEED mat_stride63 slot=1 order_mat Astep=63 Bstep=0 us=40.551 TF=132.395 check=PASS
FEED mat_stride63 slot=2 order_mat Astep=63 Bstep=0 us=40.647 TF=132.080 check=PASS
FEED mat_stride63 slot=3 order_mat Astep=1 Bstep=0 us=29.355 TF=182.887 check=PASS
FEED mat_stride63 slot=4 order_mat Astep=1 Bstep=0 us=29.347 TF=182.938 check=PASS
FEED mat_stride63 slot=5 order_mat Astep=63 Bstep=0 us=40.633 TF=132.127 check=PASS
FEED mat_stride63 slot=6 order_mat Astep=63 Bstep=0 us=40.640 TF=132.104 check=PASS
FEED mat_stride63 slot=7 order_mat Astep=1 Bstep=0 us=29.274 TF=183.397 check=PASS
FEED mat_stride129 slot=0 order_mat Astep=1 Bstep=0 us=29.373 TF=182.777 check=PASS
FEED mat_stride129 slot=1 order_mat Astep=129 Bstep=0 us=40.690 TF=131.943 check=PASS
FEED mat_stride129 slot=2 order_mat Astep=129 Bstep=0 us=40.792 TF=131.611 check=PASS
FEED mat_stride129 slot=3 order_mat Astep=1 Bstep=0 us=29.522 TF=181.851 check=PASS
FEED mat_stride129 slot=4 order_mat Astep=1 Bstep=0 us=29.456 TF=182.259 check=PASS
FEED mat_stride129 slot=5 order_mat Astep=129 Bstep=0 us=40.663 TF=132.031 check=PASS
FEED mat_stride129 slot=6 order_mat Astep=129 Bstep=0 us=40.721 TF=131.842 check=PASS
FEED mat_stride129 slot=7 order_mat Astep=1 Bstep=0 us=29.443 TF=182.345 check=PASS
FEED load_order_control slot=0 load_i1 Astep=0 Bstep=0 us=37.419 TF=0.000 check=PASS
FEED load_order_control slot=1 order_load Astep=1 Bstep=0 us=37.724 TF=0.000 check=PASS
FEED load_order_control slot=2 order_load Astep=1 Bstep=0 us=37.620 TF=0.000 check=PASS
FEED load_order_control slot=3 load_i1 Astep=0 Bstep=0 us=37.368 TF=0.000 check=PASS
FEED load_order_control slot=4 load_i1 Astep=0 Bstep=0 us=37.592 TF=0.000 check=PASS
FEED load_order_control slot=5 order_load Astep=1 Bstep=0 us=37.811 TF=0.000 check=PASS
FEED load_order_control slot=6 order_load Astep=1 Bstep=0 us=37.721 TF=0.000 check=PASS
FEED load_order_control slot=7 load_i1 Astep=0 Bstep=0 us=37.370 TF=0.000 check=PASS
FEED load_stride17 slot=0 order_load Astep=1 Bstep=0 us=37.705 TF=0.000 check=PASS
FEED load_stride17 slot=1 order_load Astep=17 Bstep=0 us=38.694 TF=0.000 check=PASS
FEED load_stride17 slot=2 order_load Astep=17 Bstep=0 us=38.690 TF=0.000 check=PASS
FEED load_stride17 slot=3 order_load Astep=1 Bstep=0 us=37.631 TF=0.000 check=PASS
FEED load_stride17 slot=4 order_load Astep=1 Bstep=0 us=37.663 TF=0.000 check=PASS
FEED load_stride17 slot=5 order_load Astep=17 Bstep=0 us=38.766 TF=0.000 check=PASS
FEED load_stride17 slot=6 order_load Astep=17 Bstep=0 us=38.794 TF=0.000 check=PASS
FEED load_stride17 slot=7 order_load Astep=1 Bstep=0 us=37.665 TF=0.000 check=PASS
FEED load_stride63 slot=0 order_load Astep=1 Bstep=0 us=37.689 TF=0.000 check=PASS
FEED load_stride63 slot=1 order_load Astep=63 Bstep=0 us=39.184 TF=0.000 check=PASS
FEED load_stride63 slot=2 order_load Astep=63 Bstep=0 us=39.140 TF=0.000 check=PASS
FEED load_stride63 slot=3 order_load Astep=1 Bstep=0 us=37.750 TF=0.000 check=PASS
FEED load_stride63 slot=4 order_load Astep=1 Bstep=0 us=37.810 TF=0.000 check=PASS
FEED load_stride63 slot=5 order_load Astep=63 Bstep=0 us=39.041 TF=0.000 check=PASS
FEED load_stride63 slot=6 order_load Astep=63 Bstep=0 us=39.113 TF=0.000 check=PASS
FEED load_stride63 slot=7 order_load Astep=1 Bstep=0 us=37.681 TF=0.000 check=PASS
FEED load_stride129 slot=0 order_load Astep=1 Bstep=0 us=37.819 TF=0.000 check=PASS
FEED load_stride129 slot=1 order_load Astep=129 Bstep=0 us=38.031 TF=0.000 check=PASS
FEED load_stride129 slot=2 order_load Astep=129 Bstep=0 us=37.899 TF=0.000 check=PASS
FEED load_stride129 slot=3 order_load Astep=1 Bstep=0 us=37.800 TF=0.000 check=PASS
FEED load_stride129 slot=4 order_load Astep=1 Bstep=0 us=37.764 TF=0.000 check=PASS
FEED load_stride129 slot=5 order_load Astep=129 Bstep=0 us=37.955 TF=0.000 check=PASS
FEED load_stride129 slot=6 order_load Astep=129 Bstep=0 us=37.812 TF=0.000 check=PASS
FEED load_stride129 slot=7 order_load Astep=1 Bstep=0 us=37.735 TF=0.000 check=PASS
