device=AMD Radeon RX 9070 XT arch=gfx1201 MPs=32
conditioned=1 fixed_A_bytes=655360 fixed_B_bytes=4194304 A=0000003c00100000 B=0000003c04000000
FEED row_control slot=0 pair128_loadonly_multi Astep=0 Bstep=0 us=37.372 TF=0.000 check=PASS
FEED row_control slot=1 pair128_loadonly_rows Astep=1023 Bstep=0 us=37.171 TF=0.000 check=PASS
FEED row_control slot=2 pair128_loadonly_rows Astep=1023 Bstep=0 us=36.558 TF=0.000 check=PASS
FEED row_control slot=3 pair128_loadonly_multi Astep=0 Bstep=0 us=36.403 TF=0.000 check=PASS
FEED row_control slot=4 pair128_loadonly_multi Astep=0 Bstep=0 us=36.450 TF=0.000 check=PASS
FEED row_control slot=5 pair128_loadonly_rows Astep=1023 Bstep=0 us=36.665 TF=0.000 check=PASS
FEED row_control slot=6 pair128_loadonly_rows Astep=1023 Bstep=0 us=36.597 TF=0.000 check=PASS
FEED row_control slot=7 pair128_loadonly_multi Astep=0 Bstep=0 us=36.437 TF=0.000 check=PASS
FEED row_fold slot=0 pair128_loadonly_rows Astep=1023 Bstep=0 us=36.713 TF=0.000 check=PASS
FEED row_fold slot=1 pair128_loadonly_rows Astep=255 Bstep=0 us=36.493 TF=0.000 check=PASS
FEED row_fold slot=2 pair128_loadonly_rows Astep=255 Bstep=0 us=36.632 TF=0.000 check=PASS
FEED row_fold slot=3 pair128_loadonly_rows Astep=1023 Bstep=0 us=36.644 TF=0.000 check=PASS
FEED row_fold slot=4 pair128_loadonly_rows Astep=1023 Bstep=0 us=36.684 TF=0.000 check=PASS
FEED row_fold slot=5 pair128_loadonly_rows Astep=255 Bstep=0 us=36.498 TF=0.000 check=PASS
FEED row_fold slot=6 pair128_loadonly_rows Astep=255 Bstep=0 us=36.385 TF=0.000 check=PASS
FEED row_fold slot=7 pair128_loadonly_rows Astep=1023 Bstep=0 us=36.665 TF=0.000 check=PASS
FEED same_workset slot=0 pair128_loadonly_rows Astep=255 Bstep=0 us=12.322 TF=0.000 check=PASS
FEED same_workset slot=1 pair128_loadonly_rows Astep=255 Bstep=0 us=36.340 TF=0.000 check=PASS
FEED same_workset slot=2 pair128_loadonly_rows Astep=255 Bstep=0 us=36.378 TF=0.000 check=PASS
FEED same_workset slot=3 pair128_loadonly_rows Astep=255 Bstep=0 us=12.140 TF=0.000 check=PASS
FEED same_workset slot=4 pair128_loadonly_rows Astep=255 Bstep=0 us=12.098 TF=0.000 check=PASS
FEED same_workset slot=5 pair128_loadonly_rows Astep=255 Bstep=0 us=36.395 TF=0.000 check=PASS
FEED same_workset slot=6 pair128_loadonly_rows Astep=255 Bstep=0 us=36.342 TF=0.000 check=PASS
FEED same_workset slot=7 pair128_loadonly_rows Astep=255 Bstep=0 us=12.297 TF=0.000 check=PASS
FEED boundary_low slot=0 pair128_loadonly_rows Astep=255 Bstep=0 us=26.472 TF=0.000 check=PASS
FEED boundary_low slot=1 pair128_loadonly_rows Astep=255 Bstep=0 us=17.880 TF=0.000 check=PASS
FEED boundary_low slot=2 pair128_loadonly_rows Astep=255 Bstep=0 us=17.871 TF=0.000 check=PASS
FEED boundary_low slot=3 pair128_loadonly_rows Astep=255 Bstep=0 us=26.504 TF=0.000 check=PASS
FEED boundary_low slot=4 pair128_loadonly_rows Astep=255 Bstep=0 us=26.382 TF=0.000 check=PASS
FEED boundary_low slot=5 pair128_loadonly_rows Astep=255 Bstep=0 us=17.869 TF=0.000 check=PASS
FEED boundary_low slot=6 pair128_loadonly_rows Astep=255 Bstep=0 us=17.857 TF=0.000 check=PASS
FEED boundary_low slot=7 pair128_loadonly_rows Astep=255 Bstep=0 us=26.510 TF=0.000 check=PASS
FEED boundary_high slot=0 pair128_loadonly_rows Astep=255 Bstep=0 us=17.849 TF=0.000 check=PASS
FEED boundary_high slot=1 pair128_loadonly_rows Astep=255 Bstep=0 us=22.634 TF=0.000 check=PASS
FEED boundary_high slot=2 pair128_loadonly_rows Astep=255 Bstep=0 us=22.521 TF=0.000 check=PASS
FEED boundary_high slot=3 pair128_loadonly_rows Astep=255 Bstep=0 us=17.814 TF=0.000 check=PASS
FEED boundary_high slot=4 pair128_loadonly_rows Astep=255 Bstep=0 us=17.818 TF=0.000 check=PASS
FEED boundary_high slot=5 pair128_loadonly_rows Astep=255 Bstep=0 us=22.514 TF=0.000 check=PASS
FEED boundary_high slot=6 pair128_loadonly_rows Astep=255 Bstep=0 us=22.602 TF=0.000 check=PASS
FEED boundary_high slot=7 pair128_loadonly_rows Astep=255 Bstep=0 us=17.814 TF=0.000 check=PASS
