RadeonDeveloperPanelCLI - Profiling (RGP) Mode
========================================
[DevDriver] Failed to query AMD driver service name - STATUS_INVALID_PARAMETER (0xc000000d)
[ERROR] [Driver Experiments Manager] (PID:0) Failed to query driver settings blob for Vulkan.
Capture API initialized successfully
Profiling (RGP) feature enabled (auto-capture enabled)
Waiting for GPU application to connect...
Process filter: page_counter
Press Ctrl+C to exit.

Auto-capture enabled, waiting for capture to complete...
Connecting to process: D:\DLSSNR-Lab\hip-backend\wmma-page-gap\page_counter.exe (PID: 26648)
[INFO] [RGP Trace Source] (PID:26648) Client connected [6951 HIP]
[INFO] [RGP Trace Source] (PID:26648) Client reached init state [6951 HIP]
[Status] Disconnected
[INFO] [RGP Trace Source] (PID:26648) Initialized new client [6951 HIP]
[Status] Ready for capture
[INFO] [RGP Trace Source] (PID:26648) Client reached POSTDEVICEINIT state [6951 HIP]
[INFO] [RGP Trace Source] (PID:26648) Successfully updated config [6951 HIP]
[INFO] [RGP Trace Source] (PID:26648) Successfully queried SPM counters [6951 HIP]
[INFO] [RGP Trace Source] (PID:26648) Successfully updated config [6951 HIP]
[INFO] [RGP Trace Source] (PID:26648) Successfully set clocks to peak [6951 HIP]

  [>                                       ]   0%   [INFO] [RGP Trace Source] (PID:26648) Successfully requested trace [6951 HIP]


[Status] Capturing
[Status] Dumping trace data

  [>                                       ]   0%  0.0 / 6.6 MB
  [>                                       ]   0%  0.1 / 6.6 MB
  [>                                       ]   1%  0.1 / 6.6 MB
  [#>                                      ]   2%  0.2 / 6.6 MB
  [#>                                      ]   3%  0.2 / 6.6 MB
  [#>                                      ]   4%  0.3 / 6.6 MB
  [##>                                     ]   5%  0.4 / 6.6 MB
  [##>                                     ]   6%  0.4 / 6.6 MB
  [###>                                    ]   7%  0.5 / 6.6 MB
  [###>                                    ]   8%  0.6 / 6.6 MB
  [###>                                    ]   9%  0.6 / 6.6 MB
  [####>                                   ]  10%  0.7 / 6.6 MB
  [####>                                   ]  11%  0.8 / 6.6 MB
  [####>                                   ]  12%  0.8 / 6.6 MB
  [#####>                                  ]  13%  0.9 / 6.6 MB
  [#####>                                  ]  14%  0.9 / 6.6 MB
  [######>                                 ]  15%  1.0 / 6.6 MB
  [######>                                 ]  16%  1.1 / 6.6 MB
  [######>                                 ]  17%  1.1 / 6.6 MB
  [#######>                                ]  17%  1.2 / 6.6 MB
  [#######>                                ]  18%  1.2 / 6.6 MB
  [#######>                                ]  19%  1.3 / 6.6 MB
  [########>                               ]  20%  1.4 / 6.6 MB
  [########>                               ]  21%  1.4 / 6.6 MB
  [#########>                              ]  22%  1.5 / 6.6 MB
  [#########>                              ]  23%  1.6 / 6.6 MB
  [#########>                              ]  24%  1.6 / 6.6 MB
  [##########>                             ]  25%  1.7 / 6.6 MB
  [##########>                             ]  26%  1.8 / 6.6 MB
  [##########>                             ]  27%  1.8 / 6.6 MB
  [###########>                            ]  28%  1.9 / 6.6 MB
  [###########>                            ]  29%  1.9 / 6.6 MB
  [############>                           ]  30%  2.0 / 6.6 MB
  [############>                           ]  31%  2.1 / 6.6 MB
  [############>                           ]  32%  2.1 / 6.6 MB
  [#############>                          ]  33%  2.2 / 6.6 MB
  [#############>                          ]  34%  2.2 / 6.6 MB
  [#############>                          ]  34%  2.3 / 6.6 MB
  [##############>                         ]  35%  2.4 / 6.6 MB
  [##############>                         ]  36%  2.4 / 6.6 MB
  [###############>                        ]  37%  2.5 / 6.6 MB
  [###############>                        ]  38%  2.6 / 6.6 MB
  [###############>                        ]  39%  2.6 / 6.6 MB
  [################>                       ]  40%  2.7 / 6.6 MB
  [################>                       ]  41%  2.8 / 6.6 MB
  [#################>                      ]  42%  2.8 / 6.6 MB
  [#################>                      ]  43%  2.9 / 6.6 MB
  [#################>                      ]  44%  2.9 / 6.6 MB
  [##################>                     ]  45%  3.0 / 6.6 MB
  [##################>                     ]  46%  3.1 / 6.6 MB
  [##################>                     ]  47%  3.1 / 6.6 MB
  [###################>                    ]  48%  3.2 / 6.6 MB
  [###################>                    ]  49%  3.2 / 6.6 MB
  [####################>                   ]  50%  3.3 / 6.6 MB
  [####################>                   ]  51%  3.4 / 6.6 MB
  [####################>                   ]  52%  3.4 / 6.6 MB
  [#####################>                  ]  52%  3.5 / 6.6 MB
  [#####################>                  ]  53%  3.6 / 6.6 MB
  [#####################>                  ]  54%  3.6 / 6.6 MB
  [######################>                 ]  55%  3.7 / 6.6 MB
  [######################>                 ]  56%  3.8 / 6.6 MB
  [#######################>                ]  57%  3.8 / 6.6 MB
  [#######################>                ]  58%  3.9 / 6.6 MB
  [#######################>                ]  59%  3.9 / 6.6 MB
  [########################>               ]  60%  4.0 / 6.6 MB
  [########################>               ]  61%  4.1 / 6.6 MB
  [########################>               ]  62%  4.1 / 6.6 MB
  [#########################>              ]  63%  4.2 / 6.6 MB
  [#########################>              ]  64%  4.2 / 6.6 MB
  [##########################>             ]  65%  4.3 / 6.6 MB
  [##########################>             ]  66%  4.4 / 6.6 MB
  [##########################>             ]  67%  4.4 / 6.6 MB
  [###########################>            ]  68%  4.5 / 6.6 MB
  [###########################>            ]  69%  4.6 / 6.6 MB
  [###########################>            ]  69%  4.6 / 6.6 MB
  [############################>           ]  70%  4.7 / 6.6 MB
  [############################>           ]  71%  4.8 / 6.6 MB
  [#############################>          ]  72%  4.8 / 6.6 MB
  [#############################>          ]  73%  4.9 / 6.6 MB
  [#############################>          ]  74%  4.9 / 6.6 MB
  [##############################>         ]  75%  5.0 / 6.6 MB
  [##############################>         ]  76%  5.1 / 6.6 MB
  [###############################>        ]  77%  5.1 / 6.6 MB
  [###############################>        ]  78%  5.2 / 6.6 MB
  [###############################>        ]  79%  5.2 / 6.6 MB
  [################################>       ]  80%  5.3 / 6.6 MB
  [################################>       ]  81%  5.4 / 6.6 MB
  [################################>       ]  82%  5.4 / 6.6 MB
  [#################################>      ]  83%  5.5 / 6.6 MB
  [#################################>      ]  84%  5.6 / 6.6 MB
  [##################################>     ]  85%  5.6 / 6.6 MB
  [##################################>     ]  86%  5.7 / 6.6 MB
  [##################################>     ]  86%  5.8 / 6.6 MB
  [###################################>    ]  87%  5.8 / 6.6 MB
  [###################################>    ]  88%  5.9 / 6.6 MB
  [###################################>    ]  89%  5.9 / 6.6 MB
  [####################################>   ]  90%  6.0 / 6.6 MB
  [####################################>   ]  91%  6.1 / 6.6 MB
  [#####################################>  ]  92%  6.1 / 6.6 MB
  [#####################################>  ]  93%  6.2 / 6.6 MB
  [#####################################>  ]  94%  6.2 / 6.6 MB
  [######################################> ]  95%  6.3 / 6.6 MB
  [######################################> ]  96%  6.4 / 6.6 MB
  [######################################> ]  97%  6.4 / 6.6 MB
  [#######################################>]  98%  6.5 / 6.6 MB
  [#######################################>]  99%  6.6 / 6.6 MB
  [########################################] 100%  6.6 / 6.6 MB   [INFO] [RGP Trace Source] (PID:26648) Successfully collected and dumped trace [6951 HIP]
[INFO] [RGP Trace Source] (PID:26648) Successfully wrote additional chunks [6951 HIP]


[Status] Done
[Status] Processing trace data

  [>                                       ]   0%  Processing counter data...
  [#>                                      ]   3%  Processing counter data...
  [##>                                     ]   6%  Processing counter data...
  [###>                                    ]   9%  Processing counter data...
  [#####>                                  ]  12%  Processing counter data...
  [######>                                 ]  16%  Processing counter data...
  [#######>                                ]  19%  Processing counter data...
  [#########>                              ]  22%  Processing counter data...
  [##########>                             ]  25%  Processing counter data...
  [###########>                            ]  29%  Processing counter data...
  [############>                           ]  32%  Processing counter data...
  [##############>                         ]  35%  Processing counter data...
  [###############>                        ]  38%  Processing counter data...
  [################>                       ]  41%  Processing counter data...
  [##################>                     ]  45%  Processing counter data...
  [###################>                    ]  48%  Processing counter data...
  [####################>                   ]  51%  Processing counter data...
  [#####################>                  ]  54%  Processing counter data...
  [#######################>                ]  58%  Processing counter data...
  [########################>               ]  61%  Processing counter data...
  [#########################>              ]  64%  Processing counter data...
  [###########################>            ]  67%  Processing counter data...
  [############################>           ]  70%  Processing counter data...
  [#############################>          ]  74%  Processing counter data...
  [##############################>         ]  77%  Processing counter data...
  [################################>       ]  80%  Processing counter data...
  [#################################>      ]  83%  Processing counter data...
  [##################################>     ]  87%  Processing counter data...
  [####################################>   ]  90%  Processing counter data...
  [#####################################>  ]  93%  Processing counter data...
  [######################################> ]  96%  Processing counter data...
  [########################################] 100%  Processing counter data...   [INFO] [RGP Trace Source] (PID:0) Successfully processed derived counters for 2


[Status] Done
Profiling (RGP) trace completed successfully! Size: 7325320 bytes
Trace saved to: D:\DLSSNR-Lab\hip-backend\wmma-page-gap\counter-64-2048\trace.rgp
Size: 7325320 bytes
[INFO] [RGP Trace Source] (PID:26648) Successfully restored clocks [6951 HIP]
[INFO] [RGP Trace Source] (PID:26648) Client disconnected [6951 HIP]
[INFO] [RGP Trace Source] (PID:26648) Finished disconnecting client [6951 HIP]
[Status] Disconnected
Done!
