device=AMD Radeon RX 9070 XT arch=gfx1201 MPs=32
FEED reg_vs_plain slot=0 resident4 Astep=0 Bstep=0 us=11.025 TF=304.350 check=PASS
FEED reg_vs_plain slot=1 plain4 Astep=16 Bstep=16 us=81.757 TF=41.041 check=PASS
FEED reg_vs_plain slot=2 plain4 Astep=16 Bstep=16 us=81.661 TF=41.090 check=PASS
FEED reg_vs_plain slot=3 resident4 Astep=0 Bstep=0 us=11.050 TF=303.666 check=PASS
FEED reg_vs_plain slot=4 resident4 Astep=0 Bstep=0 us=11.053 TF=303.570 check=PASS
FEED reg_vs_plain slot=5 plain4 Astep=16 Bstep=16 us=82.717 TF=40.565 check=PASS
FEED reg_vs_plain slot=6 plain4 Astep=16 Bstep=16 us=82.183 TF=40.829 check=PASS
FEED reg_vs_plain slot=7 resident4 Astep=0 Bstep=0 us=11.088 TF=302.618 check=PASS
FEED volatile_control slot=0 plain4 Astep=16 Bstep=16 us=82.149 TF=40.846 check=PASS
FEED volatile_control slot=1 volatile4 Astep=16 Bstep=16 us=328.508 TF=10.214 check=PASS
FEED volatile_control slot=2 volatile4 Astep=16 Bstep=16 us=328.605 TF=10.211 check=PASS
FEED volatile_control slot=3 plain4 Astep=16 Bstep=16 us=80.782 TF=41.537 check=PASS
FEED volatile_control slot=4 plain4 Astep=16 Bstep=16 us=79.043 TF=42.451 check=PASS
FEED volatile_control slot=5 volatile4 Astep=16 Bstep=16 us=328.463 TF=10.216 check=PASS
FEED volatile_control slot=6 volatile4 Astep=16 Bstep=16 us=328.476 TF=10.215 check=PASS
FEED volatile_control slot=7 plain4 Astep=16 Bstep=16 us=80.657 TF=41.602 check=PASS
FEED both_address slot=0 volatile4 Astep=0 Bstep=0 us=1048.942 TF=3.199 check=PASS
FEED both_address slot=1 volatile4 Astep=16 Bstep=16 us=328.494 TF=10.215 check=PASS
FEED both_address slot=2 volatile4 Astep=16 Bstep=16 us=328.526 TF=10.214 check=PASS
FEED both_address slot=3 volatile4 Astep=0 Bstep=0 us=1049.467 TF=3.197 check=PASS
FEED both_address slot=4 volatile4 Astep=0 Bstep=0 us=1049.763 TF=3.196 check=PASS
FEED both_address slot=5 volatile4 Astep=16 Bstep=16 us=328.642 TF=10.210 check=PASS
FEED both_address slot=6 volatile4 Astep=16 Bstep=16 us=328.493 TF=10.215 check=PASS
FEED both_address slot=7 volatile4 Astep=0 Bstep=0 us=1049.068 TF=3.198 check=PASS
FEED A_address slot=0 volatile4 Astep=0 Bstep=16 us=355.712 TF=9.433 check=PASS
FEED A_address slot=1 volatile4 Astep=16 Bstep=16 us=328.341 TF=10.219 check=PASS
FEED A_address slot=2 volatile4 Astep=16 Bstep=16 us=328.500 TF=10.214 check=PASS
FEED A_address slot=3 volatile4 Astep=0 Bstep=16 us=352.960 TF=9.507 check=PASS
FEED A_address slot=4 volatile4 Astep=0 Bstep=16 us=353.108 TF=9.503 check=PASS
FEED A_address slot=5 volatile4 Astep=16 Bstep=16 us=328.620 TF=10.211 check=PASS
FEED A_address slot=6 volatile4 Astep=16 Bstep=16 us=328.614 TF=10.211 check=PASS
FEED A_address slot=7 volatile4 Astep=0 Bstep=16 us=353.167 TF=9.501 check=PASS
FEED B_address slot=0 volatile4 Astep=16 Bstep=0 us=949.750 TF=3.533 check=PASS
FEED B_address slot=1 volatile4 Astep=16 Bstep=16 us=328.572 TF=10.212 check=PASS
FEED B_address slot=2 volatile4 Astep=16 Bstep=16 us=328.345 TF=10.219 check=PASS
FEED B_address slot=3 volatile4 Astep=16 Bstep=0 us=949.045 TF=3.536 check=PASS
FEED B_address slot=4 volatile4 Astep=16 Bstep=0 us=949.570 TF=3.534 check=PASS
FEED B_address slot=5 volatile4 Astep=16 Bstep=16 us=328.425 TF=10.217 check=PASS
FEED B_address slot=6 volatile4 Astep=16 Bstep=16 us=328.315 TF=10.220 check=PASS
FEED B_address slot=7 volatile4 Astep=16 Bstep=0 us=949.286 TF=3.535 check=PASS
FEED chains1_4 slot=0 resident1 Astep=0 Bstep=0 us=10.414 TF=322.218 check=PASS
FEED chains1_4 slot=1 resident4 Astep=0 Bstep=0 us=11.077 TF=302.927 check=PASS
FEED chains1_4 slot=2 resident4 Astep=0 Bstep=0 us=11.080 TF=302.828 check=PASS
FEED chains1_4 slot=3 resident1 Astep=0 Bstep=0 us=10.479 TF=320.209 check=PASS
FEED chains1_4 slot=4 resident1 Astep=0 Bstep=0 us=10.461 TF=320.743 check=PASS
FEED chains1_4 slot=5 resident4 Astep=0 Bstep=0 us=11.100 TF=302.281 check=PASS
FEED chains1_4 slot=6 resident4 Astep=0 Bstep=0 us=11.082 TF=302.783 check=PASS
FEED chains1_4 slot=7 resident1 Astep=0 Bstep=0 us=10.456 TF=320.901 check=PASS
FEED chains2_4 slot=0 resident2 Astep=0 Bstep=0 us=10.988 TF=305.363 check=PASS
FEED chains2_4 slot=1 resident4 Astep=0 Bstep=0 us=11.083 TF=302.763 check=PASS
FEED chains2_4 slot=2 resident4 Astep=0 Bstep=0 us=11.088 TF=302.608 check=PASS
FEED chains2_4 slot=3 resident2 Astep=0 Bstep=0 us=10.980 TF=305.604 check=PASS
FEED chains2_4 slot=4 resident2 Astep=0 Bstep=0 us=10.976 TF=305.714 check=PASS
FEED chains2_4 slot=5 resident4 Astep=0 Bstep=0 us=11.095 TF=302.422 check=PASS
FEED chains2_4 slot=6 resident4 Astep=0 Bstep=0 us=11.084 TF=302.723 check=PASS
FEED chains2_4 slot=7 resident2 Astep=0 Bstep=0 us=10.966 TF=305.996 check=PASS
FEED chains4_8 slot=0 resident4 Astep=0 Bstep=0 us=11.091 TF=302.551 check=PASS
FEED chains4_8 slot=1 resident8 Astep=0 Bstep=0 us=11.382 TF=294.801 check=PASS
FEED chains4_8 slot=2 resident8 Astep=0 Bstep=0 us=11.389 TF=294.621 check=PASS
FEED chains4_8 slot=3 resident4 Astep=0 Bstep=0 us=11.105 TF=302.163 check=PASS
FEED chains4_8 slot=4 resident4 Astep=0 Bstep=0 us=11.094 TF=302.465 check=PASS
FEED chains4_8 slot=5 resident8 Astep=0 Bstep=0 us=11.394 TF=294.505 check=PASS
FEED chains4_8 slot=6 resident8 Astep=0 Bstep=0 us=11.386 TF=294.705 check=PASS
FEED chains4_8 slot=7 resident4 Astep=0 Bstep=0 us=11.099 TF=302.318 check=PASS
FEED chains4_16 slot=0 resident4 Astep=0 Bstep=0 us=11.102 TF=302.232 check=PASS
FEED chains4_16 slot=1 resident16 Astep=0 Bstep=0 us=15.231 TF=220.298 check=PASS
FEED chains4_16 slot=2 resident16 Astep=0 Bstep=0 us=15.171 TF=221.176 check=PASS
FEED chains4_16 slot=3 resident4 Astep=0 Bstep=0 us=11.091 TF=302.525 check=PASS
FEED chains4_16 slot=4 resident4 Astep=0 Bstep=0 us=11.099 TF=302.310 check=PASS
FEED chains4_16 slot=5 resident16 Astep=0 Bstep=0 us=15.134 TF=221.710 check=PASS
FEED chains4_16 slot=6 resident16 Astep=0 Bstep=0 us=15.093 TF=222.322 check=PASS
FEED chains4_16 slot=7 resident4 Astep=0 Bstep=0 us=11.104 TF=302.187 check=PASS
