device=AMD Radeon RX 9070 XT arch=gfx1201 MPs=32
conditioned=1
FEED calibrate_64 slot=0 masked4 Amask=1023 Bmask=63 pitch=16384 us=49.208 TF=109.102 check=PASS
FEED calibrate_64 slot=1 pitched4 Amask=1023 Bmask=63 pitch=16384 us=48.339 TF=111.065 check=PASS
FEED calibrate_64 slot=2 pitched4 Amask=1023 Bmask=63 pitch=16384 us=48.175 TF=111.442 check=PASS
FEED calibrate_64 slot=3 masked4 Amask=1023 Bmask=63 pitch=16384 us=48.828 TF=109.952 check=PASS
FEED calibrate_64 slot=4 masked4 Amask=1023 Bmask=63 pitch=16384 us=48.848 TF=109.907 check=PASS
FEED calibrate_64 slot=5 pitched4 Amask=1023 Bmask=63 pitch=16384 us=48.339 TF=111.064 check=PASS
FEED calibrate_64 slot=6 pitched4 Amask=1023 Bmask=63 pitch=16384 us=48.361 TF=111.014 check=PASS
FEED calibrate_64 slot=7 masked4 Amask=1023 Bmask=63 pitch=16384 us=48.733 TF=110.165 check=PASS
FEED span64_pad64 slot=0 pitched4 Amask=1023 Bmask=63 pitch=16384 us=48.316 TF=111.117 check=PASS
FEED span64_pad64 slot=1 pitched4 Amask=1023 Bmask=63 pitch=16448 us=23.263 TF=230.782 check=PASS
FEED span64_pad64 slot=2 pitched4 Amask=1023 Bmask=63 pitch=16448 us=23.280 TF=230.614 check=PASS
FEED span64_pad64 slot=3 pitched4 Amask=1023 Bmask=63 pitch=16384 us=48.280 TF=111.200 check=PASS
FEED span64_pad64 slot=4 pitched4 Amask=1023 Bmask=63 pitch=16384 us=48.103 TF=111.609 check=PASS
FEED span64_pad64 slot=5 pitched4 Amask=1023 Bmask=63 pitch=16448 us=23.283 TF=230.582 check=PASS
FEED span64_pad64 slot=6 pitched4 Amask=1023 Bmask=63 pitch=16448 us=23.285 TF=230.568 check=PASS
FEED span64_pad64 slot=7 pitched4 Amask=1023 Bmask=63 pitch=16384 us=48.107 TF=111.599 check=PASS
FEED span64_pad128 slot=0 pitched4 Amask=1023 Bmask=63 pitch=16384 us=48.125 TF=111.558 check=PASS
FEED span64_pad128 slot=1 pitched4 Amask=1023 Bmask=63 pitch=16512 us=22.464 TF=238.996 check=PASS
FEED span64_pad128 slot=2 pitched4 Amask=1023 Bmask=63 pitch=16512 us=22.430 TF=239.359 check=PASS
FEED span64_pad128 slot=3 pitched4 Amask=1023 Bmask=63 pitch=16384 us=48.204 TF=111.374 check=PASS
FEED span64_pad128 slot=4 pitched4 Amask=1023 Bmask=63 pitch=16384 us=48.140 TF=111.524 check=PASS
FEED span64_pad128 slot=5 pitched4 Amask=1023 Bmask=63 pitch=16512 us=22.477 TF=238.856 check=PASS
FEED span64_pad128 slot=6 pitched4 Amask=1023 Bmask=63 pitch=16512 us=22.393 TF=239.755 check=PASS
FEED span64_pad128 slot=7 pitched4 Amask=1023 Bmask=63 pitch=16384 us=48.309 TF=111.134 check=PASS
FEED span64_pad256 slot=0 pitched4 Amask=1023 Bmask=63 pitch=16384 us=48.253 TF=111.263 check=PASS
FEED span64_pad256 slot=1 pitched4 Amask=1023 Bmask=63 pitch=16640 us=22.245 TF=241.341 check=PASS
FEED span64_pad256 slot=2 pitched4 Amask=1023 Bmask=63 pitch=16640 us=22.245 TF=241.350 check=PASS
FEED span64_pad256 slot=3 pitched4 Amask=1023 Bmask=63 pitch=16384 us=48.202 TF=111.379 check=PASS
FEED span64_pad256 slot=4 pitched4 Amask=1023 Bmask=63 pitch=16384 us=48.267 TF=111.230 check=PASS
FEED span64_pad256 slot=5 pitched4 Amask=1023 Bmask=63 pitch=16640 us=22.252 TF=241.268 check=PASS
FEED span64_pad256 slot=6 pitched4 Amask=1023 Bmask=63 pitch=16640 us=22.256 TF=241.228 check=PASS
FEED span64_pad256 slot=7 pitched4 Amask=1023 Bmask=63 pitch=16384 us=48.237 TF=111.297 check=PASS
FEED span64_pad512 slot=0 pitched4 Amask=1023 Bmask=63 pitch=16384 us=48.274 TF=111.214 check=PASS
FEED span64_pad512 slot=1 pitched4 Amask=1023 Bmask=63 pitch=16896 us=22.138 TF=242.514 check=PASS
FEED span64_pad512 slot=2 pitched4 Amask=1023 Bmask=63 pitch=16896 us=22.123 TF=242.672 check=PASS
FEED span64_pad512 slot=3 pitched4 Amask=1023 Bmask=63 pitch=16384 us=48.393 TF=110.939 check=PASS
FEED span64_pad512 slot=4 pitched4 Amask=1023 Bmask=63 pitch=16384 us=48.270 TF=111.224 check=PASS
FEED span64_pad512 slot=5 pitched4 Amask=1023 Bmask=63 pitch=16896 us=22.125 TF=242.656 check=PASS
FEED span64_pad512 slot=6 pitched4 Amask=1023 Bmask=63 pitch=16896 us=22.153 TF=242.348 check=PASS
FEED span64_pad512 slot=7 pitched4 Amask=1023 Bmask=63 pitch=16384 us=48.313 TF=111.123 check=PASS
FEED span64_pad1024 slot=0 pitched4 Amask=1023 Bmask=63 pitch=16384 us=48.241 TF=111.288 check=PASS
FEED span64_pad1024 slot=1 pitched4 Amask=1023 Bmask=63 pitch=17408 us=22.199 TF=241.847 check=PASS
FEED span64_pad1024 slot=2 pitched4 Amask=1023 Bmask=63 pitch=17408 us=22.182 TF=242.028 check=PASS
FEED span64_pad1024 slot=3 pitched4 Amask=1023 Bmask=63 pitch=16384 us=48.407 TF=110.907 check=PASS
FEED span64_pad1024 slot=4 pitched4 Amask=1023 Bmask=63 pitch=16384 us=48.211 TF=111.359 check=PASS
FEED span64_pad1024 slot=5 pitched4 Amask=1023 Bmask=63 pitch=17408 us=22.288 TF=240.879 check=PASS
FEED span64_pad1024 slot=6 pitched4 Amask=1023 Bmask=63 pitch=17408 us=22.251 TF=241.281 check=PASS
FEED span64_pad1024 slot=7 pitched4 Amask=1023 Bmask=63 pitch=16384 us=48.381 TF=110.968 check=PASS
FEED calibrate_128 slot=0 masked4 Amask=1023 Bmask=127 pitch=16384 us=30.833 TF=174.123 check=PASS
FEED calibrate_128 slot=1 pitched4 Amask=1023 Bmask=127 pitch=16384 us=28.440 TF=188.774 check=PASS
FEED calibrate_128 slot=2 pitched4 Amask=1023 Bmask=127 pitch=16384 us=28.490 TF=188.443 check=PASS
FEED calibrate_128 slot=3 masked4 Amask=1023 Bmask=127 pitch=16384 us=30.969 TF=173.360 check=PASS
FEED calibrate_128 slot=4 masked4 Amask=1023 Bmask=127 pitch=16384 us=30.982 TF=173.287 check=PASS
FEED calibrate_128 slot=5 pitched4 Amask=1023 Bmask=127 pitch=16384 us=28.606 TF=187.677 check=PASS
FEED calibrate_128 slot=6 pitched4 Amask=1023 Bmask=127 pitch=16384 us=28.584 TF=187.824 check=PASS
FEED calibrate_128 slot=7 masked4 Amask=1023 Bmask=127 pitch=16384 us=30.992 TF=173.228 check=PASS
FEED span128_pad64 slot=0 pitched4 Amask=1023 Bmask=127 pitch=16384 us=28.632 TF=187.506 check=PASS
FEED span128_pad64 slot=1 pitched4 Amask=1023 Bmask=127 pitch=16448 us=25.644 TF=209.359 check=PASS
FEED span128_pad64 slot=2 pitched4 Amask=1023 Bmask=127 pitch=16448 us=25.694 TF=208.946 check=PASS
FEED span128_pad64 slot=3 pitched4 Amask=1023 Bmask=127 pitch=16384 us=28.729 TF=186.877 check=PASS
FEED span128_pad64 slot=4 pitched4 Amask=1023 Bmask=127 pitch=16384 us=28.665 TF=187.294 check=PASS
FEED span128_pad64 slot=5 pitched4 Amask=1023 Bmask=127 pitch=16448 us=25.760 TF=208.415 check=PASS
FEED span128_pad64 slot=6 pitched4 Amask=1023 Bmask=127 pitch=16448 us=25.819 TF=207.935 check=PASS
FEED span128_pad64 slot=7 pitched4 Amask=1023 Bmask=127 pitch=16384 us=28.785 TF=186.508 check=PASS
FEED span128_pad128 slot=0 pitched4 Amask=1023 Bmask=127 pitch=16384 us=28.841 TF=186.146 check=PASS
FEED span128_pad128 slot=1 pitched4 Amask=1023 Bmask=127 pitch=16512 us=24.537 TF=218.804 check=PASS
FEED span128_pad128 slot=2 pitched4 Amask=1023 Bmask=127 pitch=16512 us=24.521 TF=218.946 check=PASS
FEED span128_pad128 slot=3 pitched4 Amask=1023 Bmask=127 pitch=16384 us=28.882 TF=185.886 check=PASS
FEED span128_pad128 slot=4 pitched4 Amask=1023 Bmask=127 pitch=16384 us=28.835 TF=186.188 check=PASS
FEED span128_pad128 slot=5 pitched4 Amask=1023 Bmask=127 pitch=16512 us=24.507 TF=219.072 check=PASS
FEED span128_pad128 slot=6 pitched4 Amask=1023 Bmask=127 pitch=16512 us=24.503 TF=219.101 check=PASS
FEED span128_pad128 slot=7 pitched4 Amask=1023 Bmask=127 pitch=16384 us=28.848 TF=186.105 check=PASS
FEED span128_pad256 slot=0 pitched4 Amask=1023 Bmask=127 pitch=16384 us=28.889 TF=185.840 check=PASS
FEED span128_pad256 slot=1 pitched4 Amask=1023 Bmask=127 pitch=16640 us=24.247 TF=221.415 check=PASS
FEED span128_pad256 slot=2 pitched4 Amask=1023 Bmask=127 pitch=16640 us=24.261 TF=221.291 check=PASS
FEED span128_pad256 slot=3 pitched4 Amask=1023 Bmask=127 pitch=16384 us=28.927 TF=185.595 check=PASS
FEED span128_pad256 slot=4 pitched4 Amask=1023 Bmask=127 pitch=16384 us=29.034 TF=184.909 check=PASS
FEED span128_pad256 slot=5 pitched4 Amask=1023 Bmask=127 pitch=16640 us=24.323 TF=220.726 check=PASS
FEED span128_pad256 slot=6 pitched4 Amask=1023 Bmask=127 pitch=16640 us=24.335 TF=220.615 check=PASS
FEED span128_pad256 slot=7 pitched4 Amask=1023 Bmask=127 pitch=16384 us=28.938 TF=185.523 check=PASS
FEED span128_pad512 slot=0 pitched4 Amask=1023 Bmask=127 pitch=16384 us=28.972 TF=185.304 check=PASS
FEED span128_pad512 slot=1 pitched4 Amask=1023 Bmask=127 pitch=16896 us=24.290 TF=221.023 check=PASS
FEED span128_pad512 slot=2 pitched4 Amask=1023 Bmask=127 pitch=16896 us=24.268 TF=221.223 check=PASS
FEED span128_pad512 slot=3 pitched4 Amask=1023 Bmask=127 pitch=16384 us=29.179 TF=183.992 check=PASS
FEED span128_pad512 slot=4 pitched4 Amask=1023 Bmask=127 pitch=16384 us=29.211 TF=183.794 check=PASS
FEED span128_pad512 slot=5 pitched4 Amask=1023 Bmask=127 pitch=16896 us=24.354 TF=220.447 check=PASS
FEED span128_pad512 slot=6 pitched4 Amask=1023 Bmask=127 pitch=16896 us=24.412 TF=219.920 check=PASS
FEED span128_pad512 slot=7 pitched4 Amask=1023 Bmask=127 pitch=16384 us=29.146 TF=184.201 check=PASS
FEED span128_pad1024 slot=0 pitched4 Amask=1023 Bmask=127 pitch=16384 us=29.165 TF=184.083 check=PASS
FEED span128_pad1024 slot=1 pitched4 Amask=1023 Bmask=127 pitch=17408 us=25.120 TF=213.721 check=PASS
FEED span128_pad1024 slot=2 pitched4 Amask=1023 Bmask=127 pitch=17408 us=25.031 TF=214.479 check=PASS
FEED span128_pad1024 slot=3 pitched4 Amask=1023 Bmask=127 pitch=16384 us=29.195 TF=183.890 check=PASS
FEED span128_pad1024 slot=4 pitched4 Amask=1023 Bmask=127 pitch=16384 us=29.321 TF=183.098 check=PASS
FEED span128_pad1024 slot=5 pitched4 Amask=1023 Bmask=127 pitch=17408 us=24.986 TF=214.873 check=PASS
FEED span128_pad1024 slot=6 pitched4 Amask=1023 Bmask=127 pitch=17408 us=24.983 TF=214.891 check=PASS
FEED span128_pad1024 slot=7 pitched4 Amask=1023 Bmask=127 pitch=16384 us=29.313 TF=183.153 check=PASS
FEED calibrate_1024 slot=0 masked4 Amask=1023 Bmask=1023 pitch=16384 us=35.649 TF=150.600 check=PASS
FEED calibrate_1024 slot=1 pitched4 Amask=1023 Bmask=1023 pitch=16384 us=31.849 TF=168.567 check=PASS
FEED calibrate_1024 slot=2 pitched4 Amask=1023 Bmask=1023 pitch=16384 us=31.844 TF=168.596 check=PASS
FEED calibrate_1024 slot=3 masked4 Amask=1023 Bmask=1023 pitch=16384 us=35.973 TF=149.243 check=PASS
FEED calibrate_1024 slot=4 masked4 Amask=1023 Bmask=1023 pitch=16384 us=36.076 TF=148.817 check=PASS
FEED calibrate_1024 slot=5 pitched4 Amask=1023 Bmask=1023 pitch=16384 us=31.600 TF=169.894 check=PASS
FEED calibrate_1024 slot=6 pitched4 Amask=1023 Bmask=1023 pitch=16384 us=31.735 TF=169.171 check=PASS
FEED calibrate_1024 slot=7 masked4 Amask=1023 Bmask=1023 pitch=16384 us=36.026 TF=149.025 check=PASS
FEED span1024_pad64 slot=0 pitched4 Amask=1023 Bmask=1023 pitch=16384 us=31.516 TF=170.349 check=PASS
FEED span1024_pad64 slot=1 pitched4 Amask=1023 Bmask=1023 pitch=16448 us=34.010 TF=157.857 check=PASS
FEED span1024_pad64 slot=2 pitched4 Amask=1023 Bmask=1023 pitch=16448 us=34.106 TF=157.411 check=PASS
FEED span1024_pad64 slot=3 pitched4 Amask=1023 Bmask=1023 pitch=16384 us=31.877 TF=168.419 check=PASS
FEED span1024_pad64 slot=4 pitched4 Amask=1023 Bmask=1023 pitch=16384 us=31.833 TF=168.653 check=PASS
FEED span1024_pad64 slot=5 pitched4 Amask=1023 Bmask=1023 pitch=16448 us=34.224 TF=156.869 check=PASS
FEED span1024_pad64 slot=6 pitched4 Amask=1023 Bmask=1023 pitch=16448 us=34.124 TF=157.329 check=PASS
FEED span1024_pad64 slot=7 pitched4 Amask=1023 Bmask=1023 pitch=16384 us=31.888 TF=168.364 check=PASS
FEED span1024_pad128 slot=0 pitched4 Amask=1023 Bmask=1023 pitch=16384 us=31.812 TF=168.762 check=PASS
FEED span1024_pad128 slot=1 pitched4 Amask=1023 Bmask=1023 pitch=16512 us=32.479 TF=165.298 check=PASS
FEED span1024_pad128 slot=2 pitched4 Amask=1023 Bmask=1023 pitch=16512 us=32.447 TF=165.460 check=PASS
FEED span1024_pad128 slot=3 pitched4 Amask=1023 Bmask=1023 pitch=16384 us=31.745 TF=169.121 check=PASS
FEED span1024_pad128 slot=4 pitched4 Amask=1023 Bmask=1023 pitch=16384 us=31.897 TF=168.316 check=PASS
FEED span1024_pad128 slot=5 pitched4 Amask=1023 Bmask=1023 pitch=16512 us=32.468 TF=165.353 check=PASS
FEED span1024_pad128 slot=6 pitched4 Amask=1023 Bmask=1023 pitch=16512 us=32.507 TF=165.154 check=PASS
FEED span1024_pad128 slot=7 pitched4 Amask=1023 Bmask=1023 pitch=16384 us=31.807 TF=168.790 check=PASS
FEED span1024_pad256 slot=0 pitched4 Amask=1023 Bmask=1023 pitch=16384 us=31.669 TF=169.524 check=PASS
FEED span1024_pad256 slot=1 pitched4 Amask=1023 Bmask=1023 pitch=16640 us=31.112 TF=172.559 check=PASS
FEED span1024_pad256 slot=2 pitched4 Amask=1023 Bmask=1023 pitch=16640 us=31.079 TF=172.745 check=PASS
FEED span1024_pad256 slot=3 pitched4 Amask=1023 Bmask=1023 pitch=16384 us=31.834 TF=168.646 check=PASS
FEED span1024_pad256 slot=4 pitched4 Amask=1023 Bmask=1023 pitch=16384 us=31.737 TF=169.161 check=PASS
FEED span1024_pad256 slot=5 pitched4 Amask=1023 Bmask=1023 pitch=16640 us=31.141 TF=172.400 check=PASS
FEED span1024_pad256 slot=6 pitched4 Amask=1023 Bmask=1023 pitch=16640 us=31.124 TF=172.497 check=PASS
FEED span1024_pad256 slot=7 pitched4 Amask=1023 Bmask=1023 pitch=16384 us=31.804 TF=168.806 check=PASS
FEED span1024_pad512 slot=0 pitched4 Amask=1023 Bmask=1023 pitch=16384 us=31.791 TF=168.875 check=PASS
FEED span1024_pad512 slot=1 pitched4 Amask=1023 Bmask=1023 pitch=16896 us=31.065 TF=172.820 check=PASS
FEED span1024_pad512 slot=2 pitched4 Amask=1023 Bmask=1023 pitch=16896 us=31.239 TF=171.857 check=PASS
FEED span1024_pad512 slot=3 pitched4 Amask=1023 Bmask=1023 pitch=16384 us=31.698 TF=169.370 check=PASS
FEED span1024_pad512 slot=4 pitched4 Amask=1023 Bmask=1023 pitch=16384 us=31.816 TF=168.743 check=PASS
FEED span1024_pad512 slot=5 pitched4 Amask=1023 Bmask=1023 pitch=16896 us=31.225 TF=171.937 check=PASS
FEED span1024_pad512 slot=6 pitched4 Amask=1023 Bmask=1023 pitch=16896 us=31.213 TF=172.000 check=PASS
FEED span1024_pad512 slot=7 pitched4 Amask=1023 Bmask=1023 pitch=16384 us=31.831 TF=168.661 check=PASS
FEED span1024_pad1024 slot=0 pitched4 Amask=1023 Bmask=1023 pitch=16384 us=31.759 TF=169.045 check=PASS
FEED span1024_pad1024 slot=1 pitched4 Amask=1023 Bmask=1023 pitch=17408 us=32.759 TF=163.884 check=PASS
FEED span1024_pad1024 slot=2 pitched4 Amask=1023 Bmask=1023 pitch=17408 us=32.843 TF=163.465 check=PASS
FEED span1024_pad1024 slot=3 pitched4 Amask=1023 Bmask=1023 pitch=16384 us=31.692 TF=169.400 check=PASS
FEED span1024_pad1024 slot=4 pitched4 Amask=1023 Bmask=1023 pitch=16384 us=31.857 TF=168.523 check=PASS
FEED span1024_pad1024 slot=5 pitched4 Amask=1023 Bmask=1023 pitch=17408 us=32.897 TF=163.196 check=PASS
FEED span1024_pad1024 slot=6 pitched4 Amask=1023 Bmask=1023 pitch=17408 us=32.744 TF=163.962 check=PASS
FEED span1024_pad1024 slot=7 pitched4 Amask=1023 Bmask=1023 pitch=16384 us=31.901 TF=168.294 check=PASS
