CONTEXT plain_ab slot=0 mode=0 marked=0 wall=17.803750 segment=0.000000 bitdiff=0
CONTEXT plain_ab slot=1 mode=1 marked=0 wall=17.838513 segment=0.000000 bitdiff=0
CONTEXT plain_ab slot=2 mode=1 marked=0 wall=17.855138 segment=0.000000 bitdiff=0
CONTEXT plain_ab slot=3 mode=0 marked=0 wall=17.866181 segment=0.000000 bitdiff=0
CONTEXT plain_ab slot=4 mode=0 marked=0 wall=17.876038 segment=0.000000 bitdiff=0
CONTEXT plain_ab slot=5 mode=1 marked=0 wall=17.870069 segment=0.000000 bitdiff=0
CONTEXT plain_ab slot=6 mode=1 marked=0 wall=17.896931 segment=0.000000 bitdiff=0
CONTEXT plain_ab slot=7 mode=0 marked=0 wall=17.930412 segment=0.000000 bitdiff=0
CONTEXT marked_ab slot=0 mode=0 marked=1 wall=18.032094 segment=2.053503 bitdiff=0
CONTEXT marked_ab slot=1 mode=1 marked=1 wall=18.054581 segment=2.048099 bitdiff=0
CONTEXT marked_ab slot=2 mode=1 marked=1 wall=18.054450 segment=2.050188 bitdiff=0
CONTEXT marked_ab slot=3 mode=0 marked=1 wall=18.052419 segment=2.053034 bitdiff=0
CONTEXT marked_ab slot=4 mode=0 marked=1 wall=18.046075 segment=2.047339 bitdiff=0
CONTEXT marked_ab slot=5 mode=1 marked=1 wall=18.040650 segment=2.048782 bitdiff=0
CONTEXT marked_ab slot=6 mode=1 marked=1 wall=18.054725 segment=2.058590 bitdiff=0
CONTEXT marked_ab slot=7 mode=0 marked=1 wall=18.097206 segment=2.053046 bitdiff=0
CONTEXT marker_base slot=0 mode=0 marked=0 wall=18.070506 segment=0.000000 bitdiff=0
CONTEXT marker_base slot=1 mode=0 marked=1 wall=18.134194 segment=2.063068 bitdiff=0
CONTEXT marker_base slot=2 mode=0 marked=1 wall=18.204563 segment=2.061536 bitdiff=0
CONTEXT marker_base slot=3 mode=0 marked=0 wall=18.122238 segment=0.000000 bitdiff=0
CONTEXT marker_base slot=4 mode=0 marked=0 wall=18.139700 segment=0.000000 bitdiff=0
CONTEXT marker_base slot=5 mode=0 marked=1 wall=18.179994 segment=2.060675 bitdiff=0
CONTEXT marker_base slot=6 mode=0 marked=1 wall=18.200931 segment=2.068169 bitdiff=0
CONTEXT marker_base slot=7 mode=0 marked=0 wall=18.106369 segment=0.000000 bitdiff=0
CONTEXT marker_candidate slot=0 mode=1 marked=0 wall=18.088356 segment=0.000000 bitdiff=0
CONTEXT marker_candidate slot=1 mode=1 marked=1 wall=18.207062 segment=2.058103 bitdiff=0
CONTEXT marker_candidate slot=2 mode=1 marked=1 wall=18.177419 segment=2.058684 bitdiff=0
CONTEXT marker_candidate slot=3 mode=1 marked=0 wall=18.084431 segment=0.000000 bitdiff=0
CONTEXT marker_candidate slot=4 mode=1 marked=0 wall=18.070275 segment=0.000000 bitdiff=0
CONTEXT marker_candidate slot=5 mode=1 marked=1 wall=18.186544 segment=2.067928 bitdiff=0
CONTEXT marker_candidate slot=6 mode=1 marked=1 wall=18.143769 segment=2.062561 bitdiff=0
CONTEXT marker_candidate slot=7 mode=1 marked=0 wall=18.107800 segment=0.000000 bitdiff=0
PASS ViT real-context timing
