device=AMD Radeon RX 9070 XT arch=gfx1201 MPs=32
conditioned=1 fixed_A_bytes=655360 fixed_B_bytes=4194304 A=0000002f00100000 B=0000002f04000000
FEED mat_uniform_i1 slot=0 mat_i1 Astep=0 Bstep=0 us=31.601 TF=169.889 check=PASS
FEED mat_uniform_i1 slot=1 mat_ui1 Astep=0 Bstep=0 us=31.521 TF=170.320 check=PASS
FEED mat_uniform_i1 slot=2 mat_ui1 Astep=0 Bstep=0 us=30.878 TF=173.868 check=PASS
FEED mat_uniform_i1 slot=3 mat_i1 Astep=0 Bstep=0 us=29.755 TF=180.428 check=PASS
FEED mat_uniform_i1 slot=4 mat_i1 Astep=0 Bstep=0 us=29.791 TF=180.214 check=PASS
FEED mat_uniform_i1 slot=5 mat_ui1 Astep=0 Bstep=0 us=29.562 TF=181.608 check=PASS
FEED mat_uniform_i1 slot=6 mat_ui1 Astep=0 Bstep=0 us=29.387 TF=182.692 check=PASS
FEED mat_uniform_i1 slot=7 mat_i1 Astep=0 Bstep=0 us=29.433 TF=182.405 check=PASS
FEED mat_uniform_i2 slot=0 mat_i2 Astep=0 Bstep=0 us=42.934 TF=125.045 check=PASS
FEED mat_uniform_i2 slot=1 mat_ui2 Astep=0 Bstep=0 us=42.856 TF=125.273 check=PASS
FEED mat_uniform_i2 slot=2 mat_ui2 Astep=0 Bstep=0 us=42.875 TF=125.218 check=PASS
FEED mat_uniform_i2 slot=3 mat_i2 Astep=0 Bstep=0 us=42.831 TF=125.348 check=PASS
FEED mat_uniform_i2 slot=4 mat_i2 Astep=0 Bstep=0 us=42.940 TF=125.028 check=PASS
FEED mat_uniform_i2 slot=5 mat_ui2 Astep=0 Bstep=0 us=42.892 TF=125.167 check=PASS
FEED mat_uniform_i2 slot=6 mat_ui2 Astep=0 Bstep=0 us=42.781 TF=125.493 check=PASS
FEED mat_uniform_i2 slot=7 mat_i2 Astep=0 Bstep=0 us=42.939 TF=125.031 check=PASS
FEED mat_uniform_m2 slot=0 mat_m2 Astep=0 Bstep=0 us=43.566 TF=123.231 check=PASS
FEED mat_uniform_m2 slot=1 mat_um2 Astep=0 Bstep=0 us=44.437 TF=120.816 check=PASS
FEED mat_uniform_m2 slot=2 mat_um2 Astep=0 Bstep=0 us=44.558 TF=120.489 check=PASS
FEED mat_uniform_m2 slot=3 mat_m2 Astep=0 Bstep=0 us=44.667 TF=120.193 check=PASS
FEED mat_uniform_m2 slot=4 mat_m2 Astep=0 Bstep=0 us=44.728 TF=120.029 check=PASS
FEED mat_uniform_m2 slot=5 mat_um2 Astep=0 Bstep=0 us=44.543 TF=120.527 check=PASS
FEED mat_uniform_m2 slot=6 mat_um2 Astep=0 Bstep=0 us=44.514 TF=120.607 check=PASS
FEED mat_uniform_m2 slot=7 mat_m2 Astep=0 Bstep=0 us=44.497 TF=120.652 check=PASS
FEED load_uniform_i1 slot=0 load_i1 Astep=0 Bstep=0 us=37.459 TF=0.000 check=PASS
FEED load_uniform_i1 slot=1 load_ui1 Astep=0 Bstep=0 us=37.542 TF=0.000 check=PASS
FEED load_uniform_i1 slot=2 load_ui1 Astep=0 Bstep=0 us=37.689 TF=0.000 check=PASS
FEED load_uniform_i1 slot=3 load_i1 Astep=0 Bstep=0 us=37.324 TF=0.000 check=PASS
FEED load_uniform_i1 slot=4 load_i1 Astep=0 Bstep=0 us=37.568 TF=0.000 check=PASS
FEED load_uniform_i1 slot=5 load_ui1 Astep=0 Bstep=0 us=37.509 TF=0.000 check=PASS
FEED load_uniform_i1 slot=6 load_ui1 Astep=0 Bstep=0 us=37.497 TF=0.000 check=PASS
FEED load_uniform_i1 slot=7 load_i1 Astep=0 Bstep=0 us=37.428 TF=0.000 check=PASS
FEED load_uniform_i2 slot=0 load_i2 Astep=0 Bstep=0 us=39.163 TF=0.000 check=PASS
FEED load_uniform_i2 slot=1 load_ui2 Astep=0 Bstep=0 us=39.333 TF=0.000 check=PASS
FEED load_uniform_i2 slot=2 load_ui2 Astep=0 Bstep=0 us=39.304 TF=0.000 check=PASS
FEED load_uniform_i2 slot=3 load_i2 Astep=0 Bstep=0 us=39.363 TF=0.000 check=PASS
FEED load_uniform_i2 slot=4 load_i2 Astep=0 Bstep=0 us=39.267 TF=0.000 check=PASS
FEED load_uniform_i2 slot=5 load_ui2 Astep=0 Bstep=0 us=39.279 TF=0.000 check=PASS
FEED load_uniform_i2 slot=6 load_ui2 Astep=0 Bstep=0 us=39.404 TF=0.000 check=PASS
FEED load_uniform_i2 slot=7 load_i2 Astep=0 Bstep=0 us=39.529 TF=0.000 check=PASS
FEED load_uniform_m2 slot=0 load_m2 Astep=0 Bstep=0 us=40.874 TF=0.000 check=PASS
FEED load_uniform_m2 slot=1 load_um2 Astep=0 Bstep=0 us=40.968 TF=0.000 check=PASS
FEED load_uniform_m2 slot=2 load_um2 Astep=0 Bstep=0 us=40.911 TF=0.000 check=PASS
FEED load_uniform_m2 slot=3 load_m2 Astep=0 Bstep=0 us=40.953 TF=0.000 check=PASS
FEED load_uniform_m2 slot=4 load_m2 Astep=0 Bstep=0 us=40.917 TF=0.000 check=PASS
FEED load_uniform_m2 slot=5 load_um2 Astep=0 Bstep=0 us=40.893 TF=0.000 check=PASS
FEED load_uniform_m2 slot=6 load_um2 Astep=0 Bstep=0 us=40.865 TF=0.000 check=PASS
FEED load_uniform_m2 slot=7 load_m2 Astep=0 Bstep=0 us=40.947 TF=0.000 check=PASS
