device=AMD Radeon RX 9070 XT arch=gfx1201 MPs=32
FEED reg_vs_model slot=0 resident4 Astep=0 Bstep=0 us=10.794 TF=310.857 check=PASS
FEED reg_vs_model slot=1 model4 Astep=1023 Bstep=1023 us=64.958 TF=51.656 check=PASS
FEED reg_vs_model slot=2 model4 Astep=1023 Bstep=1023 us=65.058 TF=51.576 check=PASS
FEED reg_vs_model slot=3 resident4 Astep=0 Bstep=0 us=11.055 TF=303.528 check=PASS
FEED reg_vs_model slot=4 resident4 Astep=0 Bstep=0 us=11.052 TF=303.597 check=PASS
FEED reg_vs_model slot=5 model4 Astep=1023 Bstep=1023 us=66.237 TF=50.658 check=PASS
FEED reg_vs_model slot=6 model4 Astep=1023 Bstep=1023 us=67.452 TF=49.746 check=PASS
FEED reg_vs_model slot=7 resident4 Astep=0 Bstep=0 us=11.110 TF=302.018 check=PASS
FEED mask_control slot=0 model4 Astep=1023 Bstep=1023 us=65.681 TF=51.087 check=PASS
FEED mask_control slot=1 masked4 Astep=1023 Bstep=1023 us=81.028 TF=41.411 check=PASS
FEED mask_control slot=2 masked4 Astep=1023 Bstep=1023 us=81.229 TF=41.309 check=PASS
FEED mask_control slot=3 model4 Astep=1023 Bstep=1023 us=65.656 TF=51.106 check=PASS
FEED mask_control slot=4 model4 Astep=1023 Bstep=1023 us=66.432 TF=50.509 check=PASS
FEED mask_control slot=5 masked4 Astep=1023 Bstep=1023 us=80.183 TF=41.848 check=PASS
FEED mask_control slot=6 masked4 Astep=1023 Bstep=1023 us=81.559 TF=41.141 check=PASS
FEED mask_control slot=7 model4 Astep=1023 Bstep=1023 us=65.818 TF=50.981 check=PASS
FEED both_address slot=0 masked4 Astep=0 Bstep=0 us=40.198 TF=83.474 check=PASS
FEED both_address slot=1 masked4 Astep=1023 Bstep=1023 us=81.030 TF=41.410 check=PASS
FEED both_address slot=2 masked4 Astep=1023 Bstep=1023 us=80.923 TF=41.465 check=PASS
FEED both_address slot=3 masked4 Astep=0 Bstep=0 us=40.189 TF=83.492 check=PASS
FEED both_address slot=4 masked4 Astep=0 Bstep=0 us=40.492 TF=82.866 check=PASS
FEED both_address slot=5 masked4 Astep=1023 Bstep=1023 us=80.797 TF=41.529 check=PASS
FEED both_address slot=6 masked4 Astep=1023 Bstep=1023 us=81.920 TF=40.960 check=PASS
FEED both_address slot=7 masked4 Astep=0 Bstep=0 us=40.097 TF=83.683 check=PASS
FEED A_address slot=0 masked4 Astep=0 Bstep=1023 us=80.857 TF=41.499 check=PASS
FEED A_address slot=1 masked4 Astep=1023 Bstep=1023 us=81.011 TF=41.419 check=PASS
FEED A_address slot=2 masked4 Astep=1023 Bstep=1023 us=81.510 TF=41.166 check=PASS
FEED A_address slot=3 masked4 Astep=0 Bstep=1023 us=81.812 TF=41.014 check=PASS
FEED A_address slot=4 masked4 Astep=0 Bstep=1023 us=81.168 TF=41.340 check=PASS
FEED A_address slot=5 masked4 Astep=1023 Bstep=1023 us=81.951 TF=40.945 check=PASS
FEED A_address slot=6 masked4 Astep=1023 Bstep=1023 us=80.671 TF=41.594 check=PASS
FEED A_address slot=7 masked4 Astep=0 Bstep=1023 us=81.530 TF=41.156 check=PASS
FEED B_address slot=0 masked4 Astep=1023 Bstep=0 us=40.657 TF=82.530 check=PASS
FEED B_address slot=1 masked4 Astep=1023 Bstep=1023 us=80.440 TF=41.714 check=PASS
FEED B_address slot=2 masked4 Astep=1023 Bstep=1023 us=75.137 TF=44.657 check=PASS
FEED B_address slot=3 masked4 Astep=1023 Bstep=0 us=40.421 TF=83.013 check=PASS
FEED B_address slot=4 masked4 Astep=1023 Bstep=0 us=40.296 TF=83.270 check=PASS
FEED B_address slot=5 masked4 Astep=1023 Bstep=1023 us=81.095 TF=41.377 check=PASS
FEED B_address slot=6 masked4 Astep=1023 Bstep=1023 us=80.372 TF=41.749 check=PASS
FEED B_address slot=7 masked4 Astep=1023 Bstep=0 us=40.668 TF=82.507 check=PASS
FEED chains1_4 slot=0 resident1 Astep=0 Bstep=0 us=10.459 TF=320.829 check=PASS
FEED chains1_4 slot=1 resident4 Astep=0 Bstep=0 us=11.108 TF=302.074 check=PASS
FEED chains1_4 slot=2 resident4 Astep=0 Bstep=0 us=11.110 TF=302.022 check=PASS
FEED chains1_4 slot=3 resident1 Astep=0 Bstep=0 us=10.479 TF=320.192 check=PASS
FEED chains1_4 slot=4 resident1 Astep=0 Bstep=0 us=10.463 TF=320.711 check=PASS
FEED chains1_4 slot=5 resident4 Astep=0 Bstep=0 us=11.074 TF=302.997 check=PASS
FEED chains1_4 slot=6 resident4 Astep=0 Bstep=0 us=11.083 TF=302.751 check=PASS
FEED chains1_4 slot=7 resident1 Astep=0 Bstep=0 us=10.465 TF=320.636 check=PASS
FEED chains2_4 slot=0 resident2 Astep=0 Bstep=0 us=10.967 TF=305.968 check=PASS
FEED chains2_4 slot=1 resident4 Astep=0 Bstep=0 us=11.106 TF=302.132 check=PASS
FEED chains2_4 slot=2 resident4 Astep=0 Bstep=0 us=11.100 TF=302.287 check=PASS
FEED chains2_4 slot=3 resident2 Astep=0 Bstep=0 us=11.000 TF=305.038 check=PASS
FEED chains2_4 slot=4 resident2 Astep=0 Bstep=0 us=10.993 TF=305.228 check=PASS
FEED chains2_4 slot=5 resident4 Astep=0 Bstep=0 us=11.109 TF=302.055 check=PASS
FEED chains2_4 slot=6 resident4 Astep=0 Bstep=0 us=11.108 TF=302.084 check=PASS
FEED chains2_4 slot=7 resident2 Astep=0 Bstep=0 us=10.996 TF=305.138 check=PASS
FEED chains4_8 slot=0 resident4 Astep=0 Bstep=0 us=11.104 TF=302.176 check=PASS
FEED chains4_8 slot=1 resident8 Astep=0 Bstep=0 us=11.400 TF=294.334 check=PASS
FEED chains4_8 slot=2 resident8 Astep=0 Bstep=0 us=11.403 TF=294.254 check=PASS
FEED chains4_8 slot=3 resident4 Astep=0 Bstep=0 us=11.094 TF=302.447 check=PASS
FEED chains4_8 slot=4 resident4 Astep=0 Bstep=0 us=11.108 TF=302.086 check=PASS
FEED chains4_8 slot=5 resident8 Astep=0 Bstep=0 us=11.391 TF=294.563 check=PASS
FEED chains4_8 slot=6 resident8 Astep=0 Bstep=0 us=11.410 TF=294.091 check=PASS
FEED chains4_8 slot=7 resident4 Astep=0 Bstep=0 us=11.114 TF=301.901 check=PASS
FEED chains4_16 slot=0 resident4 Astep=0 Bstep=0 us=11.101 TF=302.259 check=PASS
FEED chains4_16 slot=1 resident16 Astep=0 Bstep=0 us=15.004 TF=223.634 check=PASS
FEED chains4_16 slot=2 resident16 Astep=0 Bstep=0 us=15.099 TF=222.236 check=PASS
FEED chains4_16 slot=3 resident4 Astep=0 Bstep=0 us=11.112 TF=301.979 check=PASS
FEED chains4_16 slot=4 resident4 Astep=0 Bstep=0 us=11.109 TF=302.041 check=PASS
FEED chains4_16 slot=5 resident16 Astep=0 Bstep=0 us=15.407 TF=217.785 check=PASS
FEED chains4_16 slot=6 resident16 Astep=0 Bstep=0 us=15.178 TF=221.075 check=PASS
FEED chains4_16 slot=7 resident4 Astep=0 Bstep=0 us=11.114 TF=301.915 check=PASS
