{"tag":"base-900-0","mean_ms":14.501363636363635,"sha":"75AABA5EF94368353F3F17C034B53918151AA2EBC98FF870B2A057D08AE910AB"}
{"tag":"candidate-900-0","mean_ms":14.466090909090907,"sha":"75AABA5EF94368353F3F17C034B53918151AA2EBC98FF870B2A057D08AE910AB"}
{"tag":"base-900-1","mean_ms":14.293727272727272,"sha":"5104F039569FE20C0EDCAB1FB68D56DB041406F3DDB38FC49DD2DD1D1EC636D1"}
{"tag":"candidate-900-1","mean_ms":14.388454545454548,"sha":"5104F039569FE20C0EDCAB1FB68D56DB041406F3DDB38FC49DD2DD1D1EC636D1"}
{"tag":"time-900-0","mean_ms":12.690007500000014,"sha":"75AABA5EF94368353F3F17C034B53918151AA2EBC98FF870B2A057D08AE910AB"}
{"tag":"time-900-1","mean_ms":12.654344999999985,"sha":"75AABA5EF94368353F3F17C034B53918151AA2EBC98FF870B2A057D08AE910AB"}
{"tag":"time-900-2","mean_ms":12.683659999999998,"sha":"75AABA5EF94368353F3F17C034B53918151AA2EBC98FF870B2A057D08AE910AB"}
{"tag":"time-900-3","mean_ms":12.791756250000015,"sha":"75AABA5EF94368353F3F17C034B53918151AA2EBC98FF870B2A057D08AE910AB"}
{"tag":"base-1080-0","mean_ms":19.99009090909091,"sha":"1DE20C219105CC281CBA1364A0A21D0DDC4510A95458EC0CA3B8C893EA54F23A"}
{"tag":"candidate-1080-0","mean_ms":20.35018181818182,"sha":"1DE20C219105CC281CBA1364A0A21D0DDC4510A95458EC0CA3B8C893EA54F23A"}
{"tag":"base-1080-1","mean_ms":20.295272727272724,"sha":"3D1B0382BD68F589EF9E7498380B0C9FE63C7A2F41CEA252BEDD216973A17E21"}
{"tag":"candidate-1080-1","mean_ms":19.661272727272728,"sha":"3D1B0382BD68F589EF9E7498380B0C9FE63C7A2F41CEA252BEDD216973A17E21"}
{"tag":"time-1080-0","mean_ms":17.888715000000026,"sha":"1DE20C219105CC281CBA1364A0A21D0DDC4510A95458EC0CA3B8C893EA54F23A"}
{"tag":"time-1080-1","mean_ms":17.827081250000006,"sha":"1DE20C219105CC281CBA1364A0A21D0DDC4510A95458EC0CA3B8C893EA54F23A"}
{"tag":"time-1080-2","mean_ms":17.846987499999987,"sha":"1DE20C219105CC281CBA1364A0A21D0DDC4510A95458EC0CA3B8C893EA54F23A"}
{"tag":"time-1080-3","mean_ms":17.979256249999995,"sha":"1DE20C219105CC281CBA1364A0A21D0DDC4510A95458EC0CA3B8C893EA54F23A"}
{"tag":"extra-720-motion-False","mean_ms":10.100363636363637,"sha":"9B53BE7A73C0D397DC56BF5810778E69D123BFD81C48FCDBCB642526361A5F53"}
{"tag":"extra-720-motion-True","mean_ms":10.060909090909091,"sha":"9B53BE7A73C0D397DC56BF5810778E69D123BFD81C48FCDBCB642526361A5F53"}
{"tag":"extra-900-history-False","mean_ms":14.815181818181816,"sha":"5F2D6F1AD1EA8B295A52A95AC2C9BFC9E056D613E6FD889E2A2060FB36085CED"}
{"tag":"extra-900-history-True","mean_ms":14.633,"sha":"5F2D6F1AD1EA8B295A52A95AC2C9BFC9E056D613E6FD889E2A2060FB36085CED"}
{"tag":"extra-900-float-in-False","mean_ms":14.575181818181818,"sha":"5104F039569FE20C0EDCAB1FB68D56DB041406F3DDB38FC49DD2DD1D1EC636D1"}
{"tag":"extra-900-float-in-True","mean_ms":15.68618181818182,"sha":"5104F039569FE20C0EDCAB1FB68D56DB041406F3DDB38FC49DD2DD1D1EC636D1"}
{"tag":"extra-900-float-feature-False","mean_ms":15.85509090909091,"sha":"5104F039569FE20C0EDCAB1FB68D56DB041406F3DDB38FC49DD2DD1D1EC636D1"}
{"tag":"extra-900-float-feature-True","mean_ms":15.328090909090911,"sha":"5104F039569FE20C0EDCAB1FB68D56DB041406F3DDB38FC49DD2DD1D1EC636D1"}
EXTRA EXIT 0
DONE 0
