device=AMD Radeon RX 9070 XT arch=gfx1201 MPs=32
FEED reg_vs_plain slot=0 resident4 Astep=0 Bstep=0 us=16.050 TF=334.497 check=PASS
FEED reg_vs_plain slot=1 plain4 Astep=16 Bstep=16 us=70.943 TF=75.677 check=PASS
FEED reg_vs_plain slot=2 plain4 Astep=16 Bstep=16 us=74.852 TF=71.724 check=PASS
FEED reg_vs_plain slot=3 resident4 Astep=0 Bstep=0 us=16.108 TF=333.304 check=PASS
FEED reg_vs_plain slot=4 resident4 Astep=0 Bstep=0 us=16.168 TF=332.059 check=PASS
FEED reg_vs_plain slot=5 plain4 Astep=16 Bstep=16 us=75.399 TF=71.204 check=PASS
FEED reg_vs_plain slot=6 plain4 Astep=16 Bstep=16 us=75.232 TF=71.362 check=PASS
FEED reg_vs_plain slot=7 resident4 Astep=0 Bstep=0 us=16.206 TF=331.280 check=PASS
FEED volatile_control slot=0 plain4 Astep=16 Bstep=16 us=76.389 TF=70.281 check=PASS
FEED volatile_control slot=1 volatile4 Astep=16 Bstep=16 us=519.753 TF=10.329 check=PASS
FEED volatile_control slot=2 volatile4 Astep=16 Bstep=16 us=519.815 TF=10.328 check=PASS
FEED volatile_control slot=3 plain4 Astep=16 Bstep=16 us=76.301 TF=70.363 check=PASS
FEED volatile_control slot=4 plain4 Astep=16 Bstep=16 us=75.513 TF=71.097 check=PASS
FEED volatile_control slot=5 volatile4 Astep=16 Bstep=16 us=519.978 TF=10.325 check=PASS
FEED volatile_control slot=6 volatile4 Astep=16 Bstep=16 us=520.073 TF=10.323 check=PASS
FEED volatile_control slot=7 plain4 Astep=16 Bstep=16 us=76.387 TF=70.283 check=PASS
FEED both_address slot=0 volatile4 Astep=0 Bstep=0 us=1677.063 TF=3.201 check=PASS
FEED both_address slot=1 volatile4 Astep=16 Bstep=16 us=520.134 TF=10.322 check=PASS
FEED both_address slot=2 volatile4 Astep=16 Bstep=16 us=519.752 TF=10.329 check=PASS
FEED both_address slot=3 volatile4 Astep=0 Bstep=0 us=1676.623 TF=3.202 check=PASS
FEED both_address slot=4 volatile4 Astep=0 Bstep=0 us=1677.477 TF=3.200 check=PASS
FEED both_address slot=5 volatile4 Astep=16 Bstep=16 us=519.664 TF=10.331 check=PASS
FEED both_address slot=6 volatile4 Astep=16 Bstep=16 us=520.227 TF=10.320 check=PASS
FEED both_address slot=7 volatile4 Astep=0 Bstep=0 us=1676.933 TF=3.202 check=PASS
FEED A_address slot=0 volatile4 Astep=0 Bstep=16 us=611.191 TF=8.784 check=PASS
FEED A_address slot=1 volatile4 Astep=16 Bstep=16 us=519.125 TF=10.342 check=PASS
FEED A_address slot=2 volatile4 Astep=16 Bstep=16 us=519.512 TF=10.334 check=PASS
FEED A_address slot=3 volatile4 Astep=0 Bstep=16 us=611.704 TF=8.777 check=PASS
FEED A_address slot=4 volatile4 Astep=0 Bstep=16 us=611.383 TF=8.781 check=PASS
FEED A_address slot=5 volatile4 Astep=16 Bstep=16 us=519.654 TF=10.331 check=PASS
FEED A_address slot=6 volatile4 Astep=16 Bstep=16 us=519.657 TF=10.331 check=PASS
FEED A_address slot=7 volatile4 Astep=0 Bstep=16 us=611.819 TF=8.775 check=PASS
FEED B_address slot=0 volatile4 Astep=16 Bstep=0 us=1515.570 TF=3.542 check=PASS
FEED B_address slot=1 volatile4 Astep=16 Bstep=16 us=519.364 TF=10.337 check=PASS
FEED B_address slot=2 volatile4 Astep=16 Bstep=16 us=519.698 TF=10.330 check=PASS
FEED B_address slot=3 volatile4 Astep=16 Bstep=0 us=1515.386 TF=3.543 check=PASS
FEED B_address slot=4 volatile4 Astep=16 Bstep=0 us=1514.966 TF=3.544 check=PASS
FEED B_address slot=5 volatile4 Astep=16 Bstep=16 us=519.634 TF=10.332 check=PASS
FEED B_address slot=6 volatile4 Astep=16 Bstep=16 us=519.419 TF=10.336 check=PASS
FEED B_address slot=7 volatile4 Astep=16 Bstep=0 us=1515.095 TF=3.543 check=PASS
FEED chains1_4 slot=0 resident1 Astep=0 Bstep=0 us=15.206 TF=353.055 check=PASS
FEED chains1_4 slot=1 resident4 Astep=0 Bstep=0 us=16.185 TF=331.711 check=PASS
FEED chains1_4 slot=2 resident4 Astep=0 Bstep=0 us=16.239 TF=330.611 check=PASS
FEED chains1_4 slot=3 resident1 Astep=0 Bstep=0 us=15.300 TF=350.904 check=PASS
FEED chains1_4 slot=4 resident1 Astep=0 Bstep=0 us=15.303 TF=350.830 check=PASS
FEED chains1_4 slot=5 resident4 Astep=0 Bstep=0 us=16.140 TF=332.631 check=PASS
FEED chains1_4 slot=6 resident4 Astep=0 Bstep=0 us=16.147 TF=332.498 check=PASS
FEED chains1_4 slot=7 resident1 Astep=0 Bstep=0 us=15.340 TF=349.982 check=PASS
FEED chains2_4 slot=0 resident2 Astep=0 Bstep=0 us=15.969 TF=336.189 check=PASS
FEED chains2_4 slot=1 resident4 Astep=0 Bstep=0 us=16.124 TF=332.962 check=PASS
FEED chains2_4 slot=2 resident4 Astep=0 Bstep=0 us=16.118 TF=333.093 check=PASS
FEED chains2_4 slot=3 resident2 Astep=0 Bstep=0 us=15.971 TF=336.162 check=PASS
FEED chains2_4 slot=4 resident2 Astep=0 Bstep=0 us=15.983 TF=335.895 check=PASS
FEED chains2_4 slot=5 resident4 Astep=0 Bstep=0 us=16.129 TF=332.857 check=PASS
FEED chains2_4 slot=6 resident4 Astep=0 Bstep=0 us=16.120 TF=333.041 check=PASS
FEED chains2_4 slot=7 resident2 Astep=0 Bstep=0 us=15.991 TF=335.736 check=PASS
FEED chains4_8 slot=0 resident4 Astep=0 Bstep=0 us=16.121 TF=333.022 check=PASS
FEED chains4_8 slot=1 resident8 Astep=0 Bstep=0 us=16.575 TF=323.902 check=PASS
FEED chains4_8 slot=2 resident8 Astep=0 Bstep=0 us=16.553 TF=324.338 check=PASS
FEED chains4_8 slot=3 resident4 Astep=0 Bstep=0 us=16.120 TF=333.042 check=PASS
FEED chains4_8 slot=4 resident4 Astep=0 Bstep=0 us=16.147 TF=332.485 check=PASS
FEED chains4_8 slot=5 resident8 Astep=0 Bstep=0 us=16.566 TF=324.087 check=PASS
FEED chains4_8 slot=6 resident8 Astep=0 Bstep=0 us=16.570 TF=323.999 check=PASS
FEED chains4_8 slot=7 resident4 Astep=0 Bstep=0 us=16.148 TF=332.459 check=PASS
FEED chains4_16 slot=0 resident4 Astep=0 Bstep=0 us=16.148 TF=332.460 check=PASS
FEED chains4_16 slot=1 resident16 Astep=0 Bstep=0 us=59.849 TF=89.705 check=PASS
FEED chains4_16 slot=2 resident16 Astep=0 Bstep=0 us=58.068 TF=92.455 check=PASS
FEED chains4_16 slot=3 resident4 Astep=0 Bstep=0 us=16.187 TF=331.674 check=PASS
FEED chains4_16 slot=4 resident4 Astep=0 Bstep=0 us=16.194 TF=331.515 check=PASS
FEED chains4_16 slot=5 resident16 Astep=0 Bstep=0 us=59.326 TF=90.496 check=PASS
FEED chains4_16 slot=6 resident16 Astep=0 Bstep=0 us=59.767 TF=89.828 check=PASS
FEED chains4_16 slot=7 resident4 Astep=0 Bstep=0 us=16.270 TF=329.974 check=PASS
