dlssnr_amd v0.4.0 (build f3539d53) loaded into SB-Win64-Shipping.exe as dxgi.dll from C:\Program Files (x86)\Steam\steamapps\common\StellarBlade\SB\Binaries\Win64\; log C:\Program Files (x86)\Steam\steamapps\common\StellarBlade\SB\Binaries\Win64\dlssnr_on_amd.log; settings C:\Program Files (x86)\Steam\steamapps\common\StellarBlade\SB\Binaries\Win64\dlssnr_on_amd.ini
waited 490 ms for the game to load d3d12/dxgi
DRED enabled (page-fault reporting; breadcrumbs off): a device removal will name the faulting allocation
hooked ID3D12CommandQueue::ExecuteCommandLists
hooked IDXGIFactory2::CreateSwapChainForHwnd
hooked IDXGIFactory::CreateSwapChain
hooked IDXGISwapChain::Present
hooked IDXGISwapChain1::Present1
swapchain 0000000044093A30 created on queue 0000000043F783C0 (device 000000002EE082D0)
device 000000002EE082D0 (from the first presented swapchain)
env: windows 10.0.26340, game exe C:\Program Files (x86)\Steam\steamapps\common\StellarBlade\SB\Binaries\Win64\SB-Win64-Shipping.exe
env: swapchain 2560x1440 format 24, 3 buffers, swap effect 4, windowed
env: adapter 0: AMD Radeon RX 9070 XT (vendor 0x1002, device 0x7550, 15722 MB, luid 00000000-000177de, driver 32.0.31007.2048)
env: adapter 1: Intel(R) Graphics (vendor 0x8086, device 0x7d67, 128 MB, luid 00000000-000199e9, driver 32.0.101.8331)
env: adapter 2: Microsoft Basic Render Driver (vendor 0x1414, device 0x008c, 0 MB, luid 00000000-0001997b, driver 10.0.26100.9502)
env: d3d12 device yes; d3d11 device no; HAGS (hardware GPU scheduling): supported, ENABLED
env: HIP: 1 device(s), driver 70260201, runtime 70260201; kernels in this build: gfx1201,gfx1200,gfx1100,gfx1101,gfx1102,gfx11-generic,gfx10-3-generic,gfx9-generic
env: HIP device 0: AMD Radeon RX 9070 XT, arch gfx1201, 32 WGPs (64 CUs), 16304 MB  <- the adapter the game renders on
env: using HIP device 0 (matches the game's D3D12 adapter): AMD Radeon RX 9070 XT, arch gfx1201, 32 WGPs (64 CUs), 16304 MB
queue alignment mode [env (present thread, init)]: unaligned accesses honoured (b16 store at +1 -> 00 11 22 00)
weights build from nvngx_dlssnr.dll: ok
sha256 e16bcf15e16e13f527491cdf7845b2fe6521a738d8f7c9c721866a8496e1fc8e
size 158.2 MB (165840496 bytes)
FileVersion 310.8.0.0
recognised: nvngx_dlssnr.dll 310.8.0.0 (DLSS 5 Neural Rendering, 2026-08)
network descriptors: 1 hnet-vigilant-squid
WEIGHTS_HT resource 140.9 MB
wrote 153 blobs, 140.8 MB -> dlssnr_on_amd_weights.bin

engine init ok
hooked amd_fidelityfx_dx12.dll!ffxDispatch (file version 2.3.0.2740)
hooked amd_fidelityfx_dx12.dll!ffxCreateContext (file version 2.3.0.2740)
ffxCreateContext: flags 0x39 -> depth inverted 1, display-res MVs 0
ffxCreateContext type 0x10000
upscaler: FSR 4.1.1 (FFX API)
ffxCreateContext returned 0
inline wait: predicated spin slices (preemptible between slices)
inline wait: spin slices run as 1-pixel graphics draws (the compute-dispatch spin is not preempted by the OS scheduler: GPU watchdog resets every few minutes; SpinDraw=0 restores it)
residual apply pipeline ready
pre-upscale mode: the network runs on the 1708x964 render-resolution colour (render size 1707x961) and FSR receives the corrected copy
note: the colour texture (1708x964) is larger than the render size (1707x961); the network and the apply are cropped to the render size
staging ready: colour 1708x964 dxgi 10 (pix 0, tonemap 1); motion 1708x964 dxgi 34; depth 1708x964 dxgi 19 (inverted 1); exposure no; residual on
interop: inputs shared (zero-copy), output shared (zero-copy); mode inline (same-frame, game waits for the network)
warm-up: first network run took 49 ms (kernels loaded before the game waits on us)
queue alignment mode [pre-warm]: unaligned accesses honoured (b16 store at +1 -> 00 11 22 00)
inline flag check: a store from the game's queue reached the GPU wait after 0 iterations (0.1 ms)
apply UAV format 10: typed UAV yes, typed store yes, typed load yes
first ffxDispatch type 0x10001 (pre-upscale)
first capture submitted on a direct queue 0000000043F783C0
ffxCreateContext: flags 0x19 -> depth inverted 1, display-res MVs 0
ffxCreateContext type 0x10000
auto-exposure: encoded mean 0.002 -> exposure 4.0000
ffxCreateContext returned 0
input textures changed (the game re-created its upscaler context or resized); re-creating staging once the GPU is idle
shared buffer parked for reuse (13326176 B; pool 1, made 17, reused 0)
shared buffer parked for reuse (13326176 B; pool 2, made 17, reused 0)
shared buffer parked for reuse (13326176 B; pool 3, made 17, reused 0)
staging re-created (settings change)
inline wait: predicated spin slices (preemptible between slices)
pre-upscale mode: the network runs on the 1708x964 render-resolution colour (render size 1707x961) and FSR receives the corrected copy
note: the colour texture (1708x964) is larger than the render size (1707x961); the network and the apply are cropped to the render size
staging ready: colour 1708x964 dxgi 10 (pix 0, tonemap 1); motion 1708x964 dxgi 34; depth 1708x964 dxgi 19 (inverted 1); exposure yes; residual on
interop: inputs shared (zero-copy), output shared (zero-copy); mode inline (same-frame, game waits for the network)
queue alignment mode [pre-warm]: unaligned accesses honoured (b16 store at +1 -> 00 11 22 00)
inline flag check: a store from the game's queue reached the GPU wait after 0 iterations (0.1 ms)
self-check: pre-block zero bytes 0.134% (healthy)
network job 2 done in 19 ms (15.6 ms network on the GPU, 3.4 ms waiting for the capture; history off, zero-copy)
network job 3 done in 13 ms (13.0 ms network on the GPU, 0.0 ms waiting for the capture; history off, zero-copy)
network job 100 done in 11 ms (11.0 ms network on the GPU, 0.0 ms waiting for the capture; history off, zero-copy)
hooked amd_fidelityfx_upscaler_dx12.dll!ffxDispatch (file version 4.1.1.2740)
hooked amd_fidelityfx_upscaler_dx12.dll!ffxCreateContext (file version 4.1.1.2740)
network job 200 done in 14 ms (11.2 ms network on the GPU, 2.8 ms waiting for the capture; history off, zero-copy)
timing (avg of 200 jobs): worker wall 14.9 ms = queued 0.0 + inputs 0.0 + wait-for-capture 2.7 + network 12.1 + flag+sync 0.1; flag readback 0.05 | game queue: capture copies 0.02, spin waiting on us 12.3, residual copy+apply 0.05 | present period 16.7 ms
network job 300 done in 15 ms (11.7 ms network on the GPU, 3.3 ms waiting for the capture; history off, zero-copy)
network job 400 done in 16 ms (13.6 ms network on the GPU, 2.4 ms waiting for the capture; history off, zero-copy)
timing (avg of 200 jobs): worker wall 14.8 ms = queued 0.0 + inputs 0.0 + wait-for-capture 2.7 + network 12.1 + flag+sync 0.1; flag readback 0.05 | game queue: capture copies 0.02, spin waiting on us 12.2, residual copy+apply 0.05 | present period 16.6 ms
network job 500 done in 17 ms (13.2 ms network on the GPU, 3.8 ms waiting for the capture; history off, zero-copy)
frames 600 dispatches 525 (0.88/frame) fg 0 (+0) submitted 524 ready 524 skipped 0 (+0) timeouts 0 route fsr
  vram 2911/14953 MB
pre-upscale: the game's colour input changed from 00000000B8B69CD0 to 00000000B86CD650 at frame 742 (a re-created render target)
network job 600 done in 17 ms (13.4 ms network on the GPU, 3.6 ms waiting for the capture; history off, zero-copy)
timing (avg of 200 jobs): worker wall 15.0 ms = queued 0.0 + inputs 0.0 + wait-for-capture 2.7 + network 12.2 + flag+sync 0.1; flag readback 0.05 | game queue: capture copies 0.02, spin waiting on us 12.4, residual copy+apply 0.05 | present period 28.5 ms
network job 700 done in 12 ms (11.4 ms network on the GPU, 0.6 ms waiting for the capture; history off, zero-copy)
network job 800 done in 12 ms (11.5 ms network on the GPU, 0.5 ms waiting for the capture; history off, zero-copy)
timing (avg of 200 jobs): worker wall 13.2 ms = queued 0.0 + inputs 0.0 + wait-for-capture 1.3 + network 11.7 + flag+sync 0.1; flag readback 0.05 | game queue: capture copies 0.01, spin waiting on us 11.9, residual copy+apply 0.06 | present period 16.8 ms
network job 900 done in 15 ms (11.8 ms network on the GPU, 3.2 ms waiting for the capture; history off, zero-copy)
network job 1000 done in 13 ms (11.3 ms network on the GPU, 1.7 ms waiting for the capture; history off, zero-copy)
timing (avg of 200 jobs): worker wall 13.9 ms = queued 0.0 + inputs 0.0 + wait-for-capture 1.8 + network 12.1 + flag+sync 0.1; flag readback 0.05 | game queue: capture copies 0.01, spin waiting on us 12.2, residual copy+apply 0.05 | present period 16.6 ms
frames 1200 dispatches 1049 (0.87/frame) fg 0 (+0) submitted 1048 ready 1047 skipped 0 (+0) timeouts 0 route fsr
  vram 3292/14953 MB
network job 1100 done in 14 ms (11.7 ms network on the GPU, 2.3 ms waiting for the capture; history off, zero-copy)
network job 1200 done in 13 ms (11.4 ms network on the GPU, 1.6 ms waiting for the capture; history off, zero-copy)
timing (avg of 200 jobs): worker wall 13.9 ms = queued 0.0 + inputs 0.0 + wait-for-capture 1.9 + network 12.0 + flag+sync 0.1; flag readback 0.05 | game queue: capture copies 0.01, spin waiting on us 12.1, residual copy+apply 0.05 | present period 16.7 ms
network job 1300 done in 13 ms (11.5 ms network on the GPU, 1.5 ms waiting for the capture; history off, zero-copy)
network job 1400 done in 12 ms (11.5 ms network on the GPU, 0.5 ms waiting for the capture; history off, zero-copy)
timing (avg of 200 jobs): worker wall 13.8 ms = queued 0.0 + inputs 0.0 + wait-for-capture 1.6 + network 12.1 + flag+sync 0.1; flag readback 0.05 | game queue: capture copies 0.01, spin waiting on us 12.2, residual copy+apply 0.05 | present period 16.8 ms
network job 1500 done in 14 ms (11.4 ms network on the GPU, 2.6 ms waiting for the capture; history off, zero-copy)
network job 1600 done in 14 ms (11.8 ms network on the GPU, 2.2 ms waiting for the capture; history off, zero-copy)
timing (avg of 200 jobs): worker wall 13.8 ms = queued 0.0 + inputs 0.0 + wait-for-capture 1.7 + network 12.1 + flag+sync 0.1; flag readback 0.05 | game queue: capture copies 0.01, spin waiting on us 12.2, residual copy+apply 0.05 | present period 16.5 ms
frames 1800 dispatches 1649 (1.00/frame) fg 0 (+0) submitted 1648 ready 1647 skipped 0 (+0) timeouts 0 route fsr
  vram 3292/14953 MB
network job 1700 done in 14 ms (11.4 ms network on the GPU, 2.6 ms waiting for the capture; history off, zero-copy)
network job 1800 done in 14 ms (11.8 ms network on the GPU, 2.2 ms waiting for the capture; history off, zero-copy)
timing (avg of 200 jobs): worker wall 13.9 ms = queued 0.0 + inputs 0.0 + wait-for-capture 1.8 + network 12.1 + flag+sync 0.1; flag readback 0.04 | game queue: capture copies 0.01, spin waiting on us 12.1, residual copy+apply 0.05 | present period 16.5 ms
network job 1900 done in 14 ms (11.4 ms network on the GPU, 2.6 ms waiting for the capture; history off, zero-copy)
pre-upscale: the game's colour input changed from 00000000B86CD650 to 00000000B8B69CD0 at frame 2094 (a re-created render target)
pre-upscale: the game's colour input changed from 00000000B8B69CD0 to 000000020CBA1670 at frame 2178 (a re-created render target)
pre-upscale: the game's colour input changed from 000000020CBA1670 to 000000020CB8B060 at frame 2179 (a re-created render target)
network job 2000 done in 14 ms (13.0 ms network on the GPU, 1.0 ms waiting for the capture; history off, zero-copy)
timing (avg of 200 jobs): worker wall 14.4 ms = queued 0.0 + inputs 0.0 + wait-for-capture 2.1 + network 12.2 + flag+sync 0.1; flag readback 0.05 | game queue: capture copies 0.02, spin waiting on us 12.3, residual copy+apply 0.05 | present period 44.6 ms
network job 2100 done in 13 ms (11.6 ms network on the GPU, 1.4 ms waiting for the capture; history off, zero-copy)
frames 2400 dispatches 2166 (0.86/frame) fg 0 (+0) submitted 2165 ready 2164 skipped 0 (+0) timeouts 0 route fsr
  vram 6738/14953 MB
network job 2200 done in 14 ms (11.7 ms network on the GPU, 2.3 ms waiting for the capture; history off, zero-copy)
timing (avg of 200 jobs): worker wall 14.6 ms = queued 0.0 + inputs 0.0 + wait-for-capture 2.6 + network 11.9 + flag+sync 0.1; flag readback 0.06 | game queue: capture copies 0.02, spin waiting on us 12.1, residual copy+apply 0.07 | present period 18.1 ms
network job 2300 done in 13 ms (11.7 ms network on the GPU, 1.3 ms waiting for the capture; history off, zero-copy)
network job 2400 done in 14 ms (11.7 ms network on the GPU, 2.3 ms waiting for the capture; history off, zero-copy)
timing (avg of 200 jobs): worker wall 13.6 ms = queued 0.0 + inputs 0.0 + wait-for-capture 1.8 + network 11.7 + flag+sync 0.1; flag readback 0.05 | game queue: capture copies 0.02, spin waiting on us 11.8, residual copy+apply 0.07 | present period 18.0 ms
network job 2500 done in 17 ms (11.7 ms network on the GPU, 5.3 ms waiting for the capture; history off, zero-copy)
network job 2600 done in 15 ms (11.7 ms network on the GPU, 3.3 ms waiting for the capture; history off, zero-copy)
timing (avg of 200 jobs): worker wall 14.0 ms = queued 0.0 + inputs 0.0 + wait-for-capture 2.2 + network 11.7 + flag+sync 0.1; flag readback 0.05 | game queue: capture copies 0.02, spin waiting on us 11.8, residual copy+apply 0.07 | present period 18.0 ms
network job 2700 done in 14 ms (11.6 ms network on the GPU, 2.4 ms waiting for the capture; history off, zero-copy)
frames 3000 dispatches 2766 (1.00/frame) fg 0 (+0) submitted 2765 ready 2764 skipped 0 (+0) timeouts 0 route fsr
  vram 7274/14953 MB
network job 2800 done in 13 ms (11.8 ms network on the GPU, 1.2 ms waiting for the capture; history off, zero-copy)
timing (avg of 200 jobs): worker wall 13.7 ms = queued 0.0 + inputs 0.0 + wait-for-capture 1.8 + network 11.7 + flag+sync 0.1; flag readback 0.05 | game queue: capture copies 0.02, spin waiting on us 11.8, residual copy+apply 0.07 | present period 18.2 ms
network job 2900 done in 14 ms (11.7 ms network on the GPU, 2.3 ms waiting for the capture; history off, zero-copy)
network job 3000 done in 14 ms (11.7 ms network on the GPU, 2.3 ms waiting for the capture; history off, zero-copy)
timing (avg of 200 jobs): worker wall 13.8 ms = queued 0.0 + inputs 0.0 + wait-for-capture 2.2 + network 11.7 + flag+sync 0.1; flag readback 0.05 | game queue: capture copies 0.02, spin waiting on us 11.8, residual copy+apply 0.07 | present period 17.8 ms
pre-upscale: the game's colour input changed from 000000020CB8B060 to 000000020CB87130 at frame 3288 (a re-created render target)
pre-upscale: the game's colour input changed from 000000020CB87130 to 00000000B86C6D00 at frame 3291 (a re-created render target)
network job 3100 done in 16 ms (11.7 ms network on the GPU, 4.3 ms waiting for the capture; history off, zero-copy)
network job 3200 done in 15 ms (11.8 ms network on the GPU, 3.2 ms waiting for the capture; history off, zero-copy)
timing (avg of 200 jobs): worker wall 15.2 ms = queued 0.0 + inputs 0.0 + wait-for-capture 3.4 + network 11.8 + flag+sync 0.1; flag readback 0.05 | game queue: capture copies 0.02, spin waiting on us 11.9, residual copy+apply 0.07 | present period 19.3 ms
network job 3300 done in 15 ms (11.6 ms network on the GPU, 3.4 ms waiting for the capture; history off, zero-copy)
frames 3600 dispatches 3366 (1.00/frame) fg 0 (+0) submitted 3365 ready 3364 skipped 0 (+0) timeouts 0 route fsr
  vram 7407/14953 MB
network job 3400 done in 16 ms (12.1 ms network on the GPU, 3.9 ms waiting for the capture; history off, zero-copy)
timing (avg of 200 jobs): worker wall 15.4 ms = queued 0.0 + inputs 0.0 + wait-for-capture 3.6 + network 11.7 + flag+sync 0.1; flag readback 0.05 | game queue: capture copies 0.02, spin waiting on us 11.8, residual copy+apply 0.07 | present period 19.3 ms
network job 3500 done in 15 ms (11.7 ms network on the GPU, 3.3 ms waiting for the capture; history off, zero-copy)
network job 3600 done in 14 ms (12.0 ms network on the GPU, 2.0 ms waiting for the capture; history off, zero-copy)
timing (avg of 200 jobs): worker wall 15.1 ms = queued 0.0 + inputs 0.0 + wait-for-capture 3.3 + network 11.8 + flag+sync 0.1; flag readback 0.05 | game queue: capture copies 0.02, spin waiting on us 11.9, residual copy+apply 0.07 | present period 18.2 ms
network job 3700 done in 14 ms (11.6 ms network on the GPU, 2.4 ms waiting for the capture; history off, zero-copy)
network job 3800 done in 14 ms (11.7 ms network on the GPU, 2.3 ms waiting for the capture; history off, zero-copy)
timing (avg of 200 jobs): worker wall 13.6 ms = queued 0.0 + inputs 0.0 + wait-for-capture 1.8 + network 11.7 + flag+sync 0.1; flag readback 0.05 | game queue: capture copies 0.02, spin waiting on us 11.8, residual copy+apply 0.07 | present period 17.8 ms
network job 3900 done in 13 ms (11.8 ms network on the GPU, 1.2 ms waiting for the capture; history off, zero-copy)
frames 4200 dispatches 3966 (1.00/frame) fg 0 (+0) submitted 3965 ready 3964 skipped 0 (+0) timeouts 0 route fsr
  vram 7352/14953 MB
network job 4000 done in 13 ms (11.6 ms network on the GPU, 1.4 ms waiting for the capture; history off, zero-copy)
timing (avg of 200 jobs): worker wall 13.6 ms = queued 0.0 + inputs 0.0 + wait-for-capture 1.8 + network 11.7 + flag+sync 0.1; flag readback 0.05 | game queue: capture copies 0.02, spin waiting on us 11.8, residual copy+apply 0.07 | present period 17.9 ms
network job 4100 done in 14 ms (11.6 ms network on the GPU, 2.4 ms waiting for the capture; history off, zero-copy)
network job 4200 done in 14 ms (12.1 ms network on the GPU, 1.9 ms waiting for the capture; history off, zero-copy)
timing (avg of 200 jobs): worker wall 13.6 ms = queued 0.0 + inputs 0.0 + wait-for-capture 1.8 + network 11.7 + flag+sync 0.1; flag readback 0.05 | game queue: capture copies 0.02, spin waiting on us 11.8, residual copy+apply 0.07 | present period 17.7 ms
network job 4300 done in 13 ms (11.8 ms network on the GPU, 1.2 ms waiting for the capture; history off, zero-copy)
network job 4400 done in 14 ms (11.8 ms network on the GPU, 2.2 ms waiting for the capture; history off, zero-copy)
timing (avg of 200 jobs): worker wall 13.7 ms = queued 0.0 + inputs 0.0 + wait-for-capture 1.8 + network 11.8 + flag+sync 0.1; flag readback 0.05 | game queue: capture copies 0.02, spin waiting on us 11.9, residual copy+apply 0.07 | present period 17.8 ms
network job 4500 done in 14 ms (11.8 ms network on the GPU, 2.2 ms waiting for the capture; history off, zero-copy)
frames 4800 dispatches 4566 (1.00/frame) fg 0 (+0) submitted 4565 ready 4564 skipped 0 (+0) timeouts 0 route fsr
  vram 7393/14953 MB
network job 4600 done in 13 ms (11.6 ms network on the GPU, 1.4 ms waiting for the capture; history off, zero-copy)
timing (avg of 200 jobs): worker wall 14.3 ms = queued 0.0 + inputs 0.0 + wait-for-capture 2.5 + network 11.8 + flag+sync 0.1; flag readback 0.05 | game queue: capture copies 0.02, spin waiting on us 11.9, residual copy+apply 0.07 | present period 18.4 ms
network job 4700 done in 13 ms (11.6 ms network on the GPU, 1.4 ms waiting for the capture; history off, zero-copy)
network job 4800 done in 13 ms (11.7 ms network on the GPU, 1.3 ms waiting for the capture; history off, zero-copy)
timing (avg of 200 jobs): worker wall 13.7 ms = queued 0.0 + inputs 0.0 + wait-for-capture 1.8 + network 11.8 + flag+sync 0.1; flag readback 0.05 | game queue: capture copies 0.02, spin waiting on us 11.9, residual copy+apply 0.07 | present period 17.7 ms
network job 4900 done in 14 ms (12.3 ms network on the GPU, 1.7 ms waiting for the capture; history off, zero-copy)
SPIKE at 06:05:47.415: job 4940 took 342 ms (typical 14 ms; 0 ms of it waiting for the game's capture); submitted 4940 inlineDone 4939 frames 5175 skipped 0 timeouts 0 spin cap 3891632 vram 7393/14953 MB
network job 5000 done in 13 ms (11.6 ms network on the GPU, 1.4 ms waiting for the capture; history off, zero-copy)
timing (avg of 200 jobs): worker wall 15.7 ms = queued 0.0 + inputs 0.0 + wait-for-capture 3.7 + network 11.9 + flag+sync 0.1; flag readback 0.07 | game queue: capture copies 0.02, spin waiting on us 12.0, residual copy+apply 0.07 | present period 17.9 ms
network job 5100 done in 14 ms (11.8 ms network on the GPU, 2.2 ms waiting for the capture; history off, zero-copy)
frames 5400 dispatches 5166 (1.00/frame) fg 0 (+0) submitted 5165 ready 5164 skipped 0 (+0) timeouts 0 route fsr
  vram 7393/14953 MB
network job 5200 done in 14 ms (11.6 ms network on the GPU, 2.4 ms waiting for the capture; history off, zero-copy)
timing (avg of 200 jobs): worker wall 14.2 ms = queued 0.0 + inputs 0.0 + wait-for-capture 2.3 + network 11.8 + flag+sync 0.1; flag readback 0.10 | game queue: capture copies 0.02, spin waiting on us 12.0, residual copy+apply 0.07 | present period 17.8 ms
network job 5300 done in 14 ms (11.7 ms network on the GPU, 2.3 ms waiting for the capture; history off, zero-copy)
network job 5400 done in 14 ms (12.0 ms network on the GPU, 2.0 ms waiting for the capture; history off, zero-copy)
timing (avg of 200 jobs): worker wall 13.5 ms = queued 0.0 + inputs 0.0 + wait-for-capture 1.7 + network 11.8 + flag+sync 0.1; flag readback 0.09 | game queue: capture copies 0.02, spin waiting on us 11.9, residual copy+apply 0.07 | present period 17.6 ms
network job 5500 done in 14 ms (11.7 ms network on the GPU, 2.3 ms waiting for the capture; history off, zero-copy)
network job 5600 done in 14 ms (11.7 ms network on the GPU, 2.3 ms waiting for the capture; history off, zero-copy)
timing (avg of 200 jobs): worker wall 13.6 ms = queued 0.0 + inputs 0.0 + wait-for-capture 1.7 + network 11.8 + flag+sync 0.1; flag readback 0.08 | game queue: capture copies 0.02, spin waiting on us 11.9, residual copy+apply 0.07 | present period 17.7 ms
network job 5700 done in 13 ms (11.7 ms network on the GPU, 1.3 ms waiting for the capture; history off, zero-copy)
frames 6000 dispatches 5766 (1.00/frame) fg 0 (+0) submitted 5765 ready 5764 skipped 0 (+0) timeouts 0 route fsr
  vram 7393/14953 MB
network job 5800 done in 17 ms (13.9 ms network on the GPU, 3.1 ms waiting for the capture; history off, zero-copy)
timing (avg of 200 jobs): worker wall 14.1 ms = queued 0.0 + inputs 0.0 + wait-for-capture 2.1 + network 11.9 + flag+sync 0.1; flag readback 0.09 | game queue: capture copies 0.02, spin waiting on us 12.0, residual copy+apply 0.07 | present period 18.2 ms
network job 5900 done in 13 ms (11.7 ms network on the GPU, 1.3 ms waiting for the capture; history off, zero-copy)
network job 6000 done in 14 ms (12.1 ms network on the GPU, 1.9 ms waiting for the capture; history off, zero-copy)
timing (avg of 200 jobs): worker wall 13.7 ms = queued 0.0 + inputs 0.0 + wait-for-capture 1.9 + network 11.8 + flag+sync 0.1; flag readback 0.09 | game queue: capture copies 0.02, spin waiting on us 11.9, residual copy+apply 0.07 | present period 17.7 ms
network job 6100 done in 14 ms (11.9 ms network on the GPU, 2.1 ms waiting for the capture; history off, zero-copy)
network job 6200 done in 13 ms (11.5 ms network on the GPU, 1.5 ms waiting for the capture; history off, zero-copy)
timing (avg of 200 jobs): worker wall 13.6 ms = queued 0.0 + inputs 0.0 + wait-for-capture 1.8 + network 11.8 + flag+sync 0.1; flag readback 0.08 | game queue: capture copies 0.02, spin waiting on us 11.9, residual copy+apply 0.07 | present period 17.7 ms
network job 6300 done in 13 ms (11.9 ms network on the GPU, 1.1 ms waiting for the capture; history off, zero-copy)
frames 6600 dispatches 6366 (1.00/frame) fg 0 (+0) submitted 6365 ready 6364 skipped 0 (+0) timeouts 0 route fsr
  vram 7393/14953 MB
network job 6400 done in 14 ms (11.8 ms network on the GPU, 2.2 ms waiting for the capture; history off, zero-copy)
timing (avg of 200 jobs): worker wall 13.6 ms = queued 0.0 + inputs 0.0 + wait-for-capture 1.7 + network 11.8 + flag+sync 0.1; flag readback 0.09 | game queue: capture copies 0.02, spin waiting on us 11.9, residual copy+apply 0.07 | present period 17.7 ms
network job 6500 done in 14 ms (11.7 ms network on the GPU, 2.3 ms waiting for the capture; history off, zero-copy)
network job 6600 done in 13 ms (11.7 ms network on the GPU, 1.3 ms waiting for the capture; history off, zero-copy)
timing (avg of 200 jobs): worker wall 13.6 ms = queued 0.0 + inputs 0.0 + wait-for-capture 1.8 + network 11.8 + flag+sync 0.1; flag readback 0.09 | game queue: capture copies 0.02, spin waiting on us 11.9, residual copy+apply 0.07 | present period 17.8 ms
network job 6700 done in 13 ms (11.7 ms network on the GPU, 1.3 ms waiting for the capture; history off, zero-copy)
network job 6800 done in 14 ms (12.0 ms network on the GPU, 2.0 ms waiting for the capture; history off, zero-copy)
timing (avg of 200 jobs): worker wall 13.6 ms = queued 0.0 + inputs 0.0 + wait-for-capture 1.7 + network 11.8 + flag+sync 0.1; flag readback 0.09 | game queue: capture copies 0.02, spin waiting on us 11.9, residual copy+apply 0.07 | present period 17.7 ms
network job 6900 done in 13 ms (11.7 ms network on the GPU, 1.3 ms waiting for the capture; history off, zero-copy)
frames 7200 dispatches 6966 (1.00/frame) fg 0 (+0) submitted 6965 ready 6964 skipped 0 (+0) timeouts 0 route fsr
  vram 7393/14953 MB
network job 7000 done in 14 ms (11.8 ms network on the GPU, 2.2 ms waiting for the capture; history off, zero-copy)
timing (avg of 200 jobs): worker wall 13.6 ms = queued 0.0 + inputs 0.0 + wait-for-capture 1.8 + network 11.8 + flag+sync 0.1; flag readback 0.09 | game queue: capture copies 0.02, spin waiting on us 11.9, residual copy+apply 0.07 | present period 17.8 ms
network job 7100 done in 14 ms (11.6 ms network on the GPU, 2.4 ms waiting for the capture; history off, zero-copy)
network job 7200 done in 14 ms (11.8 ms network on the GPU, 2.2 ms waiting for the capture; history off, zero-copy)
timing (avg of 200 jobs): worker wall 13.6 ms = queued 0.0 + inputs 0.0 + wait-for-capture 1.7 + network 11.8 + flag+sync 0.1; flag readback 0.09 | game queue: capture copies 0.02, spin waiting on us 11.9, residual copy+apply 0.07 | present period 17.7 ms
network job 7300 done in 14 ms (11.6 ms network on the GPU, 2.4 ms waiting for the capture; history off, zero-copy)
network job 7400 done in 14 ms (11.8 ms network on the GPU, 2.2 ms waiting for the capture; history off, zero-copy)
timing (avg of 200 jobs): worker wall 13.6 ms = queued 0.0 + inputs 0.0 + wait-for-capture 1.7 + network 11.8 + flag+sync 0.1; flag readback 0.09 | game queue: capture copies 0.02, spin waiting on us 11.9, residual copy+apply 0.07 | present period 17.7 ms
network job 7500 done in 13 ms (11.6 ms network on the GPU, 1.4 ms waiting for the capture; history off, zero-copy)
frames 7800 dispatches 7566 (1.00/frame) fg 0 (+0) submitted 7565 ready 7564 skipped 0 (+0) timeouts 0 route fsr
  vram 7393/14953 MB
network job 7600 done in 14 ms (11.7 ms network on the GPU, 2.3 ms waiting for the capture; history off, zero-copy)
timing (avg of 200 jobs): worker wall 13.6 ms = queued 0.0 + inputs 0.0 + wait-for-capture 1.7 + network 11.8 + flag+sync 0.1; flag readback 0.09 | game queue: capture copies 0.02, spin waiting on us 11.9, residual copy+apply 0.07 | present period 17.7 ms
network job 7700 done in 14 ms (11.9 ms network on the GPU, 2.1 ms waiting for the capture; history off, zero-copy)
network job 7800 done in 14 ms (11.9 ms network on the GPU, 2.1 ms waiting for the capture; history off, zero-copy)
timing (avg of 200 jobs): worker wall 13.6 ms = queued 0.0 + inputs 0.0 + wait-for-capture 1.7 + network 11.8 + flag+sync 0.1; flag readback 0.09 | game queue: capture copies 0.02, spin waiting on us 11.9, residual copy+apply 0.07 | present period 17.8 ms
network job 7900 done in 13 ms (11.7 ms network on the GPU, 1.3 ms waiting for the capture; history off, zero-copy)
network job 8000 done in 13 ms (11.8 ms network on the GPU, 1.2 ms waiting for the capture; history off, zero-copy)
timing (avg of 200 jobs): worker wall 13.6 ms = queued 0.0 + inputs 0.0 + wait-for-capture 1.8 + network 11.8 + flag+sync 0.1; flag readback 0.09 | game queue: capture copies 0.02, spin waiting on us 11.9, residual copy+apply 0.07 | present period 17.7 ms
network job 8100 done in 14 ms (11.7 ms network on the GPU, 2.3 ms waiting for the capture; history off, zero-copy)
frames 8400 dispatches 8166 (1.00/frame) fg 0 (+0) submitted 8165 ready 8164 skipped 0 (+0) timeouts 0 route fsr
  vram 7393/14953 MB
network job 8200 done in 13 ms (11.7 ms network on the GPU, 1.3 ms waiting for the capture; history off, zero-copy)
timing (avg of 200 jobs): worker wall 13.6 ms = queued 0.0 + inputs 0.0 + wait-for-capture 1.7 + network 11.8 + flag+sync 0.1; flag readback 0.08 | game queue: capture copies 0.02, spin waiting on us 11.9, residual copy+apply 0.07 | present period 17.7 ms
network job 8300 done in 14 ms (11.7 ms network on the GPU, 2.3 ms waiting for the capture; history off, zero-copy)
network job 8400 done in 13 ms (11.8 ms network on the GPU, 1.2 ms waiting for the capture; history off, zero-copy)
timing (avg of 200 jobs): worker wall 13.6 ms = queued 0.0 + inputs 0.0 + wait-for-capture 1.7 + network 11.8 + flag+sync 0.1; flag readback 0.10 | game queue: capture copies 0.02, spin waiting on us 11.9, residual copy+apply 0.07 | present period 17.7 ms
network job 8500 done in 14 ms (11.8 ms network on the GPU, 2.2 ms waiting for the capture; history off, zero-copy)
network job 8600 done in 14 ms (11.7 ms network on the GPU, 2.3 ms waiting for the capture; history off, zero-copy)
timing (avg of 200 jobs): worker wall 14.1 ms = queued 0.0 + inputs 0.0 + wait-for-capture 2.2 + network 11.8 + flag+sync 0.1; flag readback 0.09 | game queue: capture copies 0.02, spin waiting on us 12.0, residual copy+apply 0.07 | present period 17.7 ms
network job 8700 done in 13 ms (11.7 ms network on the GPU, 1.3 ms waiting for the capture; history off, zero-copy)
frames 9000 dispatches 8766 (1.00/frame) fg 0 (+0) submitted 8765 ready 8764 skipped 0 (+0) timeouts 0 route fsr
  vram 7393/14953 MB
network job 8800 done in 13 ms (11.6 ms network on the GPU, 1.4 ms waiting for the capture; history off, zero-copy)
timing (avg of 200 jobs): worker wall 13.6 ms = queued 0.0 + inputs 0.0 + wait-for-capture 1.7 + network 11.8 + flag+sync 0.1; flag readback 0.08 | game queue: capture copies 0.02, spin waiting on us 11.9, residual copy+apply 0.07 | present period 17.7 ms
network job 8900 done in 14 ms (11.8 ms network on the GPU, 2.2 ms waiting for the capture; history off, zero-copy)
network job 9000 done in 14 ms (11.8 ms network on the GPU, 2.2 ms waiting for the capture; history off, zero-copy)
timing (avg of 200 jobs): worker wall 13.6 ms = queued 0.0 + inputs 0.0 + wait-for-capture 1.7 + network 11.8 + flag+sync 0.1; flag readback 0.08 | game queue: capture copies 0.02, spin waiting on us 11.9, residual copy+apply 0.07 | present period 17.8 ms
network job 9100 done in 13 ms (11.7 ms network on the GPU, 1.3 ms waiting for the capture; history off, zero-copy)
network job 9200 done in 13 ms (11.7 ms network on the GPU, 1.3 ms waiting for the capture; history off, zero-copy)
timing (avg of 200 jobs): worker wall 14.2 ms = queued 0.0 + inputs 0.0 + wait-for-capture 2.3 + network 11.8 + flag+sync 0.1; flag readback 0.08 | game queue: capture copies 0.02, spin waiting on us 12.0, residual copy+apply 0.07 | present period 17.9 ms
network job 9300 done in 14 ms (11.7 ms network on the GPU, 2.3 ms waiting for the capture; history off, zero-copy)
frames 9600 dispatches 9366 (1.00/frame) fg 0 (+0) submitted 9365 ready 9364 skipped 0 (+0) timeouts 0 route fsr
  vram 7393/14953 MB
network job 9400 done in 13 ms (11.8 ms network on the GPU, 1.2 ms waiting for the capture; history off, zero-copy)
timing (avg of 200 jobs): worker wall 13.9 ms = queued 0.0 + inputs 0.0 + wait-for-capture 2.0 + network 11.8 + flag+sync 0.1; flag readback 0.08 | game queue: capture copies 0.02, spin waiting on us 11.9, residual copy+apply 0.07 | present period 17.7 ms
network job 9500 done in 14 ms (12.1 ms network on the GPU, 1.9 ms waiting for the capture; history off, zero-copy)
network job 9600 done in 13 ms (11.7 ms network on the GPU, 1.3 ms waiting for the capture; history off, zero-copy)
timing (avg of 200 jobs): worker wall 13.6 ms = queued 0.0 + inputs 0.0 + wait-for-capture 1.7 + network 11.8 + flag+sync 0.1; flag readback 0.09 | game queue: capture copies 0.02, spin waiting on us 11.9, residual copy+apply 0.07 | present period 17.7 ms
network job 9700 done in 14 ms (11.9 ms network on the GPU, 2.1 ms waiting for the capture; history off, zero-copy)
network job 9800 done in 13 ms (11.7 ms network on the GPU, 1.3 ms waiting for the capture; history off, zero-copy)
timing (avg of 200 jobs): worker wall 13.6 ms = queued 0.0 + inputs 0.0 + wait-for-capture 1.8 + network 11.8 + flag+sync 0.1; flag readback 0.08 | game queue: capture copies 0.02, spin waiting on us 11.9, residual copy+apply 0.07 | present period 17.8 ms
network job 9900 done in 14 ms (12.1 ms network on the GPU, 1.9 ms waiting for the capture; history off, zero-copy)
frames 10200 dispatches 9966 (1.00/frame) fg 0 (+0) submitted 9965 ready 9964 skipped 0 (+0) timeouts 0 route fsr
  vram 7393/14953 MB
network job 10000 done in 14 ms (11.7 ms network on the GPU, 2.3 ms waiting for the capture; history off, zero-copy)
timing (avg of 200 jobs): worker wall 13.9 ms = queued 0.0 + inputs 0.0 + wait-for-capture 2.1 + network 11.8 + flag+sync 0.1; flag readback 0.05 | game queue: capture copies 0.02, spin waiting on us 11.9, residual copy+apply 0.07 | present period 17.7 ms
network job 10100 done in 13 ms (11.8 ms network on the GPU, 1.2 ms waiting for the capture; history off, zero-copy)
network job 10200 done in 13 ms (11.7 ms network on the GPU, 1.3 ms waiting for the capture; history off, zero-copy)
timing (avg of 200 jobs): worker wall 13.6 ms = queued 0.0 + inputs 0.0 + wait-for-capture 1.8 + network 11.8 + flag+sync 0.1; flag readback 0.06 | game queue: capture copies 0.02, spin waiting on us 11.9, residual copy+apply 0.07 | present period 17.7 ms
network job 10300 done in 13 ms (11.8 ms network on the GPU, 1.2 ms waiting for the capture; history off, zero-copy)
network job 10400 done in 14 ms (11.8 ms network on the GPU, 2.2 ms waiting for the capture; history off, zero-copy)
timing (avg of 200 jobs): worker wall 13.9 ms = queued 0.0 + inputs 0.0 + wait-for-capture 2.0 + network 11.8 + flag+sync 0.1; flag readback 0.06 | game queue: capture copies 0.02, spin waiting on us 11.9, residual copy+apply 0.07 | present period 19.0 ms
network job 10500 done in 13 ms (11.9 ms network on the GPU, 1.1 ms waiting for the capture; history off, zero-copy)
frames 10800 dispatches 10566 (1.00/frame) fg 0 (+0) submitted 10565 ready 10564 skipped 0 (+0) timeouts 0 route fsr
  vram 7393/14953 MB
network job 10600 done in 13 ms (11.6 ms network on the GPU, 1.4 ms waiting for the capture; history off, zero-copy)
timing (avg of 200 jobs): worker wall 13.8 ms = queued 0.0 + inputs 0.0 + wait-for-capture 1.9 + network 11.9 + flag+sync 0.1; flag readback 0.08 | game queue: capture copies 0.02, spin waiting on us 12.0, residual copy+apply 0.07 | present period 17.8 ms
network job 10700 done in 13 ms (11.8 ms network on the GPU, 1.2 ms waiting for the capture; history off, zero-copy)
network job 10800 done in 14 ms (11.9 ms network on the GPU, 2.1 ms waiting for the capture; history off, zero-copy)
timing (avg of 200 jobs): worker wall 13.6 ms = queued 0.0 + inputs 0.0 + wait-for-capture 1.7 + network 11.8 + flag+sync 0.1; flag readback 0.08 | game queue: capture copies 0.02, spin waiting on us 11.9, residual copy+apply 0.07 | present period 17.7 ms
network job 10900 done in 13 ms (11.7 ms network on the GPU, 1.3 ms waiting for the capture; history off, zero-copy)
network job 11000 done in 13 ms (11.9 ms network on the GPU, 1.1 ms waiting for the capture; history off, zero-copy)
timing (avg of 200 jobs): worker wall 13.6 ms = queued 0.0 + inputs 0.0 + wait-for-capture 1.7 + network 11.8 + flag+sync 0.1; flag readback 0.08 | game queue: capture copies 0.02, spin waiting on us 11.9, residual copy+apply 0.07 | present period 17.8 ms
network job 11100 done in 13 ms (11.8 ms network on the GPU, 1.2 ms waiting for the capture; history off, zero-copy)
frames 11400 dispatches 11166 (1.00/frame) fg 0 (+0) submitted 11165 ready 11164 skipped 0 (+0) timeouts 0 route fsr
  vram 7393/14953 MB
network job 11200 done in 14 ms (12.0 ms network on the GPU, 2.0 ms waiting for the capture; history off, zero-copy)
timing (avg of 200 jobs): worker wall 13.6 ms = queued 0.0 + inputs 0.0 + wait-for-capture 1.7 + network 11.8 + flag+sync 0.1; flag readback 0.08 | game queue: capture copies 0.02, spin waiting on us 11.9, residual copy+apply 0.07 | present period 17.7 ms
network job 11300 done in 13 ms (11.7 ms network on the GPU, 1.3 ms waiting for the capture; history off, zero-copy)
network job 11400 done in 13 ms (11.7 ms network on the GPU, 1.3 ms waiting for the capture; history off, zero-copy)
timing (avg of 200 jobs): worker wall 13.6 ms = queued 0.0 + inputs 0.0 + wait-for-capture 1.7 + network 11.8 + flag+sync 0.1; flag readback 0.08 | game queue: capture copies 0.02, spin waiting on us 11.9, residual copy+apply 0.07 | present period 17.8 ms
network job 11500 done in 14 ms (11.8 ms network on the GPU, 2.2 ms waiting for the capture; history off, zero-copy)
network job 11600 done in 14 ms (12.1 ms network on the GPU, 1.9 ms waiting for the capture; history off, zero-copy)
timing (avg of 200 jobs): worker wall 13.6 ms = queued 0.0 + inputs 0.0 + wait-for-capture 1.7 + network 11.8 + flag+sync 0.1; flag readback 0.08 | game queue: capture copies 0.02, spin waiting on us 11.9, residual copy+apply 0.07 | present period 17.6 ms
network job 11700 done in 14 ms (11.9 ms network on the GPU, 2.1 ms waiting for the capture; history off, zero-copy)
frames 12000 dispatches 11766 (1.00/frame) fg 0 (+0) submitted 11765 ready 11764 skipped 0 (+0) timeouts 0 route fsr
  vram 7393/14953 MB
network job 11800 done in 13 ms (11.7 ms network on the GPU, 1.3 ms waiting for the capture; history off, zero-copy)
timing (avg of 200 jobs): worker wall 13.6 ms = queued 0.0 + inputs 0.0 + wait-for-capture 1.7 + network 11.8 + flag+sync 0.1; flag readback 0.09 | game queue: capture copies 0.02, spin waiting on us 12.0, residual copy+apply 0.07 | present period 17.8 ms
network job 11900 done in 14 ms (11.9 ms network on the GPU, 2.1 ms waiting for the capture; history off, zero-copy)
network job 12000 done in 14 ms (12.1 ms network on the GPU, 1.9 ms waiting for the capture; history off, zero-copy)
timing (avg of 200 jobs): worker wall 13.6 ms = queued 0.0 + inputs 0.0 + wait-for-capture 1.8 + network 11.8 + flag+sync 0.1; flag readback 0.09 | game queue: capture copies 0.02, spin waiting on us 11.9, residual copy+apply 0.07 | present period 17.7 ms
network job 12100 done in 13 ms (11.7 ms network on the GPU, 1.3 ms waiting for the capture; history off, zero-copy)
network job 12200 done in 14 ms (11.7 ms network on the GPU, 2.3 ms waiting for the capture; history off, zero-copy)
timing (avg of 200 jobs): worker wall 13.6 ms = queued 0.0 + inputs 0.0 + wait-for-capture 1.7 + network 11.8 + flag+sync 0.1; flag readback 0.09 | game queue: capture copies 0.02, spin waiting on us 11.9, residual copy+apply 0.07 | present period 17.7 ms
network job 12300 done in 13 ms (11.9 ms network on the GPU, 1.1 ms waiting for the capture; history off, zero-copy)
frames 12600 dispatches 12366 (1.00/frame) fg 0 (+0) submitted 12365 ready 12364 skipped 0 (+0) timeouts 0 route fsr
  vram 7393/14953 MB
network job 12400 done in 14 ms (12.1 ms network on the GPU, 1.9 ms waiting for the capture; history off, zero-copy)
timing (avg of 200 jobs): worker wall 13.7 ms = queued 0.0 + inputs 0.0 + wait-for-capture 1.8 + network 11.8 + flag+sync 0.1; flag readback 0.08 | game queue: capture copies 0.02, spin waiting on us 11.9, residual copy+apply 0.07 | present period 17.6 ms
network job 12500 done in 14 ms (12.1 ms network on the GPU, 1.9 ms waiting for the capture; history off, zero-copy)
network job 12600 done in 14 ms (11.8 ms network on the GPU, 2.2 ms waiting for the capture; history off, zero-copy)
timing (avg of 200 jobs): worker wall 14.0 ms = queued 0.0 + inputs 0.0 + wait-for-capture 2.1 + network 11.9 + flag+sync 0.1; flag readback 0.08 | game queue: capture copies 0.02, spin waiting on us 12.0, residual copy+apply 0.07 | present period 17.6 ms
network job 12700 done in 13 ms (12.1 ms network on the GPU, 0.9 ms waiting for the capture; history off, zero-copy)
network job 12800 done in 13 ms (11.6 ms network on the GPU, 1.4 ms waiting for the capture; history off, zero-copy)
timing (avg of 200 jobs): worker wall 13.7 ms = queued 0.0 + inputs 0.0 + wait-for-capture 1.8 + network 11.8 + flag+sync 0.1; flag readback 0.09 | game queue: capture copies 0.02, spin waiting on us 11.9, residual copy+apply 0.07 | present period 17.8 ms
network job 12900 done in 13 ms (11.8 ms network on the GPU, 1.2 ms waiting for the capture; history off, zero-copy)
frames 13200 dispatches 12966 (1.00/frame) fg 0 (+0) submitted 12965 ready 12964 skipped 0 (+0) timeouts 0 route fsr
  vram 7393/14953 MB
network job 13000 done in 14 ms (11.8 ms network on the GPU, 2.2 ms waiting for the capture; history off, zero-copy)
timing (avg of 200 jobs): worker wall 13.7 ms = queued 0.0 + inputs 0.0 + wait-for-capture 1.8 + network 11.8 + flag+sync 0.1; flag readback 0.08 | game queue: capture copies 0.02, spin waiting on us 11.9, residual copy+apply 0.07 | present period 17.8 ms
network job 13100 done in 14 ms (11.7 ms network on the GPU, 2.3 ms waiting for the capture; history off, zero-copy)
network job 13200 done in 14 ms (11.7 ms network on the GPU, 2.3 ms waiting for the capture; history off, zero-copy)
timing (avg of 200 jobs): worker wall 14.2 ms = queued 0.0 + inputs 0.0 + wait-for-capture 2.2 + network 12.0 + flag+sync 0.1; flag readback 0.06 | game queue: capture copies 0.02, spin waiting on us 12.1, residual copy+apply 0.07 | present period 17.8 ms
network job 13300 done in 14 ms (11.8 ms network on the GPU, 2.2 ms waiting for the capture; history off, zero-copy)
network job 13400 done in 14 ms (12.0 ms network on the GPU, 2.0 ms waiting for the capture; history off, zero-copy)
timing (avg of 200 jobs): worker wall 13.7 ms = queued 0.0 + inputs 0.0 + wait-for-capture 1.8 + network 11.8 + flag+sync 0.1; flag readback 0.06 | game queue: capture copies 0.02, spin waiting on us 11.9, residual copy+apply 0.07 | present period 17.6 ms
network job 13500 done in 13 ms (11.8 ms network on the GPU, 1.2 ms waiting for the capture; history off, zero-copy)
frames 13800 dispatches 13566 (1.00/frame) fg 0 (+0) submitted 13565 ready 13564 skipped 0 (+0) timeouts 0 route fsr
  vram 7393/14953 MB
network job 13600 done in 14 ms (11.9 ms network on the GPU, 2.1 ms waiting for the capture; history off, zero-copy)
timing (avg of 200 jobs): worker wall 14.6 ms = queued 0.0 + inputs 0.0 + wait-for-capture 2.5 + network 12.0 + flag+sync 0.1; flag readback 0.06 | game queue: capture copies 0.02, spin waiting on us 12.1, residual copy+apply 0.07 | present period 17.8 ms
network job 13700 done in 13 ms (11.9 ms network on the GPU, 1.1 ms waiting for the capture; history off, zero-copy)
network job 13800 done in 13 ms (11.9 ms network on the GPU, 1.1 ms waiting for the capture; history off, zero-copy)
timing (avg of 200 jobs): worker wall 14.0 ms = queued 0.0 + inputs 0.0 + wait-for-capture 2.1 + network 11.9 + flag+sync 0.1; flag readback 0.06 | game queue: capture copies 0.02, spin waiting on us 12.0, residual copy+apply 0.07 | present period 19.1 ms
network job 13900 done in 14 ms (11.8 ms network on the GPU, 2.2 ms waiting for the capture; history off, zero-copy)
network job 14000 done in 13 ms (11.8 ms network on the GPU, 1.2 ms waiting for the capture; history off, zero-copy)
timing (avg of 200 jobs): worker wall 13.8 ms = queued 0.0 + inputs 0.0 + wait-for-capture 1.8 + network 11.8 + flag+sync 0.1; flag readback 0.07 | game queue: capture copies 0.02, spin waiting on us 12.0, residual copy+apply 0.07 | present period 17.8 ms
network job 14100 done in 13 ms (11.7 ms network on the GPU, 1.3 ms waiting for the capture; history off, zero-copy)
frames 14400 dispatches 14166 (1.00/frame) fg 0 (+0) submitted 14165 ready 14164 skipped 0 (+0) timeouts 0 route fsr
  vram 7393/14953 MB
network job 14200 done in 14 ms (12.0 ms network on the GPU, 2.0 ms waiting for the capture; history off, zero-copy)
timing (avg of 200 jobs): worker wall 14.1 ms = queued 0.0 + inputs 0.0 + wait-for-capture 2.1 + network 11.9 + flag+sync 0.1; flag readback 0.06 | game queue: capture copies 0.02, spin waiting on us 12.0, residual copy+apply 0.07 | present period 19.3 ms
network job 14300 done in 14 ms (11.8 ms network on the GPU, 2.2 ms waiting for the capture; history off, zero-copy)
network job 14400 done in 13 ms (11.7 ms network on the GPU, 1.3 ms waiting for the capture; history off, zero-copy)
timing (avg of 200 jobs): worker wall 13.9 ms = queued 0.0 + inputs 0.0 + wait-for-capture 1.9 + network 11.9 + flag+sync 0.1; flag readback 0.06 | game queue: capture copies 0.02, spin waiting on us 12.1, residual copy+apply 0.07 | present period 17.9 ms
network job 14500 done in 14 ms (11.8 ms network on the GPU, 2.2 ms waiting for the capture; history off, zero-copy)
network job 14600 done in 14 ms (12.0 ms network on the GPU, 2.0 ms waiting for the capture; history off, zero-copy)
timing (avg of 200 jobs): worker wall 13.7 ms = queued 0.0 + inputs 0.0 + wait-for-capture 1.7 + network 11.9 + flag+sync 0.1; flag readback 0.06 | game queue: capture copies 0.02, spin waiting on us 12.0, residual copy+apply 0.07 | present period 17.8 ms
network job 14700 done in 13 ms (11.9 ms network on the GPU, 1.1 ms waiting for the capture; history off, zero-copy)
frames 15000 dispatches 14766 (1.00/frame) fg 0 (+0) submitted 14765 ready 14764 skipped 0 (+0) timeouts 0 route fsr
  vram 7393/14953 MB
network job 14800 done in 13 ms (11.6 ms network on the GPU, 1.4 ms waiting for the capture; history off, zero-copy)
timing (avg of 200 jobs): worker wall 13.7 ms = queued 0.0 + inputs 0.0 + wait-for-capture 1.8 + network 11.8 + flag+sync 0.1; flag readback 0.06 | game queue: capture copies 0.02, spin waiting on us 12.0, residual copy+apply 0.07 | present period 17.9 ms
network job 14900 done in 14 ms (11.8 ms network on the GPU, 2.2 ms waiting for the capture; history off, zero-copy)
network job 15000 done in 14 ms (11.8 ms network on the GPU, 2.2 ms waiting for the capture; history off, zero-copy)
timing (avg of 200 jobs): worker wall 13.9 ms = queued 0.0 + inputs 0.0 + wait-for-capture 2.0 + network 11.8 + flag+sync 0.1; flag readback 0.09 | game queue: capture copies 0.02, spin waiting on us 12.0, residual copy+apply 0.07 | present period 17.7 ms
network job 15100 done in 14 ms (11.9 ms network on the GPU, 2.1 ms waiting for the capture; history off, zero-copy)
network job 15200 done in 13 ms (11.7 ms network on the GPU, 1.3 ms waiting for the capture; history off, zero-copy)
timing (avg of 200 jobs): worker wall 13.6 ms = queued 0.0 + inputs 0.0 + wait-for-capture 1.7 + network 11.8 + flag+sync 0.1; flag readback 0.09 | game queue: capture copies 0.02, spin waiting on us 11.9, residual copy+apply 0.07 | present period 17.7 ms
network job 15300 done in 14 ms (11.9 ms network on the GPU, 2.1 ms waiting for the capture; history off, zero-copy)
frames 15600 dispatches 15366 (1.00/frame) fg 0 (+0) submitted 15365 ready 15364 skipped 0 (+0) timeouts 0 route fsr
  vram 7393/14953 MB
network job 15400 done in 13 ms (11.8 ms network on the GPU, 1.2 ms waiting for the capture; history off, zero-copy)
timing (avg of 200 jobs): worker wall 13.7 ms = queued 0.0 + inputs 0.0 + wait-for-capture 1.8 + network 11.8 + flag+sync 0.1; flag readback 0.09 | game queue: capture copies 0.02, spin waiting on us 11.9, residual copy+apply 0.07 | present period 17.8 ms
network job 15500 done in 14 ms (11.8 ms network on the GPU, 2.2 ms waiting for the capture; history off, zero-copy)
network job 15600 done in 14 ms (11.7 ms network on the GPU, 2.3 ms waiting for the capture; history off, zero-copy)
timing (avg of 200 jobs): worker wall 13.6 ms = queued 0.0 + inputs 0.0 + wait-for-capture 1.8 + network 11.8 + flag+sync 0.1; flag readback 0.08 | game queue: capture copies 0.02, spin waiting on us 11.9, residual copy+apply 0.07 | present period 17.7 ms
network job 15700 done in 14 ms (11.7 ms network on the GPU, 2.3 ms waiting for the capture; history off, zero-copy)
network job 15800 done in 13 ms (12.0 ms network on the GPU, 1.0 ms waiting for the capture; history off, zero-copy)
timing (avg of 200 jobs): worker wall 13.6 ms = queued 0.0 + inputs 0.0 + wait-for-capture 1.7 + network 11.8 + flag+sync 0.1; flag readback 0.09 | game queue: capture copies 0.02, spin waiting on us 12.0, residual copy+apply 0.07 | present period 17.8 ms
network job 15900 done in 14 ms (12.2 ms network on the GPU, 1.8 ms waiting for the capture; history off, zero-copy)
frames 16200 dispatches 15966 (1.00/frame) fg 0 (+0) submitted 15965 ready 15964 skipped 0 (+0) timeouts 0 route fsr
  vram 7393/14953 MB
network job 16000 done in 14 ms (11.8 ms network on the GPU, 2.2 ms waiting for the capture; history off, zero-copy)
timing (avg of 200 jobs): worker wall 13.9 ms = queued 0.0 + inputs 0.0 + wait-for-capture 1.9 + network 11.8 + flag+sync 0.1; flag readback 0.09 | game queue: capture copies 0.02, spin waiting on us 12.0, residual copy+apply 0.07 | present period 17.7 ms
network job 16100 done in 13 ms (11.8 ms network on the GPU, 1.2 ms waiting for the capture; history off, zero-copy)
network job 16200 done in 14 ms (12.0 ms network on the GPU, 2.0 ms waiting for the capture; history off, zero-copy)
timing (avg of 200 jobs): worker wall 13.7 ms = queued 0.0 + inputs 0.0 + wait-for-capture 1.8 + network 11.8 + flag+sync 0.1; flag readback 0.09 | game queue: capture copies 0.02, spin waiting on us 11.9, residual copy+apply 0.07 | present period 17.7 ms
network job 16300 done in 13 ms (11.7 ms network on the GPU, 1.3 ms waiting for the capture; history off, zero-copy)
network job 16400 done in 14 ms (11.9 ms network on the GPU, 2.1 ms waiting for the capture; history off, zero-copy)
timing (avg of 200 jobs): worker wall 13.7 ms = queued 0.0 + inputs 0.0 + wait-for-capture 1.8 + network 11.8 + flag+sync 0.1; flag readback 0.09 | game queue: capture copies 0.02, spin waiting on us 12.0, residual copy+apply 0.07 | present period 17.8 ms
network job 16500 done in 14 ms (12.0 ms network on the GPU, 2.0 ms waiting for the capture; history off, zero-copy)
frames 16800 dispatches 16566 (1.00/frame) fg 0 (+0) submitted 16565 ready 16564 skipped 0 (+0) timeouts 0 route fsr
  vram 7393/14953 MB
network job 16600 done in 13 ms (11.7 ms network on the GPU, 1.3 ms waiting for the capture; history off, zero-copy)
timing (avg of 200 jobs): worker wall 13.7 ms = queued 0.0 + inputs 0.0 + wait-for-capture 1.8 + network 11.8 + flag+sync 0.1; flag readback 0.08 | game queue: capture copies 0.02, spin waiting on us 12.0, residual copy+apply 0.07 | present period 17.8 ms
network job 16700 done in 13 ms (11.9 ms network on the GPU, 1.1 ms waiting for the capture; history off, zero-copy)
network job 16800 done in 13 ms (11.7 ms network on the GPU, 1.3 ms waiting for the capture; history off, zero-copy)
timing (avg of 200 jobs): worker wall 13.7 ms = queued 0.0 + inputs 0.0 + wait-for-capture 1.8 + network 11.9 + flag+sync 0.1; flag readback 0.08 | game queue: capture copies 0.02, spin waiting on us 12.0, residual copy+apply 0.07 | present period 17.8 ms
network job 16900 done in 14 ms (11.9 ms network on the GPU, 2.1 ms waiting for the capture; history off, zero-copy)
network job 17000 done in 14 ms (11.8 ms network on the GPU, 2.2 ms waiting for the capture; history off, zero-copy)
timing (avg of 200 jobs): worker wall 13.7 ms = queued 0.0 + inputs 0.0 + wait-for-capture 1.8 + network 11.8 + flag+sync 0.1; flag readback 0.08 | game queue: capture copies 0.02, spin waiting on us 11.9, residual copy+apply 0.07 | present period 17.8 ms
network job 17100 done in 14 ms (12.1 ms network on the GPU, 1.9 ms waiting for the capture; history off, zero-copy)
frames 17400 dispatches 17166 (1.00/frame) fg 0 (+0) submitted 17165 ready 17164 skipped 0 (+0) timeouts 0 route fsr
  vram 7393/14953 MB
network job 17200 done in 13 ms (11.6 ms network on the GPU, 1.4 ms waiting for the capture; history off, zero-copy)
timing (avg of 200 jobs): worker wall 13.7 ms = queued 0.0 + inputs 0.0 + wait-for-capture 1.8 + network 11.8 + flag+sync 0.1; flag readback 0.08 | game queue: capture copies 0.02, spin waiting on us 12.0, residual copy+apply 0.07 | present period 17.8 ms
network job 17300 done in 13 ms (11.7 ms network on the GPU, 1.3 ms waiting for the capture; history off, zero-copy)
network job 17400 done in 13 ms (11.7 ms network on the GPU, 1.3 ms waiting for the capture; history off, zero-copy)
timing (avg of 200 jobs): worker wall 13.7 ms = queued 0.0 + inputs 0.0 + wait-for-capture 1.7 + network 11.8 + flag+sync 0.1; flag readback 0.08 | game queue: capture copies 0.02, spin waiting on us 12.0, residual copy+apply 0.07 | present period 17.8 ms
network job 17500 done in 13 ms (11.7 ms network on the GPU, 1.3 ms waiting for the capture; history off, zero-copy)
network job 17600 done in 14 ms (12.1 ms network on the GPU, 1.9 ms waiting for the capture; history off, zero-copy)
timing (avg of 200 jobs): worker wall 13.7 ms = queued 0.0 + inputs 0.0 + wait-for-capture 1.8 + network 11.8 + flag+sync 0.1; flag readback 0.07 | game queue: capture copies 0.02, spin waiting on us 11.9, residual copy+apply 0.07 | present period 17.7 ms
network job 17700 done in 14 ms (12.2 ms network on the GPU, 1.8 ms waiting for the capture; history off, zero-copy)
frames 18000 dispatches 17766 (1.00/frame) fg 0 (+0) submitted 17765 ready 17764 skipped 0 (+0) timeouts 0 route fsr
  vram 7393/14953 MB
network job 17800 done in 13 ms (11.8 ms network on the GPU, 1.2 ms waiting for the capture; history off, zero-copy)
timing (avg of 200 jobs): worker wall 13.7 ms = queued 0.0 + inputs 0.0 + wait-for-capture 1.8 + network 11.8 + flag+sync 0.1; flag readback 0.08 | game queue: capture copies 0.02, spin waiting on us 12.0, residual copy+apply 0.07 | present period 17.8 ms
network job 17900 done in 13 ms (11.8 ms network on the GPU, 1.2 ms waiting for the capture; history off, zero-copy)
network job 18000 done in 13 ms (12.0 ms network on the GPU, 1.0 ms waiting for the capture; history off, zero-copy)
timing (avg of 200 jobs): worker wall 13.7 ms = queued 0.0 + inputs 0.0 + wait-for-capture 1.8 + network 11.8 + flag+sync 0.1; flag readback 0.08 | game queue: capture copies 0.02, spin waiting on us 12.0, residual copy+apply 0.07 | present period 17.8 ms
network job 18100 done in 13 ms (11.8 ms network on the GPU, 1.2 ms waiting for the capture; history off, zero-copy)
network job 18200 done in 14 ms (12.2 ms network on the GPU, 1.8 ms waiting for the capture; history off, zero-copy)
timing (avg of 200 jobs): worker wall 13.6 ms = queued 0.0 + inputs 0.0 + wait-for-capture 1.7 + network 11.8 + flag+sync 0.1; flag readback 0.09 | game queue: capture copies 0.02, spin waiting on us 12.0, residual copy+apply 0.07 | present period 17.9 ms
network job 18300 done in 13 ms (11.7 ms network on the GPU, 1.3 ms waiting for the capture; history off, zero-copy)
frames 18600 dispatches 18366 (1.00/frame) fg 0 (+0) submitted 18365 ready 18364 skipped 0 (+0) timeouts 0 route fsr
  vram 7393/14953 MB
network job 18400 done in 13 ms (11.6 ms network on the GPU, 1.4 ms waiting for the capture; history off, zero-copy)
timing (avg of 200 jobs): worker wall 13.9 ms = queued 0.0 + inputs 0.0 + wait-for-capture 2.1 + network 11.8 + flag+sync 0.1; flag readback 0.08 | game queue: capture copies 0.02, spin waiting on us 11.9, residual copy+apply 0.07 | present period 19.1 ms
