RadeonDeveloperPanelCLI - Profiling (RGP) Mode
========================================
[DevDriver] Failed to query AMD driver service name - STATUS_INVALID_PARAMETER (0xc000000d)
[ERROR] [Driver Experiments Manager] (PID:0) Failed to query driver settings blob for Vulkan.
Capture API initialized successfully
Profiling (RGP) feature enabled (auto-capture enabled)
Waiting for GPU application to connect...
Process filter: order_counter
Press Ctrl+C to exit.

Auto-capture enabled, waiting for capture to complete...
Connecting to process: D:\DLSSNR-Lab\hip-backend\wmma-groups-gap\order_counter.exe (PID: 21972)
[INFO] [RGP Trace Source] (PID:21972) Client connected [962 HIP]
[INFO] [RGP Trace Source] (PID:21972) Client reached init state [962 HIP]
[Status] Disconnected
[INFO] [RGP Trace Source] (PID:21972) Initialized new client [962 HIP]
[Status] Ready for capture
[INFO] [RGP Trace Source] (PID:21972) Client reached POSTDEVICEINIT state [962 HIP]
[INFO] [RGP Trace Source] (PID:21972) Successfully updated config [962 HIP]
[INFO] [RGP Trace Source] (PID:21972) Successfully queried SPM counters [962 HIP]
[INFO] [RGP Trace Source] (PID:21972) Successfully updated config [962 HIP]
[INFO] [RGP Trace Source] (PID:21972) Successfully set clocks to peak [962 HIP]

  [>                                       ]   0%   [INFO] [RGP Trace Source] (PID:21972) Successfully requested trace [962 HIP]


[Status] Capturing
[Status] Dumping trace data

  [>                                       ]   0%  0.0 / 7.1 MB
  [>                                       ]   0%  0.1 / 7.1 MB
  [>                                       ]   1%  0.1 / 7.1 MB
  [#>                                      ]   2%  0.2 / 7.1 MB
  [#>                                      ]   3%  0.2 / 7.1 MB
  [#>                                      ]   4%  0.3 / 7.1 MB
  [##>                                     ]   5%  0.4 / 7.1 MB
  [##>                                     ]   6%  0.4 / 7.1 MB
  [##>                                     ]   7%  0.5 / 7.1 MB
  [###>                                    ]   7%  0.6 / 7.1 MB
  [###>                                    ]   8%  0.6 / 7.1 MB
  [###>                                    ]   9%  0.7 / 7.1 MB
  [####>                                   ]  10%  0.8 / 7.1 MB
  [####>                                   ]  11%  0.8 / 7.1 MB
  [####>                                   ]  12%  0.9 / 7.1 MB
  [#####>                                  ]  13%  0.9 / 7.1 MB
  [#####>                                  ]  14%  1.0 / 7.1 MB
  [######>                                 ]  15%  1.1 / 7.1 MB
  [######>                                 ]  15%  1.1 / 7.1 MB
  [######>                                 ]  16%  1.2 / 7.1 MB
  [#######>                                ]  17%  1.2 / 7.1 MB
  [#######>                                ]  18%  1.3 / 7.1 MB
  [#######>                                ]  19%  1.4 / 7.1 MB
  [########>                               ]  20%  1.4 / 7.1 MB
  [########>                               ]  21%  1.5 / 7.1 MB
  [########>                               ]  22%  1.6 / 7.1 MB
  [#########>                              ]  22%  1.6 / 7.1 MB
  [#########>                              ]  23%  1.7 / 7.1 MB
  [#########>                              ]  24%  1.8 / 7.1 MB
  [##########>                             ]  25%  1.8 / 7.1 MB
  [##########>                             ]  26%  1.9 / 7.1 MB
  [##########>                             ]  27%  1.9 / 7.1 MB
  [###########>                            ]  28%  2.0 / 7.1 MB
  [###########>                            ]  29%  2.1 / 7.1 MB
  [############>                           ]  30%  2.1 / 7.1 MB
  [############>                           ]  30%  2.2 / 7.1 MB
  [############>                           ]  31%  2.2 / 7.1 MB
  [#############>                          ]  32%  2.3 / 7.1 MB
  [#############>                          ]  33%  2.4 / 7.1 MB
  [#############>                          ]  34%  2.4 / 7.1 MB
  [##############>                         ]  35%  2.5 / 7.1 MB
  [##############>                         ]  36%  2.6 / 7.1 MB
  [##############>                         ]  37%  2.6 / 7.1 MB
  [###############>                        ]  38%  2.7 / 7.1 MB
  [###############>                        ]  38%  2.8 / 7.1 MB
  [###############>                        ]  39%  2.8 / 7.1 MB
  [################>                       ]  40%  2.9 / 7.1 MB
  [################>                       ]  41%  2.9 / 7.1 MB
  [################>                       ]  42%  3.0 / 7.1 MB
  [#################>                      ]  43%  3.1 / 7.1 MB
  [#################>                      ]  44%  3.1 / 7.1 MB
  [##################>                     ]  45%  3.2 / 7.1 MB
  [##################>                     ]  45%  3.2 / 7.1 MB
  [##################>                     ]  46%  3.3 / 7.1 MB
  [###################>                    ]  47%  3.4 / 7.1 MB
  [###################>                    ]  48%  3.4 / 7.1 MB
  [###################>                    ]  49%  3.5 / 7.1 MB
  [####################>                   ]  50%  3.6 / 7.1 MB
  [####################>                   ]  51%  3.6 / 7.1 MB
  [####################>                   ]  52%  3.7 / 7.1 MB
  [#####################>                  ]  53%  3.8 / 7.1 MB
  [#####################>                  ]  53%  3.8 / 7.1 MB
  [#####################>                  ]  54%  3.9 / 7.1 MB
  [######################>                 ]  55%  3.9 / 7.1 MB
  [######################>                 ]  56%  4.0 / 7.1 MB
  [######################>                 ]  57%  4.1 / 7.1 MB
  [#######################>                ]  58%  4.1 / 7.1 MB
  [#######################>                ]  59%  4.2 / 7.1 MB
  [########################>               ]  60%  4.2 / 7.1 MB
  [########################>               ]  60%  4.3 / 7.1 MB
  [########################>               ]  61%  4.4 / 7.1 MB
  [#########################>              ]  62%  4.4 / 7.1 MB
  [#########################>              ]  63%  4.5 / 7.1 MB
  [#########################>              ]  64%  4.6 / 7.1 MB
  [##########################>             ]  65%  4.6 / 7.1 MB
  [##########################>             ]  66%  4.7 / 7.1 MB
  [##########################>             ]  67%  4.8 / 7.1 MB
  [###########################>            ]  68%  4.8 / 7.1 MB
  [###########################>            ]  68%  4.9 / 7.1 MB
  [###########################>            ]  69%  4.9 / 7.1 MB
  [############################>           ]  70%  5.0 / 7.1 MB
  [############################>           ]  71%  5.1 / 7.1 MB
  [############################>           ]  72%  5.1 / 7.1 MB
  [#############################>          ]  73%  5.2 / 7.1 MB
  [#############################>          ]  74%  5.2 / 7.1 MB
  [##############################>         ]  75%  5.3 / 7.1 MB
  [##############################>         ]  76%  5.4 / 7.1 MB
  [##############################>         ]  76%  5.4 / 7.1 MB
  [###############################>        ]  77%  5.5 / 7.1 MB
  [###############################>        ]  78%  5.6 / 7.1 MB
  [###############################>        ]  79%  5.6 / 7.1 MB
  [################################>       ]  80%  5.7 / 7.1 MB
  [################################>       ]  81%  5.8 / 7.1 MB
  [################################>       ]  82%  5.8 / 7.1 MB
  [#################################>      ]  83%  5.9 / 7.1 MB
  [#################################>      ]  83%  5.9 / 7.1 MB
  [#################################>      ]  84%  6.0 / 7.1 MB
  [##################################>     ]  85%  6.1 / 7.1 MB
  [##################################>     ]  86%  6.1 / 7.1 MB
  [###################################>    ]  87%  6.2 / 7.1 MB
  [###################################>    ]  88%  6.2 / 7.1 MB
  [###################################>    ]  89%  6.3 / 7.1 MB
  [####################################>   ]  90%  6.4 / 7.1 MB
  [####################################>   ]  91%  6.4 / 7.1 MB
  [####################################>   ]  91%  6.5 / 7.1 MB
  [#####################################>  ]  92%  6.6 / 7.1 MB
  [#####################################>  ]  93%  6.6 / 7.1 MB
  [#####################################>  ]  94%  6.7 / 7.1 MB
  [######################################> ]  95%  6.8 / 7.1 MB
  [######################################> ]  96%  6.8 / 7.1 MB
  [######################################> ]  97%  6.9 / 7.1 MB
  [#######################################>]  98%  6.9 / 7.1 MB
  [#######################################>]  98%  7.0 / 7.1 MB
  [#######################################>]  99%  7.1 / 7.1 MB
  [########################################] 100%  7.1 / 7.1 MB   [INFO] [RGP Trace Source] (PID:21972) Successfully collected and dumped trace [962 HIP]
[INFO] [RGP Trace Source] (PID:21972) Successfully wrote additional chunks [962 HIP]


[Status] Done
[Status] Processing trace data

  [>                                       ]   0%  Processing counter data...
  [#>                                      ]   3%  Processing counter data...
  [##>                                     ]   6%  Processing counter data...
  [###>                                    ]   9%  Processing counter data...
  [#####>                                  ]  12%  Processing counter data...
  [######>                                 ]  16%  Processing counter data...
  [#######>                                ]  19%  Processing counter data...
  [#########>                              ]  22%  Processing counter data...
  [##########>                             ]  25%  Processing counter data...
  [###########>                            ]  29%  Processing counter data...
  [############>                           ]  32%  Processing counter data...
  [##############>                         ]  35%  Processing counter data...
  [###############>                        ]  38%  Processing counter data...
  [################>                       ]  41%  Processing counter data...
  [##################>                     ]  45%  Processing counter data...
  [###################>                    ]  48%  Processing counter data...
  [####################>                   ]  51%  Processing counter data...
  [#####################>                  ]  54%  Processing counter data...
  [#######################>                ]  58%  Processing counter data...
  [########################>               ]  61%  Processing counter data...
  [#########################>              ]  64%  Processing counter data...
  [###########################>            ]  67%  Processing counter data...
  [############################>           ]  70%  Processing counter data...
  [#############################>          ]  74%  Processing counter data...
  [##############################>         ]  77%  Processing counter data...
  [################################>       ]  80%  Processing counter data...
  [#################################>      ]  83%  Processing counter data...
  [##################################>     ]  87%  Processing counter data...
  [####################################>   ]  90%  Processing counter data...
  [#####################################>  ]  93%  Processing counter data...
  [######################################> ]  96%  Processing counter data...
  [########################################] 100%  Processing counter data...   [INFO] [RGP Trace Source] (PID:0) Successfully processed derived counters for 2


[Status] Done
Profiling (RGP) trace completed successfully! Size: 7850623 bytes
Trace saved to: D:\DLSSNR-Lab\hip-backend\wmma-groups-gap\counter-order-129\trace.rgp
Size: 7850623 bytes
[INFO] [RGP Trace Source] (PID:21972) Successfully restored clocks [962 HIP]
[INFO] [RGP Trace Source] (PID:21972) Client disconnected [962 HIP]
[INFO] [RGP Trace Source] (PID:21972) Finished disconnecting client [962 HIP]
[Status] Disconnected
Done!
