RadeonDeveloperPanelCLI - Profiling (RGP) Mode
========================================
[DevDriver] Failed to query AMD driver service name - STATUS_INVALID_PARAMETER (0xc000000d)
[ERROR] [Driver Experiments Manager] (PID:0) Failed to query driver settings blob for Vulkan.
Capture API initialized successfully
Profiling (RGP) feature enabled (auto-capture enabled)
Waiting for GPU application to connect...
Process filter: groups_counter
Press Ctrl+C to exit.

Auto-capture enabled, waiting for capture to complete...
Connecting to process: D:\DLSSNR-Lab\hip-backend\wmma-groups-gap\groups_counter.exe (PID: 5552)
[INFO] [RGP Trace Source] (PID:5552) Client connected [1752 HIP]
[INFO] [RGP Trace Source] (PID:5552) Client reached init state [1752 HIP]
[Status] Disconnected
[INFO] [RGP Trace Source] (PID:5552) Initialized new client [1752 HIP]
[Status] Ready for capture
[INFO] [RGP Trace Source] (PID:5552) Client reached POSTDEVICEINIT state [1752 HIP]
[INFO] [RGP Trace Source] (PID:5552) Successfully updated config [1752 HIP]
[INFO] [RGP Trace Source] (PID:5552) Successfully queried SPM counters [1752 HIP]
[INFO] [RGP Trace Source] (PID:5552) Successfully updated config [1752 HIP]
[INFO] [RGP Trace Source] (PID:5552) Successfully set clocks to peak [1752 HIP]

  [>                                       ]   0%   [INFO] [RGP Trace Source] (PID:5552) Successfully requested trace [1752 HIP]


[Status] Capturing

  [>                                       ]   0%  0.0 / 6.1 MB

[Status] Dumping trace data

  [>                                       ]   1%  0.1 / 6.1 MB
  [>                                       ]   2%  0.1 / 6.1 MB
  [#>                                      ]   3%  0.2 / 6.1 MB
  [#>                                      ]   4%  0.2 / 6.1 MB
  [##>                                     ]   5%  0.3 / 6.1 MB
  [##>                                     ]   6%  0.4 / 6.1 MB
  [##>                                     ]   7%  0.4 / 6.1 MB
  [###>                                    ]   8%  0.5 / 6.1 MB
  [###>                                    ]   9%  0.6 / 6.1 MB
  [####>                                   ]  10%  0.6 / 6.1 MB
  [####>                                   ]  11%  0.7 / 6.1 MB
  [####>                                   ]  12%  0.8 / 6.1 MB
  [#####>                                  ]  13%  0.8 / 6.1 MB
  [#####>                                  ]  14%  0.9 / 6.1 MB
  [######>                                 ]  15%  0.9 / 6.1 MB
  [######>                                 ]  16%  1.0 / 6.1 MB
  [######>                                 ]  17%  1.1 / 6.1 MB
  [#######>                                ]  18%  1.1 / 6.1 MB
  [#######>                                ]  19%  1.2 / 6.1 MB
  [########>                               ]  20%  1.2 / 6.1 MB
  [########>                               ]  21%  1.3 / 6.1 MB
  [#########>                              ]  22%  1.4 / 6.1 MB
  [#########>                              ]  23%  1.4 / 6.1 MB
  [#########>                              ]  24%  1.5 / 6.1 MB
  [##########>                             ]  25%  1.6 / 6.1 MB
  [##########>                             ]  26%  1.6 / 6.1 MB
  [###########>                            ]  27%  1.7 / 6.1 MB
  [###########>                            ]  28%  1.8 / 6.1 MB
  [###########>                            ]  29%  1.8 / 6.1 MB
  [############>                           ]  30%  1.9 / 6.1 MB
  [############>                           ]  31%  1.9 / 6.1 MB
  [#############>                          ]  32%  2.0 / 6.1 MB
  [#############>                          ]  33%  2.1 / 6.1 MB
  [#############>                          ]  34%  2.1 / 6.1 MB
  [##############>                         ]  35%  2.2 / 6.1 MB
  [##############>                         ]  36%  2.2 / 6.1 MB
  [###############>                        ]  38%  2.3 / 6.1 MB
  [###############>                        ]  39%  2.4 / 6.1 MB
  [################>                       ]  40%  2.4 / 6.1 MB
  [################>                       ]  41%  2.5 / 6.1 MB
  [################>                       ]  42%  2.6 / 6.1 MB
  [#################>                      ]  43%  2.6 / 6.1 MB
  [#################>                      ]  44%  2.7 / 6.1 MB
  [##################>                     ]  45%  2.8 / 6.1 MB
  [##################>                     ]  46%  2.8 / 6.1 MB
  [##################>                     ]  47%  2.9 / 6.1 MB
  [###################>                    ]  48%  2.9 / 6.1 MB
  [###################>                    ]  49%  3.0 / 6.1 MB
  [####################>                   ]  50%  3.1 / 6.1 MB
  [####################>                   ]  51%  3.1 / 6.1 MB
  [####################>                   ]  52%  3.2 / 6.1 MB
  [#####################>                  ]  53%  3.2 / 6.1 MB
  [#####################>                  ]  54%  3.3 / 6.1 MB
  [######################>                 ]  55%  3.4 / 6.1 MB
  [######################>                 ]  56%  3.4 / 6.1 MB
  [#######################>                ]  57%  3.5 / 6.1 MB
  [#######################>                ]  58%  3.6 / 6.1 MB
  [#######################>                ]  59%  3.6 / 6.1 MB
  [########################>               ]  60%  3.7 / 6.1 MB
  [########################>               ]  61%  3.8 / 6.1 MB
  [#########################>              ]  62%  3.8 / 6.1 MB
  [#########################>              ]  63%  3.9 / 6.1 MB
  [#########################>              ]  64%  3.9 / 6.1 MB
  [##########################>             ]  65%  4.0 / 6.1 MB
  [##########################>             ]  66%  4.1 / 6.1 MB
  [###########################>            ]  67%  4.1 / 6.1 MB
  [###########################>            ]  68%  4.2 / 6.1 MB
  [###########################>            ]  69%  4.2 / 6.1 MB
  [############################>           ]  70%  4.3 / 6.1 MB
  [############################>           ]  71%  4.4 / 6.1 MB
  [#############################>          ]  72%  4.4 / 6.1 MB
  [#############################>          ]  73%  4.5 / 6.1 MB
  [#############################>          ]  74%  4.6 / 6.1 MB
  [##############################>         ]  76%  4.6 / 6.1 MB
  [##############################>         ]  77%  4.7 / 6.1 MB
  [###############################>        ]  78%  4.8 / 6.1 MB
  [###############################>        ]  79%  4.8 / 6.1 MB
  [################################>       ]  80%  4.9 / 6.1 MB
  [################################>       ]  81%  4.9 / 6.1 MB
  [################################>       ]  82%  5.0 / 6.1 MB
  [#################################>      ]  83%  5.1 / 6.1 MB
  [#################################>      ]  84%  5.1 / 6.1 MB
  [##################################>     ]  85%  5.2 / 6.1 MB
  [##################################>     ]  86%  5.2 / 6.1 MB
  [##################################>     ]  87%  5.3 / 6.1 MB
  [###################################>    ]  88%  5.4 / 6.1 MB
  [###################################>    ]  89%  5.4 / 6.1 MB
  [####################################>   ]  90%  5.5 / 6.1 MB
  [####################################>   ]  91%  5.6 / 6.1 MB
  [####################################>   ]  92%  5.6 / 6.1 MB
  [#####################################>  ]  93%  5.7 / 6.1 MB
  [#####################################>  ]  94%  5.8 / 6.1 MB
  [######################################> ]  95%  5.8 / 6.1 MB
  [######################################> ]  96%  5.9 / 6.1 MB
  [#######################################>]  97%  5.9 / 6.1 MB
  [#######################################>]  98%  6.0 / 6.1 MB
  [#######################################>]  99%  6.1 / 6.1 MB
  [########################################] 100%  6.1 / 6.1 MB   [INFO] [RGP Trace Source] (PID:5552) Successfully collected and dumped trace [1752 HIP]
[INFO] [RGP Trace Source] (PID:5552) Successfully wrote additional chunks [1752 HIP]


[Status] Done
[Status] Processing trace data

  [>                                       ]   0%  Processing counter data...
  [#>                                      ]   3%  Processing counter data...
  [##>                                     ]   6%  Processing counter data...
  [###>                                    ]   9%  Processing counter data...
  [#####>                                  ]  12%  Processing counter data...
  [######>                                 ]  16%  Processing counter data...
  [#######>                                ]  19%  Processing counter data...
  [#########>                              ]  22%  Processing counter data...
  [##########>                             ]  25%  Processing counter data...
  [###########>                            ]  29%  Processing counter data...
  [############>                           ]  32%  Processing counter data...
  [##############>                         ]  35%  Processing counter data...
  [###############>                        ]  38%  Processing counter data...
  [################>                       ]  41%  Processing counter data...
  [##################>                     ]  45%  Processing counter data...
  [###################>                    ]  48%  Processing counter data...
  [####################>                   ]  51%  Processing counter data...
  [#####################>                  ]  54%  Processing counter data...
  [#######################>                ]  58%  Processing counter data...
  [########################>               ]  61%  Processing counter data...
  [#########################>              ]  64%  Processing counter data...
  [###########################>            ]  67%  Processing counter data...
  [############################>           ]  70%  Processing counter data...
  [#############################>          ]  74%  Processing counter data...
  [##############################>         ]  77%  Processing counter data...
  [################################>       ]  80%  Processing counter data...
  [#################################>      ]  83%  Processing counter data...
  [##################################>     ]  87%  Processing counter data...
  [####################################>   ]  90%  Processing counter data...
  [#####################################>  ]  93%  Processing counter data...
  [######################################> ]  96%  Processing counter data...
  [########################################] 100%  Processing counter data...   [INFO] [RGP Trace Source] (PID:0) Successfully processed derived counters for 2


Profiling (RGP) trace completed successfully! Size: 6752838 bytes
[Status] Done
Trace saved to: D:\DLSSNR-Lab\hip-backend\wmma-groups-gap\counter-mat_m2\trace.rgp
Size: 6752838 bytes
[INFO] [RGP Trace Source] (PID:5552) Successfully restored clocks [1752 HIP]
[INFO] [RGP Trace Source] (PID:5552) Client disconnected [1752 HIP]
[INFO] [RGP Trace Source] (PID:5552) Finished disconnecting client [1752 HIP]
[Status] Disconnected
Done!
