{"tag":"base-900-0","mean_ms":15.369090909090909,"sha":"75AABA5EF94368353F3F17C034B53918151AA2EBC98FF870B2A057D08AE910AB"}
{"tag":"candidate-900-0","mean_ms":14.564363636363636,"sha":"75AABA5EF94368353F3F17C034B53918151AA2EBC98FF870B2A057D08AE910AB"}
{"tag":"base-900-1","mean_ms":14.846818181818184,"sha":"5104F039569FE20C0EDCAB1FB68D56DB041406F3DDB38FC49DD2DD1D1EC636D1"}
{"tag":"candidate-900-1","mean_ms":14.877000000000004,"sha":"5104F039569FE20C0EDCAB1FB68D56DB041406F3DDB38FC49DD2DD1D1EC636D1"}
{"tag":"time-900-0","mean_ms":12.951595000000008,"sha":"75AABA5EF94368353F3F17C034B53918151AA2EBC98FF870B2A057D08AE910AB"}
{"tag":"time-900-1","mean_ms":12.720279999999995,"sha":"75AABA5EF94368353F3F17C034B53918151AA2EBC98FF870B2A057D08AE910AB"}
{"tag":"time-900-2","mean_ms":12.757517499999985,"sha":"75AABA5EF94368353F3F17C034B53918151AA2EBC98FF870B2A057D08AE910AB"}
{"tag":"time-900-3","mean_ms":13.071590000000008,"sha":"75AABA5EF94368353F3F17C034B53918151AA2EBC98FF870B2A057D08AE910AB"}
{"tag":"base-1080-0","mean_ms":20.096454545454545,"sha":"1DE20C219105CC281CBA1364A0A21D0DDC4510A95458EC0CA3B8C893EA54F23A"}
{"tag":"candidate-1080-0","mean_ms":19.637909090909091,"sha":"1DE20C219105CC281CBA1364A0A21D0DDC4510A95458EC0CA3B8C893EA54F23A"}
{"tag":"base-1080-1","mean_ms":19.834545454545456,"sha":"3D1B0382BD68F589EF9E7498380B0C9FE63C7A2F41CEA252BEDD216973A17E21"}
{"tag":"candidate-1080-1","mean_ms":19.408,"sha":"3D1B0382BD68F589EF9E7498380B0C9FE63C7A2F41CEA252BEDD216973A17E21"}
{"tag":"time-1080-0","mean_ms":18.396916250000007,"sha":"1DE20C219105CC281CBA1364A0A21D0DDC4510A95458EC0CA3B8C893EA54F23A"}
{"tag":"time-1080-1","mean_ms":17.998733749999971,"sha":"1DE20C219105CC281CBA1364A0A21D0DDC4510A95458EC0CA3B8C893EA54F23A"}
{"tag":"time-1080-2","mean_ms":17.98515625000001,"sha":"1DE20C219105CC281CBA1364A0A21D0DDC4510A95458EC0CA3B8C893EA54F23A"}
{"tag":"time-1080-3","mean_ms":18.459350000000022,"sha":"1DE20C219105CC281CBA1364A0A21D0DDC4510A95458EC0CA3B8C893EA54F23A"}
{"tag":"extra-720-motion-False","mean_ms":10.563,"sha":"9B53BE7A73C0D397DC56BF5810778E69D123BFD81C48FCDBCB642526361A5F53"}
{"tag":"extra-720-motion-True","mean_ms":10.142999999999999,"sha":"9B53BE7A73C0D397DC56BF5810778E69D123BFD81C48FCDBCB642526361A5F53"}
{"tag":"extra-900-history-False","mean_ms":15.322636363636365,"sha":"5F2D6F1AD1EA8B295A52A95AC2C9BFC9E056D613E6FD889E2A2060FB36085CED"}
{"tag":"extra-900-history-True","mean_ms":15.013181818181819,"sha":"5F2D6F1AD1EA8B295A52A95AC2C9BFC9E056D613E6FD889E2A2060FB36085CED"}
{"tag":"extra-900-float-in-False","mean_ms":15.334000000000001,"sha":"5104F039569FE20C0EDCAB1FB68D56DB041406F3DDB38FC49DD2DD1D1EC636D1"}
{"tag":"extra-900-float-in-True","mean_ms":15.324000000000002,"sha":"5104F039569FE20C0EDCAB1FB68D56DB041406F3DDB38FC49DD2DD1D1EC636D1"}
{"tag":"extra-900-float-feature-False","mean_ms":16.55890909090909,"sha":"5104F039569FE20C0EDCAB1FB68D56DB041406F3DDB38FC49DD2DD1D1EC636D1"}
{"tag":"extra-900-float-feature-True","mean_ms":15.380818181818183,"sha":"5104F039569FE20C0EDCAB1FB68D56DB041406F3DDB38FC49DD2DD1D1EC636D1"}
EXTRA EXIT 0
DONE 0
