CONTEXT plain_ab slot=0 mode=0 marked=0 wall=12.820250 segment=0.000000 bitdiff=0
CONTEXT plain_ab slot=1 mode=1 marked=0 wall=12.823425 segment=0.000000 bitdiff=0
CONTEXT plain_ab slot=2 mode=1 marked=0 wall=12.800194 segment=0.000000 bitdiff=0
CONTEXT plain_ab slot=3 mode=0 marked=0 wall=12.800525 segment=0.000000 bitdiff=0
CONTEXT plain_ab slot=4 mode=0 marked=0 wall=12.780319 segment=0.000000 bitdiff=0
CONTEXT plain_ab slot=5 mode=1 marked=0 wall=12.836431 segment=0.000000 bitdiff=0
CONTEXT plain_ab slot=6 mode=1 marked=0 wall=12.801581 segment=0.000000 bitdiff=0
CONTEXT plain_ab slot=7 mode=0 marked=0 wall=12.785756 segment=0.000000 bitdiff=0
CONTEXT marked_ab slot=0 mode=0 marked=1 wall=12.908144 segment=1.274848 bitdiff=0
CONTEXT marked_ab slot=1 mode=1 marked=1 wall=12.885550 segment=1.272147 bitdiff=0
CONTEXT marked_ab slot=2 mode=1 marked=1 wall=12.894012 segment=1.267156 bitdiff=0
CONTEXT marked_ab slot=3 mode=0 marked=1 wall=12.913056 segment=1.266186 bitdiff=0
CONTEXT marked_ab slot=4 mode=0 marked=1 wall=12.941594 segment=1.276291 bitdiff=0
CONTEXT marked_ab slot=5 mode=1 marked=1 wall=12.913963 segment=1.270023 bitdiff=0
CONTEXT marked_ab slot=6 mode=1 marked=1 wall=12.946919 segment=1.264244 bitdiff=0
CONTEXT marked_ab slot=7 mode=0 marked=1 wall=12.953219 segment=1.273524 bitdiff=0
CONTEXT marker_base slot=0 mode=0 marked=0 wall=12.886388 segment=0.000000 bitdiff=0
CONTEXT marker_base slot=1 mode=0 marked=1 wall=12.971037 segment=1.272832 bitdiff=0
CONTEXT marker_base slot=2 mode=0 marked=1 wall=12.977344 segment=1.269814 bitdiff=0
CONTEXT marker_base slot=3 mode=0 marked=0 wall=12.862213 segment=0.000000 bitdiff=0
CONTEXT marker_base slot=4 mode=0 marked=0 wall=12.856475 segment=0.000000 bitdiff=0
CONTEXT marker_base slot=5 mode=0 marked=1 wall=12.927344 segment=1.282274 bitdiff=0
CONTEXT marker_base slot=6 mode=0 marked=1 wall=12.958887 segment=1.277343 bitdiff=0
CONTEXT marker_base slot=7 mode=0 marked=0 wall=12.867769 segment=0.000000 bitdiff=0
CONTEXT marker_candidate slot=0 mode=1 marked=0 wall=12.876675 segment=0.000000 bitdiff=0
CONTEXT marker_candidate slot=1 mode=1 marked=1 wall=12.911488 segment=1.270773 bitdiff=0
CONTEXT marker_candidate slot=2 mode=1 marked=1 wall=12.938369 segment=1.270099 bitdiff=0
CONTEXT marker_candidate slot=3 mode=1 marked=0 wall=12.833794 segment=0.000000 bitdiff=0
CONTEXT marker_candidate slot=4 mode=1 marked=0 wall=12.841250 segment=0.000000 bitdiff=0
CONTEXT marker_candidate slot=5 mode=1 marked=1 wall=12.915169 segment=1.267368 bitdiff=0
CONTEXT marker_candidate slot=6 mode=1 marked=1 wall=12.947031 segment=1.266275 bitdiff=0
CONTEXT marker_candidate slot=7 mode=1 marked=0 wall=12.853669 segment=0.000000 bitdiff=0
PASS ViT real-context timing
