GPU benchmark guard: idle
GPU benchmark guard: idle
GPU benchmark guard: idle
{"tag":"extra-720-motion-False","mean_ms":11.345909090909091,"sha":"9B53BE7A73C0D397DC56BF5810778E69D123BFD81C48FCDBCB642526361A5F53"}
GPU benchmark guard: idle
GPU benchmark guard: idle
{"tag":"extra-720-motion-True","mean_ms":10.708454545454545,"sha":"9B53BE7A73C0D397DC56BF5810778E69D123BFD81C48FCDBCB642526361A5F53"}
GPU benchmark guard: idle
GPU benchmark guard: idle
{"tag":"extra-900-history-False","mean_ms":14.82609090909091,"sha":"5F2D6F1AD1EA8B295A52A95AC2C9BFC9E056D613E6FD889E2A2060FB36085CED"}
GPU benchmark guard: idle
GPU benchmark guard: idle
{"tag":"extra-900-history-True","mean_ms":13.933090909090907,"sha":"5F2D6F1AD1EA8B295A52A95AC2C9BFC9E056D613E6FD889E2A2060FB36085CED"}
GPU benchmark guard: idle
GPU benchmark guard: idle
{"tag":"extra-900-float-in-False","mean_ms":14.322545454545455,"sha":"5104F039569FE20C0EDCAB1FB68D56DB041406F3DDB38FC49DD2DD1D1EC636D1"}
GPU benchmark guard: idle
GPU benchmark guard: idle
{"tag":"extra-900-float-in-True","mean_ms":14.183454545454545,"sha":"5104F039569FE20C0EDCAB1FB68D56DB041406F3DDB38FC49DD2DD1D1EC636D1"}
GPU benchmark guard: idle
GPU benchmark guard: idle
{"tag":"extra-900-float-feature-False","mean_ms":15.862909090909087,"sha":"5104F039569FE20C0EDCAB1FB68D56DB041406F3DDB38FC49DD2DD1D1EC636D1"}
GPU benchmark guard: idle
GPU benchmark guard: idle
{"tag":"extra-900-float-feature-True","mean_ms":16.470818181818181,"sha":"5104F039569FE20C0EDCAB1FB68D56DB041406F3DDB38FC49DD2DD1D1EC636D1"}
