GPU benchmark guard: idle
GPU benchmark guard: idle
GPU benchmark guard: idle
{"tag":"base-900-0","mean_ms":14.025727272727272,"sha":"75AABA5EF94368353F3F17C034B53918151AA2EBC98FF870B2A057D08AE910AB"}
GPU benchmark guard: idle
GPU benchmark guard: idle
{"tag":"candidate-900-0","mean_ms":14.624909090909092,"sha":"75AABA5EF94368353F3F17C034B53918151AA2EBC98FF870B2A057D08AE910AB"}
GPU benchmark guard: idle
GPU benchmark guard: idle
{"tag":"base-900-1","mean_ms":13.913818181818181,"sha":"5104F039569FE20C0EDCAB1FB68D56DB041406F3DDB38FC49DD2DD1D1EC636D1"}
GPU benchmark guard: idle
GPU benchmark guard: idle
{"tag":"candidate-900-1","mean_ms":14.515272727272729,"sha":"5104F039569FE20C0EDCAB1FB68D56DB041406F3DDB38FC49DD2DD1D1EC636D1"}
GPU benchmark guard: idle
GPU benchmark guard: idle
{"tag":"base-1080-0","mean_ms":20.435545454545455,"sha":"1DE20C219105CC281CBA1364A0A21D0DDC4510A95458EC0CA3B8C893EA54F23A"}
GPU benchmark guard: idle
GPU benchmark guard: idle
{"tag":"candidate-1080-0","mean_ms":19.299818181818182,"sha":"1DE20C219105CC281CBA1364A0A21D0DDC4510A95458EC0CA3B8C893EA54F23A"}
GPU benchmark guard: idle
GPU benchmark guard: idle
{"tag":"base-1080-1","mean_ms":20.119727272727275,"sha":"3D1B0382BD68F589EF9E7498380B0C9FE63C7A2F41CEA252BEDD216973A17E21"}
GPU benchmark guard: idle
GPU benchmark guard: idle
{"tag":"candidate-1080-1","mean_ms":19.412272727272729,"sha":"3D1B0382BD68F589EF9E7498380B0C9FE63C7A2F41CEA252BEDD216973A17E21"}
